******************************************************************************
                  TI ARM Linker PC v5.1.5                      
******************************************************************************
>> Linked Fri May 02 13:07:39 2014

OUTPUT FILE NAME:   <quadGloveRemote.out>
ENTRY POINT SYMBOL: "_c_int00"  address: 00004059


MEMORY CONFIGURATION

         name            origin    length      used     unused   attr    fill
----------------------  --------  ---------  --------  --------  ----  --------
  FLASH                 00000000   00040000  0000495a  0003b6a6  R  X
  SRAM                  20000000   00008000  000003a1  00007c5f  RW X


SEGMENT ALLOCATION MAP

run origin  load origin   length   init length attrs members
----------  ----------- ---------- ----------- ----- -------
00000000    00000000    00004960   00004960    r-x
  00000000    00000000    0000026c   0000026c    r-- .intvecs
  0000026c    0000026c    0000427c   0000427c    r-x .text
  000044e8    000044e8    000003da   000003da    r-- .const
  000048c8    000048c8    00000098   00000098    r-- .cinit
20000000    20000000    000003a1   00000000    rw-
  20000000    20000000    00000200   00000000    rw- .stack
  20000200    20000200    000000f4   00000000    rw- .data
  200002f4    200002f4    000000ad   00000000    rw- .bss


SECTION ALLOCATION MAP

 output                                  attributes/
section   page    origin      length       input sections
--------  ----  ----------  ----------   ----------------
.intvecs   0    00000000    0000026c     
                  00000000    0000026c     lm4f120h5qr_startup_ccs.obj (.intvecs)

.init_array 
*          0    00000000    00000000     UNINITIALIZED

.text      0    0000026c    0000427c     
                  0000026c    00000f68     main.obj (.text)
                  000011d4    00000c84     ustdlib.obj (.text)
                  00001e58    00000a8c     lcd.obj (.text)
                  000028e4    0000049c     uartstdio.obj (.text)
                  00002d80    00000410     i2c.obj (.text)
                  00003190    000001b6     rtsv7M4_T_le_v4SPD16_eabi.lib : fd_add_t2.obj (.text)
                  00003346    00000002     --HOLE-- [fill = 0]
                  00003348    0000014c     scheduler.obj (.text)
                  00003494    00000136     rtsv7M4_T_le_v4SPD16_eabi.lib : fd_div_t2.obj (.text)
                  000035ca    00000130     driverlib.lib : gpio.obj (.text:GPIOPadConfigSet)
                  000036fa    0000011e     adxl345.obj (.text)
                  00003818    00000118     driverlib.lib : sysctl.obj (.text:SysCtlClockGet)
                  00003930    000000fc     rtsv7M4_T_le_v4SPD16_eabi.lib : fd_mul_t2.obj (.text)
                  00003a2c    000000f0     driverlib.lib : sysctl.obj (.text:SysCtlClockSet)
                  00003b1c    000000d8     rtsv7M4_T_le_v4SPD16_eabi.lib : atan2f.obj (.text)
                  00003bf4    000000c8     itg3200.obj (.text)
                  00003cbc    000000a8     rtsv7M4_T_le_v4SPD16_eabi.lib : xfatan.obj (.text)
                  00003d64    0000009c                                   : memcpy_t2.obj (.text)
                  00003e00    00000094                                   : auto_init.obj (.text)
                  00003e94    0000008c     hmc5883l.obj (.text)
                  00003f20    0000005e     rtsv7M4_T_le_v4SPD16_eabi.lib : copy_decompress_rle.obj (.text)
                  00003f7e    0000004a                                   : fd_tos_t2.obj (.text)
                  00003fc8    00000048     driverlib.lib : gpio.obj (.text:GPIOPinConfigure)
                  00004010    00000048                   : i2c.obj (.text:I2CMasterInitExpClk)
                  00004058    00000048     rtsv7M4_T_le_v4SPD16_eabi.lib : boot.obj (.text)
                  000040a0    00000044                                   : cpy_tbl.obj (.text)
                  000040e4    00000044                                   : exit.obj (.text)
                  00004128    00000042     driverlib.lib : ssi.obj (.text:SSIConfigSetExpClk)
                  0000416a    00000042     rtsv7M4_T_le_v4SPD16_eabi.lib : u_divt2.obj (.text)
                  000041ac    00000040     driverlib.lib : uart.obj (.text:UARTConfigSetExpClk)
                  000041ec    00000038     rtsv7M4_T_le_v4SPD16_eabi.lib : fs_tod_t2.obj (.text)
                  00004224    00000034     driverlib.lib : sysctl.obj (.text:SysCtlPeripheralEnable)
                  00004258    00000034                   : sysctl.obj (.text:SysCtlPeripheralPresent)
                  0000428c    00000034     rtsv7M4_T_le_v4SPD16_eabi.lib : xfdtest.obj (.text)
                  000042c0    0000002a     driverlib.lib : gpio.obj (.text:GPIODirModeSet)
                  000042ea    00000002     --HOLE-- [fill = 0]
                  000042ec    0000001c                   : uart.obj (.text:UARTDisable)
                  00004308    00000018                   : gpio.obj (.text:GPIOPinTypeGPIOOutput)
                  00004320    00000018     rtsv7M4_T_le_v4SPD16_eabi.lib : args_main.obj (.text)
                  00004338    00000016     driverlib.lib : i2c.obj (.text:I2CMasterErr)
                  0000434e    00000002     --HOLE-- [fill = 0]
                  00004350    00000014                   : systick.obj (.text:SysTickEnable)
                  00004364    00000014                   : systick.obj (.text:SysTickIntEnable)
                  00004378    00000014                   : uart.obj (.text:UARTEnable)
                  0000438c    00000014     rtsv7M4_T_le_v4SPD16_eabi.lib : _lock.obj (.text)
                  000043a0    00000012     driverlib.lib : gpio.obj (.text:GPIOPinTypeGPIOInput)
                  000043b2    00000012                   : gpio.obj (.text:GPIOPinTypeI2C)
                  000043c4    00000012                   : gpio.obj (.text:GPIOPinTypeI2CSCL)
                  000043d6    00000012                   : gpio.obj (.text:GPIOPinTypeSSI)
                  000043e8    00000012                   : gpio.obj (.text:GPIOPinTypeUART)
                  000043fa    00000012     rtsv7M4_T_le_v4SPD16_eabi.lib : copy_zero_init.obj (.text:decompress:ZI)
                  0000440c    00000010     driverlib.lib : fpu.obj (.text:FPUEnable)
                  0000441c    00000010                   : fpu.obj (.text:FPULazyStackingEnable)
                  0000442c    00000010                   : systick.obj (.text:SysTickPeriodSet)
                  0000443c    0000000e                   : uart.obj (.text:UARTCharPutNonBlocking)
                  0000444a    0000000e     rtsv7M4_T_le_v4SPD16_eabi.lib : copy_decompress_none.obj (.text:decompress:none)
                  00004458    0000000c     driverlib.lib : cpu.obj (.text:CPUcpsie)
                  00004464    0000000c     lm4f120h5qr_startup_ccs.obj (.text)
                  00004470    0000000a     driverlib.lib : i2c.obj (.text:I2CMasterEnable)
                  0000447a    0000000a                   : interrupt.obj (.text:IntMasterEnable)
                  00004484    0000000a                   : ssi.obj (.text:SSIDataPut)
                  0000448e    0000000a                   : ssi.obj (.text:SSIEnable)
                  00004498    0000000a                   : uart.obj (.text:UARTCharGet)
                  000044a2    0000000a                   : uart.obj (.text:UARTCharPut)
                  000044ac    00000008                   : i2c.obj (.text:I2CMasterBusy)
                  000044b4    00000008                   : i2c.obj (.text:I2CMasterSlaveAddrSet)
                  000044bc    00000008                   : ssi.obj (.text:SSIBusy)
                  000044c4    00000006                   : gpio.obj (.text:GPIOPinWrite)
                  000044ca    00000006                   : sysctl.obj (.text:SysCtlDelay)
                  000044d0    00000006                   : uart.obj (.text:UARTClockSourceSet)
                  000044d6    00000006     rtsv7M4_T_le_v4SPD16_eabi.lib : copy_decompress_rle.obj (.text:decompress:rle24)
                  000044dc    00000004     driverlib.lib : i2c.obj (.text:I2CMasterControl)
                  000044e0    00000004                   : i2c.obj (.text:I2CMasterDataGet)
                  000044e4    00000004                   : i2c.obj (.text:I2CMasterDataPut)

.const     0    000044e8    000003da     
                  000044e8    000001e0     lcd.obj (.const:font_5x7)
                  000046c8    00000090     driverlib.lib : gpio.obj (.const:g_pui32GPIOBaseAddrs)
                  00004758    0000006c                   : sysctl.obj (.const:g_pui32Xtals)
                  000047c4    0000003c     lcd.obj (.const)
                  00004800    00000034     rtsv7M4_T_le_v4SPD16_eabi.lib : xfatan.obj (.const)
                  00004834    00000030     ustdlib.obj (.const:g_psDaysToMonth)
                  00004864    0000001c     uartstdio.obj (.const)
                  00004880    0000001c     ustdlib.obj (.const)
                  0000489c    00000012     uartstdio.obj (.const:.string)
                  000048ae    00000002     --HOLE-- [fill = 0]
                  000048b0    00000012     ustdlib.obj (.const:.string)

.cinit     0    000048c8    00000098     
                  000048c8    0000006e     (.cinit..data.load) [load image, compression = rle]
                  00004936    00000002     --HOLE-- [fill = 0]
                  00004938    0000000c     (__TI_handler_table)
                  00004944    00000004     --HOLE-- [fill = 0]
                  00004948    00000008     (.cinit..bss.load) [load image, compression = zero_init]
                  00004950    00000010     (__TI_cinit_table)

.stack     0    20000000    00000200     UNINITIALIZED
                  20000000    00000200     --HOLE--

.data      0    20000200    000000f4     UNINITIALIZED
                  20000200    00000068     rtsv7M4_T_le_v4SPD16_eabi.lib : xfvalues.obj (.data)
                  20000268    00000050     main.obj (.data:g_psSchedulerTable)
                  200002b8    00000018     lcd.obj (.data)
                  200002d0    00000008     rtsv7M4_T_le_v4SPD16_eabi.lib : _lock.obj (.data)
                  200002d8    00000008                                   : exit.obj (.data)
                  200002e0    00000005     uartstdio.obj (.data)
                  200002e5    00000003     --HOLE--
                  200002e8    00000004     main.obj (.data)
                  200002ec    00000004     rtsv7M4_T_le_v4SPD16_eabi.lib : stkdepth_vars.obj (.data)
                  200002f0    00000004     ustdlib.obj (.data)

.bss       0    200002f4    000000ad     UNINITIALIZED
                  200002f4    00000030     main.obj (.bss:pid$5)
                  20000324    00000024     main.obj (.bss:imu_raw)
                  20000348    00000020     (.common:imu_filtered)
                  20000368    00000018     (.common:imu_offset)
                  20000380    00000008     (.common:main_state)
                  20000388    00000008     (.common:quad_control)
                  20000390    00000004     (.common:g_ui32SchedulerTickCount)
                  20000394    00000004     (.common:lastAltitude$3)
                  20000398    00000004     (.common:lastAltitude$4)
                  2000039c    00000004     (.common:lastTime$2)
                  200003a0    00000001     (.common:lastState$1)


LINKER GENERATED COPY TABLES

__TI_cinit_table @ 00004950 records: 2, size/record: 8, table size: 16
	.data: load addr=000048c8, load size=0000006e bytes, run addr=20000200, run size=000000f4 bytes, compression=rle
	.bss: load addr=00004948, load size=00000008 bytes, run addr=200002f4, run size=000000ad bytes, compression=zero_init


LINKER GENERATED HANDLER TABLE

__TI_handler_table @ 00004938 records: 3, size/record: 4, table size: 12
	index: 0, handler: __TI_decompress_rle24
	index: 1, handler: __TI_decompress_none
	index: 2, handler: __TI_zero_init


GLOBAL SYMBOLS: SORTED ALPHABETICALLY BY Name 

address    name
--------   ----
00003805   ADXL345GetDataRate
000036fb   ADXL345GetDeviceID
000037d9   ADXL345GetRange
0000370d   ADXL345GetX
00003731   ADXL345GetY
00003755   ADXL345GetZ
00003779   ADXL345Init
000037ed   ADXL345SetDataRate
0000378d   ADXL345SetRange
00000559   AltitudeUpdate
000040e5   C$$EXIT
00004459   CPUcpsie
0000026d   ClockInit
00000445   ControlStateUpdate
0000066d   DirectionUpdate
0000440d   FPUEnable
00000277   FPUInit
0000441d   FPULazyStackingEnable
000042c1   GPIODirModeSet
000035cb   GPIOPadConfigSet
00003fc9   GPIOPinConfigure
000043a1   GPIOPinTypeGPIOInput
00004309   GPIOPinTypeGPIOOutput
000043b3   GPIOPinTypeI2C
000043c5   GPIOPinTypeI2CSCL
000043d7   GPIOPinTypeSSI
000043e9   GPIOPinTypeUART
000044c5   GPIOPinWrite
00003eb5   HMC5883LGetX
00003ed9   HMC5883LGetY
00003efd   HMC5883LGetZ
00003e95   HMC5883LInit
00002d81   I2CInit
000044ad   I2CMasterBusy
000044dd   I2CMasterControl
000044e1   I2CMasterDataGet
000044e5   I2CMasterDataPut
00004471   I2CMasterEnable
00004339   I2CMasterErr
00004011   I2CMasterInitExpClk
000044b5   I2CMasterSlaveAddrSet
00002fbd   I2CReadMultiple
00002e99   I2CReadSingle
000030d1   I2CWriteMultiple
00002f1d   I2CWriteSingle
000008a9   IMUCalibrate
0000094d   IMUFilter
00000d41   IMUUpdate
00003c99   ITG3200GetTemp
00003c2d   ITG3200GetX
00003c51   ITG3200GetY
00003c75   ITG3200GetZ
00003bf5   ITG3200Init
0000447b   IntMasterEnable
00002209   LCDClearScreen
0000033b   LCDCommInit
00002335   LCDDrawChar
0000263f   LCDDrawFastHLine
000025ed   LCDDrawFastVLine
0000278b   LCDDrawHSlider
00002485   LCDDrawLine
00002253   LCDDrawPixel
00002691   LCDDrawRectangle
000026fd   LCDDrawRectangleFilled
00002287   LCDDrawString
000022c9   LCDDrawStringCentered
00001f37   LCDInit
00001eab   LCDSetArea
000021a1   LCDSetColor
000021bf   LCDSetColorBg
000021dd   LCDSetColorSlider
00000e79   LCDUpdate
00001e59   LCDWrite
00000283   LaunchpadInit
00001001   PacketSend
00004465   ResetISR
UNDEFED    SHT$$INIT_ARRAY$$Base
UNDEFED    SHT$$INIT_ARRAY$$Limit
000044bd   SSIBusy
00004129   SSIConfigSetExpClk
00004485   SSIDataPut
0000448f   SSIEnable
00003459   SchedulerElapsedTicksCalc
00003449   SchedulerElapsedTicksGet
00003353   SchedulerInit
0000336f   SchedulerRun
00003349   SchedulerSysTickIntHandler
00003421   SchedulerTaskDisable
000033c9   SchedulerTaskEnable
00003443   SchedulerTickCountGet
00003819   SysCtlClockGet
00003a2d   SysCtlClockSet
000044cb   SysCtlDelay
00004225   SysCtlPeripheralEnable
00004259   SysCtlPeripheralPresent
00004351   SysTickEnable
00004365   SysTickIntEnable
0000442d   SysTickPeriodSet
00001055   TimeUpdate
00004499   UARTCharGet
000044a3   UARTCharPut
0000443d   UARTCharPutNonBlocking
000044d1   UARTClockSourceSet
000002fb   UARTCommInit
000041ad   UARTConfigSetExpClk
000042ed   UARTDisable
00004379   UARTEnable
000028e5   UARTStdioConfig
000002bf   UARTStdioInit
00002a2b   UARTgetc
00002971   UARTgets
00002d4b   UARTprintf
00002a51   UARTvprintf
0000292b   UARTwrite
000003c1   VibrationUpdate
000003af   VibratorInit
00003cbd   _FAtan
20000200   _FDenorm
0000428d   _FDtest
20000210   _FEps
20000220   _FInf
20000230   _FNan
20000250   _FRteps
20000240   _FSnan
20000260   _FXbig
20000264   _FZero
20000200   __STACK_END
00000200   __STACK_SIZE
20000200   __STACK_TOP
00004950   __TI_CINIT_Base
00004960   __TI_CINIT_Limit
00004938   __TI_Handler_Table_Base
00004944   __TI_Handler_Table_Limit
00000001   __TI_args_main
00003e01   __TI_auto_init
200002d8   __TI_cleanup_ptr
0000444b   __TI_decompress_none
000044d7   __TI_decompress_rle24
200002dc   __TI_dtors_ptr
00000000   __TI_static_base__
000043fb   __TI_zero_init
00003f7f   __aeabi_d2f
0000319b   __aeabi_dadd
00003495   __aeabi_ddiv
00003931   __aeabi_dmul
00003191   __aeabi_dsub
000041ed   __aeabi_f2d
00003d65   __aeabi_memcpy
00003d65   __aeabi_memcpy4
00003d65   __aeabi_memcpy8
0000416b   __aeabi_uidivmod
ffffffff   __binit__
ffffffff   __c_args__
20000000   __stack
00004321   _args_main
00004059   _c_int00
200002d0   _lock
0000439b   _nop
00004393   _register_lock
0000438d   _register_unlock
200002d4   _unlock
000040e9   abort
00003b1d   atan2f
ffffffff   binit
200002ba   color_high_
200002b8   color_low_
200002c2   colorbg_high_
200002c0   colorbg_low_
200002be   colors_high_
200002bc   colors_low_
000040a1   copy_in
000040f1   exit
000044e8   font_5x7
00000000   g_pfnVectors
20000268   g_psSchedulerTable
200002e8   g_ui32SchedulerNumTasks
200002cc   graph_curx_
200002ce   graph_cury_
200002c8   graph_sizex_
200002ca   graph_sizey_
200002c4   graph_x_
200002c6   graph_y_
20000348   imu_filtered
20000368   imu_offset
20000324   imu_raw
000010a1   main
200002ec   main_func_sp
20000380   main_state
00003d65   memcpy
20000388   quad_control
000016b9   ulocaltime
000018b7   umktime
00001e31   urand
00001689   usnprintf
00001657   usprintf
00001e21   usrand
00001d99   ustrcasecmp
00001e0d   ustrcmp
00001c9d   ustrlen
00001cf5   ustrncasecmp
00001dad   ustrncmp
000011d5   ustrncpy
00001cbf   ustrstr
00001a65   ustrtof
0000192d   ustrtoul
0000122d   uvsnprintf


GLOBAL SYMBOLS: SORTED BY Symbol Address 

address    name
--------   ----
00000000   __TI_static_base__
00000000   g_pfnVectors
00000001   __TI_args_main
00000200   __STACK_SIZE
0000026d   ClockInit
00000277   FPUInit
00000283   LaunchpadInit
000002bf   UARTStdioInit
000002fb   UARTCommInit
0000033b   LCDCommInit
000003af   VibratorInit
000003c1   VibrationUpdate
00000445   ControlStateUpdate
00000559   AltitudeUpdate
0000066d   DirectionUpdate
000008a9   IMUCalibrate
0000094d   IMUFilter
00000d41   IMUUpdate
00000e79   LCDUpdate
00001001   PacketSend
00001055   TimeUpdate
000010a1   main
000011d5   ustrncpy
0000122d   uvsnprintf
00001657   usprintf
00001689   usnprintf
000016b9   ulocaltime
000018b7   umktime
0000192d   ustrtoul
00001a65   ustrtof
00001c9d   ustrlen
00001cbf   ustrstr
00001cf5   ustrncasecmp
00001d99   ustrcasecmp
00001dad   ustrncmp
00001e0d   ustrcmp
00001e21   usrand
00001e31   urand
00001e59   LCDWrite
00001eab   LCDSetArea
00001f37   LCDInit
000021a1   LCDSetColor
000021bf   LCDSetColorBg
000021dd   LCDSetColorSlider
00002209   LCDClearScreen
00002253   LCDDrawPixel
00002287   LCDDrawString
000022c9   LCDDrawStringCentered
00002335   LCDDrawChar
00002485   LCDDrawLine
000025ed   LCDDrawFastVLine
0000263f   LCDDrawFastHLine
00002691   LCDDrawRectangle
000026fd   LCDDrawRectangleFilled
0000278b   LCDDrawHSlider
000028e5   UARTStdioConfig
0000292b   UARTwrite
00002971   UARTgets
00002a2b   UARTgetc
00002a51   UARTvprintf
00002d4b   UARTprintf
00002d81   I2CInit
00002e99   I2CReadSingle
00002f1d   I2CWriteSingle
00002fbd   I2CReadMultiple
000030d1   I2CWriteMultiple
00003191   __aeabi_dsub
0000319b   __aeabi_dadd
00003349   SchedulerSysTickIntHandler
00003353   SchedulerInit
0000336f   SchedulerRun
000033c9   SchedulerTaskEnable
00003421   SchedulerTaskDisable
00003443   SchedulerTickCountGet
00003449   SchedulerElapsedTicksGet
00003459   SchedulerElapsedTicksCalc
00003495   __aeabi_ddiv
000035cb   GPIOPadConfigSet
000036fb   ADXL345GetDeviceID
0000370d   ADXL345GetX
00003731   ADXL345GetY
00003755   ADXL345GetZ
00003779   ADXL345Init
0000378d   ADXL345SetRange
000037d9   ADXL345GetRange
000037ed   ADXL345SetDataRate
00003805   ADXL345GetDataRate
00003819   SysCtlClockGet
00003931   __aeabi_dmul
00003a2d   SysCtlClockSet
00003b1d   atan2f
00003bf5   ITG3200Init
00003c2d   ITG3200GetX
00003c51   ITG3200GetY
00003c75   ITG3200GetZ
00003c99   ITG3200GetTemp
00003cbd   _FAtan
00003d65   __aeabi_memcpy
00003d65   __aeabi_memcpy4
00003d65   __aeabi_memcpy8
00003d65   memcpy
00003e01   __TI_auto_init
00003e95   HMC5883LInit
00003eb5   HMC5883LGetX
00003ed9   HMC5883LGetY
00003efd   HMC5883LGetZ
00003f7f   __aeabi_d2f
00003fc9   GPIOPinConfigure
00004011   I2CMasterInitExpClk
00004059   _c_int00
000040a1   copy_in
000040e5   C$$EXIT
000040e9   abort
000040f1   exit
00004129   SSIConfigSetExpClk
0000416b   __aeabi_uidivmod
000041ad   UARTConfigSetExpClk
000041ed   __aeabi_f2d
00004225   SysCtlPeripheralEnable
00004259   SysCtlPeripheralPresent
0000428d   _FDtest
000042c1   GPIODirModeSet
000042ed   UARTDisable
00004309   GPIOPinTypeGPIOOutput
00004321   _args_main
00004339   I2CMasterErr
00004351   SysTickEnable
00004365   SysTickIntEnable
00004379   UARTEnable
0000438d   _register_unlock
00004393   _register_lock
0000439b   _nop
000043a1   GPIOPinTypeGPIOInput
000043b3   GPIOPinTypeI2C
000043c5   GPIOPinTypeI2CSCL
000043d7   GPIOPinTypeSSI
000043e9   GPIOPinTypeUART
000043fb   __TI_zero_init
0000440d   FPUEnable
0000441d   FPULazyStackingEnable
0000442d   SysTickPeriodSet
0000443d   UARTCharPutNonBlocking
0000444b   __TI_decompress_none
00004459   CPUcpsie
00004465   ResetISR
00004471   I2CMasterEnable
0000447b   IntMasterEnable
00004485   SSIDataPut
0000448f   SSIEnable
00004499   UARTCharGet
000044a3   UARTCharPut
000044ad   I2CMasterBusy
000044b5   I2CMasterSlaveAddrSet
000044bd   SSIBusy
000044c5   GPIOPinWrite
000044cb   SysCtlDelay
000044d1   UARTClockSourceSet
000044d7   __TI_decompress_rle24
000044dd   I2CMasterControl
000044e1   I2CMasterDataGet
000044e5   I2CMasterDataPut
000044e8   font_5x7
00004938   __TI_Handler_Table_Base
00004944   __TI_Handler_Table_Limit
00004950   __TI_CINIT_Base
00004960   __TI_CINIT_Limit
20000000   __stack
20000200   _FDenorm
20000200   __STACK_END
20000200   __STACK_TOP
20000210   _FEps
20000220   _FInf
20000230   _FNan
20000240   _FSnan
20000250   _FRteps
20000260   _FXbig
20000264   _FZero
20000268   g_psSchedulerTable
200002b8   color_low_
200002ba   color_high_
200002bc   colors_low_
200002be   colors_high_
200002c0   colorbg_low_
200002c2   colorbg_high_
200002c4   graph_x_
200002c6   graph_y_
200002c8   graph_sizex_
200002ca   graph_sizey_
200002cc   graph_curx_
200002ce   graph_cury_
200002d0   _lock
200002d4   _unlock
200002d8   __TI_cleanup_ptr
200002dc   __TI_dtors_ptr
200002e8   g_ui32SchedulerNumTasks
200002ec   main_func_sp
20000324   imu_raw
20000348   imu_filtered
20000368   imu_offset
20000380   main_state
20000388   quad_control
ffffffff   __binit__
ffffffff   __c_args__
ffffffff   binit
UNDEFED    SHT$$INIT_ARRAY$$Base
UNDEFED    SHT$$INIT_ARRAY$$Limit

[206 symbols]
