<?xml version="1.0"?>
<link_info>
   <banner>TI ARM Linker PC v5.1.9</banner>
   <copyright>Copyright (c) 1996-2014 Texas Instruments Incorporated</copyright>
   <link_time>0x5473cf26</link_time>
   <link_errors>0x0</link_errors>
   <output_file>quadGloveRemote_2.out</output_file>
   <entry_point>
      <name>_c_int00</name>
      <address>0x2fb9</address>
   </entry_point>
   <input_file_list>
      <input_file id="fl-2">
         <path>.\</path>
         <kind>object</kind>
         <file>button.obj</file>
         <name>button.obj</name>
      </input_file>
      <input_file id="fl-3">
         <path>.\</path>
         <kind>object</kind>
         <file>console.obj</file>
         <name>console.obj</name>
      </input_file>
      <input_file id="fl-4">
         <path>.\</path>
         <kind>object</kind>
         <file>gesture.obj</file>
         <name>gesture.obj</name>
      </input_file>
      <input_file id="fl-5">
         <path>.\</path>
         <kind>object</kind>
         <file>imufilter.obj</file>
         <name>imufilter.obj</name>
      </input_file>
      <input_file id="fl-6">
         <path>.\</path>
         <kind>object</kind>
         <file>launchpad.obj</file>
         <name>launchpad.obj</name>
      </input_file>
      <input_file id="fl-7">
         <path>.\</path>
         <kind>object</kind>
         <file>link.obj</file>
         <name>link.obj</name>
      </input_file>
      <input_file id="fl-8">
         <path>.\</path>
         <kind>object</kind>
         <file>lm4f120h5qr_startup_ccs.obj</file>
         <name>lm4f120h5qr_startup_ccs.obj</name>
      </input_file>
      <input_file id="fl-9">
         <path>.\</path>
         <kind>object</kind>
         <file>main.obj</file>
         <name>main.obj</name>
      </input_file>
      <input_file id="fl-a">
         <path>.\utils\</path>
         <kind>object</kind>
         <file>cmdline.obj</file>
         <name>cmdline.obj</name>
      </input_file>
      <input_file id="fl-b">
         <path>.\utils\</path>
         <kind>object</kind>
         <file>random.obj</file>
         <name>random.obj</name>
      </input_file>
      <input_file id="fl-c">
         <path>.\utils\</path>
         <kind>object</kind>
         <file>scheduler.obj</file>
         <name>scheduler.obj</name>
      </input_file>
      <input_file id="fl-d">
         <path>.\utils\</path>
         <kind>object</kind>
         <file>uartstdio.obj</file>
         <name>uartstdio.obj</name>
      </input_file>
      <input_file id="fl-e">
         <path>.\utils\</path>
         <kind>object</kind>
         <file>ustdlib.obj</file>
         <name>ustdlib.obj</name>
      </input_file>
      <input_file id="fl-f">
         <path>.\drivers\</path>
         <kind>object</kind>
         <file>adxl345.obj</file>
         <name>adxl345.obj</name>
      </input_file>
      <input_file id="fl-10">
         <path>.\drivers\</path>
         <kind>object</kind>
         <file>hmc5883l.obj</file>
         <name>hmc5883l.obj</name>
      </input_file>
      <input_file id="fl-11">
         <path>.\drivers\</path>
         <kind>object</kind>
         <file>i2c.obj</file>
         <name>i2c.obj</name>
      </input_file>
      <input_file id="fl-12">
         <path>.\drivers\</path>
         <kind>object</kind>
         <file>itg3200.obj</file>
         <name>itg3200.obj</name>
      </input_file>
      <input_file id="fl-13">
         <path>.\drivers\</path>
         <kind>object</kind>
         <file>lcd.obj</file>
         <name>lcd.obj</name>
      </input_file>
      <input_file id="fl-141">
         <path>c:\ti\ccsv6\tools\compiler\arm_5.1.9\lib\</path>
         <kind>archive</kind>
         <file>rtsv7M4_T_le_v4SPD16_eabi.lib</file>
         <name>atan2f.obj</name>
      </input_file>
      <input_file id="fl-142">
         <path>c:\ti\ccsv6\tools\compiler\arm_5.1.9\lib\</path>
         <kind>archive</kind>
         <file>rtsv7M4_T_le_v4SPD16_eabi.lib</file>
         <name>boot.obj</name>
      </input_file>
      <input_file id="fl-143">
         <path>c:\ti\ccsv6\tools\compiler\arm_5.1.9\lib\</path>
         <kind>archive</kind>
         <file>rtsv7M4_T_le_v4SPD16_eabi.lib</file>
         <name>copy_decompress_none.obj</name>
      </input_file>
      <input_file id="fl-144">
         <path>c:\ti\ccsv6\tools\compiler\arm_5.1.9\lib\</path>
         <kind>archive</kind>
         <file>rtsv7M4_T_le_v4SPD16_eabi.lib</file>
         <name>copy_decompress_rle.obj</name>
      </input_file>
      <input_file id="fl-145">
         <path>c:\ti\ccsv6\tools\compiler\arm_5.1.9\lib\</path>
         <kind>archive</kind>
         <file>rtsv7M4_T_le_v4SPD16_eabi.lib</file>
         <name>copy_zero_init.obj</name>
      </input_file>
      <input_file id="fl-146">
         <path>c:\ti\ccsv6\tools\compiler\arm_5.1.9\lib\</path>
         <kind>archive</kind>
         <file>rtsv7M4_T_le_v4SPD16_eabi.lib</file>
         <name>exit.obj</name>
      </input_file>
      <input_file id="fl-147">
         <path>c:\ti\ccsv6\tools\compiler\arm_5.1.9\lib\</path>
         <kind>archive</kind>
         <file>rtsv7M4_T_le_v4SPD16_eabi.lib</file>
         <name>fd_add_t2.obj</name>
      </input_file>
      <input_file id="fl-148">
         <path>c:\ti\ccsv6\tools\compiler\arm_5.1.9\lib\</path>
         <kind>archive</kind>
         <file>rtsv7M4_T_le_v4SPD16_eabi.lib</file>
         <name>fd_cmp_t2.obj</name>
      </input_file>
      <input_file id="fl-149">
         <path>c:\ti\ccsv6\tools\compiler\arm_5.1.9\lib\</path>
         <kind>archive</kind>
         <file>rtsv7M4_T_le_v4SPD16_eabi.lib</file>
         <name>fd_div_t2.obj</name>
      </input_file>
      <input_file id="fl-14a">
         <path>c:\ti\ccsv6\tools\compiler\arm_5.1.9\lib\</path>
         <kind>archive</kind>
         <file>rtsv7M4_T_le_v4SPD16_eabi.lib</file>
         <name>fd_mul_t2.obj</name>
      </input_file>
      <input_file id="fl-14b">
         <path>c:\ti\ccsv6\tools\compiler\arm_5.1.9\lib\</path>
         <kind>archive</kind>
         <file>rtsv7M4_T_le_v4SPD16_eabi.lib</file>
         <name>fd_toi_t2.obj</name>
      </input_file>
      <input_file id="fl-14c">
         <path>c:\ti\ccsv6\tools\compiler\arm_5.1.9\lib\</path>
         <kind>archive</kind>
         <file>rtsv7M4_T_le_v4SPD16_eabi.lib</file>
         <name>fd_tos_t2.obj</name>
      </input_file>
      <input_file id="fl-14d">
         <path>c:\ti\ccsv6\tools\compiler\arm_5.1.9\lib\</path>
         <kind>archive</kind>
         <file>rtsv7M4_T_le_v4SPD16_eabi.lib</file>
         <name>fs_tod_t2.obj</name>
      </input_file>
      <input_file id="fl-14e">
         <path>c:\ti\ccsv6\tools\compiler\arm_5.1.9\lib\</path>
         <kind>archive</kind>
         <file>rtsv7M4_T_le_v4SPD16_eabi.lib</file>
         <name>i_tofd_t2.obj</name>
      </input_file>
      <input_file id="fl-14f">
         <path>c:\ti\ccsv6\tools\compiler\arm_5.1.9\lib\</path>
         <kind>archive</kind>
         <file>rtsv7M4_T_le_v4SPD16_eabi.lib</file>
         <name>memcpy_t2.obj</name>
      </input_file>
      <input_file id="fl-150">
         <path>c:\ti\ccsv6\tools\compiler\arm_5.1.9\lib\</path>
         <kind>archive</kind>
         <file>rtsv7M4_T_le_v4SPD16_eabi.lib</file>
         <name>stkdepth_vars.obj</name>
      </input_file>
      <input_file id="fl-151">
         <path>c:\ti\ccsv6\tools\compiler\arm_5.1.9\lib\</path>
         <kind>archive</kind>
         <file>rtsv7M4_T_le_v4SPD16_eabi.lib</file>
         <name>strcmp.obj</name>
      </input_file>
      <input_file id="fl-152">
         <path>c:\ti\ccsv6\tools\compiler\arm_5.1.9\lib\</path>
         <kind>archive</kind>
         <file>rtsv7M4_T_le_v4SPD16_eabi.lib</file>
         <name>u_divt2.obj</name>
      </input_file>
      <input_file id="fl-153">
         <path>c:\ti\ccsv6\tools\compiler\arm_5.1.9\lib\</path>
         <kind>archive</kind>
         <file>rtsv7M4_T_le_v4SPD16_eabi.lib</file>
         <name>xfatan.obj</name>
      </input_file>
      <input_file id="fl-154">
         <path>c:\ti\ccsv6\tools\compiler\arm_5.1.9\lib\</path>
         <kind>archive</kind>
         <file>rtsv7M4_T_le_v4SPD16_eabi.lib</file>
         <name>xfdtest.obj</name>
      </input_file>
      <input_file id="fl-155">
         <path>c:\ti\ccsv6\tools\compiler\arm_5.1.9\lib\</path>
         <kind>archive</kind>
         <file>rtsv7M4_T_le_v4SPD16_eabi.lib</file>
         <name>xfvalues.obj</name>
      </input_file>
      <input_file id="fl-156">
         <path>c:\ti\ccsv6\tools\compiler\arm_5.1.9\lib\</path>
         <kind>archive</kind>
         <file>rtsv7M4_T_le_v4SPD16_eabi.lib</file>
         <name>_lock.obj</name>
      </input_file>
      <input_file id="fl-157">
         <path>c:\ti\ccsv6\tools\compiler\arm_5.1.9\lib\</path>
         <kind>archive</kind>
         <file>rtsv7M4_T_le_v4SPD16_eabi.lib</file>
         <name>args_main.obj</name>
      </input_file>
      <input_file id="fl-158">
         <path>c:\ti\ccsv6\tools\compiler\arm_5.1.9\lib\</path>
         <kind>archive</kind>
         <file>rtsv7M4_T_le_v4SPD16_eabi.lib</file>
         <name>auto_init.obj</name>
      </input_file>
      <input_file id="fl-159">
         <path>c:\ti\ccsv6\tools\compiler\arm_5.1.9\lib\</path>
         <kind>archive</kind>
         <file>rtsv7M4_T_le_v4SPD16_eabi.lib</file>
         <name>cpy_tbl.obj</name>
      </input_file>
      <input_file id="fl-15a">
         <path>C:\TI\TivaWare\driverlib\ccs\Debug\</path>
         <kind>archive</kind>
         <file>driverlib.lib</file>
         <name>uart.obj</name>
      </input_file>
      <input_file id="fl-15b">
         <path>C:\TI\TivaWare\driverlib\ccs\Debug\</path>
         <kind>archive</kind>
         <file>driverlib.lib</file>
         <name>systick.obj</name>
      </input_file>
      <input_file id="fl-15c">
         <path>C:\TI\TivaWare\driverlib\ccs\Debug\</path>
         <kind>archive</kind>
         <file>driverlib.lib</file>
         <name>sysctl.obj</name>
      </input_file>
      <input_file id="fl-15d">
         <path>C:\TI\TivaWare\driverlib\ccs\Debug\</path>
         <kind>archive</kind>
         <file>driverlib.lib</file>
         <name>ssi.obj</name>
      </input_file>
      <input_file id="fl-15e">
         <path>C:\TI\TivaWare\driverlib\ccs\Debug\</path>
         <kind>archive</kind>
         <file>driverlib.lib</file>
         <name>interrupt.obj</name>
      </input_file>
      <input_file id="fl-15f">
         <path>C:\TI\TivaWare\driverlib\ccs\Debug\</path>
         <kind>archive</kind>
         <file>driverlib.lib</file>
         <name>i2c.obj</name>
      </input_file>
      <input_file id="fl-160">
         <path>C:\TI\TivaWare\driverlib\ccs\Debug\</path>
         <kind>archive</kind>
         <file>driverlib.lib</file>
         <name>gpio.obj</name>
      </input_file>
      <input_file id="fl-161">
         <path>C:\TI\TivaWare\driverlib\ccs\Debug\</path>
         <kind>archive</kind>
         <file>driverlib.lib</file>
         <name>fpu.obj</name>
      </input_file>
      <input_file id="fl-162">
         <path>C:\TI\TivaWare\driverlib\ccs\Debug\</path>
         <kind>archive</kind>
         <file>driverlib.lib</file>
         <name>cpu.obj</name>
      </input_file>
   </input_file_list>
   <object_component_list>
      <object_component id="oc-e">
         <name>.intvecs</name>
         <load_address>0x0</load_address>
         <run_address>0x0</run_address>
         <size>0x26c</size>
         <input_file_ref idref="fl-8"/>
      </object_component>
      <object_component id="oc-a6">
         <name>.text</name>
         <load_address>0x26c</load_address>
         <run_address>0x26c</run_address>
         <size>0x80c</size>
         <input_file_ref idref="fl-9"/>
      </object_component>
      <object_component id="oc-e6">
         <name>.text</name>
         <load_address>0xa78</load_address>
         <run_address>0xa78</run_address>
         <size>0x4fc</size>
         <input_file_ref idref="fl-3"/>
      </object_component>
      <object_component id="oc-1af">
         <name>.text</name>
         <load_address>0xf74</load_address>
         <run_address>0xf74</run_address>
         <size>0x49c</size>
         <input_file_ref idref="fl-d"/>
      </object_component>
      <object_component id="oc-125">
         <name>.text</name>
         <load_address>0x1410</load_address>
         <run_address>0x1410</run_address>
         <size>0x410</size>
         <input_file_ref idref="fl-11"/>
      </object_component>
      <object_component id="oc-ec">
         <name>.text</name>
         <load_address>0x1820</load_address>
         <run_address>0x1820</run_address>
         <size>0x2f4</size>
         <input_file_ref idref="fl-7"/>
      </object_component>
      <object_component id="oc-108">
         <name>.text</name>
         <load_address>0x1b14</load_address>
         <run_address>0x1b14</run_address>
         <size>0x2e4</size>
         <input_file_ref idref="fl-5"/>
      </object_component>
      <object_component id="oc-14c">
         <name>.text</name>
         <load_address>0x1df8</load_address>
         <run_address>0x1df8</run_address>
         <size>0x1b6</size>
         <input_file_ref idref="fl-147"/>
      </object_component>
      <object_component id="oc-2f">
         <name>.text</name>
         <load_address>0x1fb0</load_address>
         <run_address>0x1fb0</run_address>
         <size>0x14c</size>
         <input_file_ref idref="fl-c"/>
      </object_component>
      <object_component id="oc-210">
         <name>.text</name>
         <load_address>0x20fc</load_address>
         <run_address>0x20fc</run_address>
         <size>0x136</size>
         <input_file_ref idref="fl-149"/>
      </object_component>
      <object_component id="oc-244">
         <name>.text:GPIOPadConfigSet</name>
         <load_address>0x2232</load_address>
         <run_address>0x2232</run_address>
         <size>0x130</size>
         <input_file_ref idref="fl-160"/>
      </object_component>
      <object_component id="oc-fc">
         <name>.text</name>
         <load_address>0x2362</load_address>
         <run_address>0x2362</run_address>
         <size>0x11e</size>
         <input_file_ref idref="fl-f"/>
      </object_component>
      <object_component id="oc-6e">
         <name>.text:SysCtlClockGet</name>
         <load_address>0x2480</load_address>
         <run_address>0x2480</run_address>
         <size>0x118</size>
         <input_file_ref idref="fl-15c"/>
      </object_component>
      <object_component id="oc-10e">
         <name>.text</name>
         <load_address>0x2598</load_address>
         <run_address>0x2598</run_address>
         <size>0x10c</size>
         <input_file_ref idref="fl-4"/>
      </object_component>
      <object_component id="oc-151">
         <name>.text</name>
         <load_address>0x26a4</load_address>
         <run_address>0x26a4</run_address>
         <size>0xfc</size>
         <input_file_ref idref="fl-14a"/>
      </object_component>
      <object_component id="oc-226">
         <name>.text:SysCtlClockSet</name>
         <load_address>0x27a0</load_address>
         <run_address>0x27a0</run_address>
         <size>0xf0</size>
         <input_file_ref idref="fl-15c"/>
      </object_component>
      <object_component id="oc-21a">
         <name>.text</name>
         <load_address>0x2890</load_address>
         <run_address>0x2890</run_address>
         <size>0xd8</size>
         <input_file_ref idref="fl-141"/>
      </object_component>
      <object_component id="oc-f6">
         <name>.text</name>
         <load_address>0x2968</load_address>
         <run_address>0x2968</run_address>
         <size>0xc8</size>
         <input_file_ref idref="fl-12"/>
      </object_component>
      <object_component id="oc-114">
         <name>.text</name>
         <load_address>0x2a30</load_address>
         <run_address>0x2a30</run_address>
         <size>0xb8</size>
         <input_file_ref idref="fl-6"/>
      </object_component>
      <object_component id="oc-1bb">
         <name>.text</name>
         <load_address>0x2ae8</load_address>
         <run_address>0x2ae8</run_address>
         <size>0xac</size>
         <input_file_ref idref="fl-a"/>
      </object_component>
      <object_component id="oc-301">
         <name>.text</name>
         <load_address>0x2b94</load_address>
         <run_address>0x2b94</run_address>
         <size>0xa8</size>
         <input_file_ref idref="fl-153"/>
      </object_component>
      <object_component id="oc-4d">
         <name>.text</name>
         <load_address>0x2c3c</load_address>
         <run_address>0x2c3c</run_address>
         <size>0x9c</size>
         <input_file_ref idref="fl-14f"/>
      </object_component>
      <object_component id="oc-38">
         <name>.text</name>
         <load_address>0x2cd8</load_address>
         <run_address>0x2cd8</run_address>
         <size>0x94</size>
         <input_file_ref idref="fl-158"/>
      </object_component>
      <object_component id="oc-102">
         <name>.text</name>
         <load_address>0x2d6c</load_address>
         <run_address>0x2d6c</run_address>
         <size>0x8c</size>
         <input_file_ref idref="fl-10"/>
      </object_component>
      <object_component id="oc-140">
         <name>.text:__aeabi_cdrcmple</name>
         <load_address>0x2df8</load_address>
         <run_address>0x2df8</run_address>
         <size>0x86</size>
         <input_file_ref idref="fl-148"/>
      </object_component>
      <object_component id="oc-60">
         <name>.text</name>
         <load_address>0x2e7e</load_address>
         <run_address>0x2e7e</run_address>
         <size>0x5e</size>
         <input_file_ref idref="fl-144"/>
      </object_component>
      <object_component id="oc-215">
         <name>.text</name>
         <load_address>0x2edc</load_address>
         <run_address>0x2edc</run_address>
         <size>0x4a</size>
         <input_file_ref idref="fl-14c"/>
      </object_component>
      <object_component id="oc-19d">
         <name>.text:GPIOPinConfigure</name>
         <load_address>0x2f28</load_address>
         <run_address>0x2f28</run_address>
         <size>0x48</size>
         <input_file_ref idref="fl-160"/>
      </object_component>
      <object_component id="oc-25f">
         <name>.text:I2CMasterInitExpClk</name>
         <load_address>0x2f70</load_address>
         <run_address>0x2f70</run_address>
         <size>0x48</size>
         <input_file_ref idref="fl-15f"/>
      </object_component>
      <object_component id="oc-11">
         <name>.text</name>
         <load_address>0x2fb8</load_address>
         <run_address>0x2fb8</run_address>
         <size>0x48</size>
         <input_file_ref idref="fl-142"/>
      </object_component>
      <object_component id="oc-156">
         <name>.text</name>
         <load_address>0x3000</load_address>
         <run_address>0x3000</run_address>
         <size>0x48</size>
         <input_file_ref idref="fl-14b"/>
      </object_component>
      <object_component id="oc-9f">
         <name>.text</name>
         <load_address>0x3048</load_address>
         <run_address>0x3048</run_address>
         <size>0x44</size>
         <input_file_ref idref="fl-159"/>
      </object_component>
      <object_component id="oc-43">
         <name>.text</name>
         <load_address>0x308c</load_address>
         <run_address>0x308c</run_address>
         <size>0x44</size>
         <input_file_ref idref="fl-146"/>
      </object_component>
      <object_component id="oc-2c4">
         <name>.text</name>
         <load_address>0x30d0</load_address>
         <run_address>0x30d0</run_address>
         <size>0x42</size>
         <input_file_ref idref="fl-152"/>
      </object_component>
      <object_component id="oc-1ed">
         <name>.text:UARTConfigSetExpClk</name>
         <load_address>0x3112</load_address>
         <run_address>0x3112</run_address>
         <size>0x40</size>
         <input_file_ref idref="fl-15a"/>
      </object_component>
      <object_component id="oc-147">
         <name>.text</name>
         <load_address>0x3152</load_address>
         <run_address>0x3152</run_address>
         <size>0x38</size>
         <input_file_ref idref="fl-14d"/>
      </object_component>
      <object_component id="oc-197">
         <name>.text:SysCtlPeripheralEnable</name>
         <load_address>0x318c</load_address>
         <run_address>0x318c</run_address>
         <size>0x34</size>
         <input_file_ref idref="fl-15c"/>
      </object_component>
      <object_component id="oc-2b8">
         <name>.text:SysCtlPeripheralPresent</name>
         <load_address>0x31c0</load_address>
         <run_address>0x31c0</run_address>
         <size>0x34</size>
         <input_file_ref idref="fl-15c"/>
      </object_component>
      <object_component id="oc-2fb">
         <name>.text</name>
         <load_address>0x31f4</load_address>
         <run_address>0x31f4</run_address>
         <size>0x34</size>
         <input_file_ref idref="fl-154"/>
      </object_component>
      <object_component id="oc-13b">
         <name>.text</name>
         <load_address>0x3228</load_address>
         <run_address>0x3228</run_address>
         <size>0x2e</size>
         <input_file_ref idref="fl-14e"/>
      </object_component>
      <object_component id="oc-2af">
         <name>.text:GPIODirModeSet</name>
         <load_address>0x3256</load_address>
         <run_address>0x3256</run_address>
         <size>0x2a</size>
         <input_file_ref idref="fl-160"/>
      </object_component>
      <object_component id="oc-131">
         <name>.text</name>
         <load_address>0x3280</load_address>
         <run_address>0x3280</run_address>
         <size>0x22</size>
         <input_file_ref idref="fl-2"/>
      </object_component>
      <object_component id="oc-1fa">
         <name>.text:UARTDisable</name>
         <load_address>0x32a4</load_address>
         <run_address>0x32a4</run_address>
         <size>0x1c</size>
         <input_file_ref idref="fl-15a"/>
      </object_component>
      <object_component id="oc-238">
         <name>.text:GPIOPinTypeGPIOOutput</name>
         <load_address>0x32c0</load_address>
         <run_address>0x32c0</run_address>
         <size>0x18</size>
         <input_file_ref idref="fl-160"/>
      </object_component>
      <object_component id="oc-3d">
         <name>.text</name>
         <load_address>0x32d8</load_address>
         <run_address>0x32d8</run_address>
         <size>0x18</size>
         <input_file_ref idref="fl-157"/>
      </object_component>
      <object_component id="oc-2d1">
         <name>.text</name>
         <load_address>0x32f0</load_address>
         <run_address>0x32f0</run_address>
         <size>0x18</size>
         <input_file_ref idref="fl-151"/>
      </object_component>
      <object_component id="oc-27d">
         <name>.text:I2CMasterErr</name>
         <load_address>0x3308</load_address>
         <run_address>0x3308</run_address>
         <size>0x16</size>
         <input_file_ref idref="fl-15f"/>
      </object_component>
      <object_component id="oc-7a">
         <name>.text:SysTickEnable</name>
         <load_address>0x3320</load_address>
         <run_address>0x3320</run_address>
         <size>0x14</size>
         <input_file_ref idref="fl-15b"/>
      </object_component>
      <object_component id="oc-80">
         <name>.text:SysTickIntEnable</name>
         <load_address>0x3334</load_address>
         <run_address>0x3334</run_address>
         <size>0x14</size>
         <input_file_ref idref="fl-15b"/>
      </object_component>
      <object_component id="oc-1f3">
         <name>.text:UARTEnable</name>
         <load_address>0x3348</load_address>
         <run_address>0x3348</run_address>
         <size>0x14</size>
         <input_file_ref idref="fl-15a"/>
      </object_component>
      <object_component id="oc-173">
         <name>.text</name>
         <load_address>0x335c</load_address>
         <run_address>0x335c</run_address>
         <size>0x14</size>
         <input_file_ref idref="fl-156"/>
      </object_component>
      <object_component id="oc-23e">
         <name>.text:GPIOPinTypeGPIOInput</name>
         <load_address>0x3370</load_address>
         <run_address>0x3370</run_address>
         <size>0x12</size>
         <input_file_ref idref="fl-160"/>
      </object_component>
      <object_component id="oc-259">
         <name>.text:GPIOPinTypeI2C</name>
         <load_address>0x3382</load_address>
         <run_address>0x3382</run_address>
         <size>0x12</size>
         <input_file_ref idref="fl-160"/>
      </object_component>
      <object_component id="oc-253">
         <name>.text:GPIOPinTypeI2CSCL</name>
         <load_address>0x3394</load_address>
         <run_address>0x3394</run_address>
         <size>0x12</size>
         <input_file_ref idref="fl-160"/>
      </object_component>
      <object_component id="oc-1a3">
         <name>.text:GPIOPinTypeUART</name>
         <load_address>0x33a6</load_address>
         <run_address>0x33a6</run_address>
         <size>0x12</size>
         <input_file_ref idref="fl-160"/>
      </object_component>
      <object_component id="oc-1c">
         <name>.text:decompress:ZI</name>
         <load_address>0x33b8</load_address>
         <run_address>0x33b8</run_address>
         <size>0x12</size>
         <input_file_ref idref="fl-145"/>
      </object_component>
      <object_component id="oc-22c">
         <name>.text:FPUEnable</name>
         <load_address>0x33cc</load_address>
         <run_address>0x33cc</run_address>
         <size>0x10</size>
         <input_file_ref idref="fl-161"/>
      </object_component>
      <object_component id="oc-232">
         <name>.text:FPULazyStackingEnable</name>
         <load_address>0x33dc</load_address>
         <run_address>0x33dc</run_address>
         <size>0x10</size>
         <input_file_ref idref="fl-161"/>
      </object_component>
      <object_component id="oc-74">
         <name>.text:SysTickPeriodSet</name>
         <load_address>0x33ec</load_address>
         <run_address>0x33ec</run_address>
         <size>0x10</size>
         <input_file_ref idref="fl-15b"/>
      </object_component>
      <object_component id="oc-16">
         <name>.text:decompress:none</name>
         <load_address>0x33fc</load_address>
         <run_address>0x33fc</run_address>
         <size>0xe</size>
         <input_file_ref idref="fl-143"/>
      </object_component>
      <object_component id="oc-28b">
         <name>.text:CPUcpsie</name>
         <load_address>0x340a</load_address>
         <run_address>0x340a</run_address>
         <size>0xc</size>
         <input_file_ref idref="fl-162"/>
      </object_component>
      <object_component id="oc-1c1">
         <name>.text:UARTCharsAvail</name>
         <load_address>0x3416</load_address>
         <run_address>0x3416</run_address>
         <size>0xc</size>
         <input_file_ref idref="fl-15a"/>
      </object_component>
      <object_component id="oc-29">
         <name>.text</name>
         <load_address>0x3422</load_address>
         <run_address>0x3422</run_address>
         <size>0xc</size>
         <input_file_ref idref="fl-8"/>
      </object_component>
      <object_component id="oc-316">
         <name>.text:I2CMasterEnable</name>
         <load_address>0x342e</load_address>
         <run_address>0x342e</run_address>
         <size>0xa</size>
         <input_file_ref idref="fl-15f"/>
      </object_component>
      <object_component id="oc-12b">
         <name>.text:IntMasterEnable</name>
         <load_address>0x3438</load_address>
         <run_address>0x3438</run_address>
         <size>0xa</size>
         <input_file_ref idref="fl-15e"/>
      </object_component>
      <object_component id="oc-1b5">
         <name>.text:UARTCharGet</name>
         <load_address>0x3442</load_address>
         <run_address>0x3442</run_address>
         <size>0xa</size>
         <input_file_ref idref="fl-15a"/>
      </object_component>
      <object_component id="oc-1e1">
         <name>.text:UARTCharPut</name>
         <load_address>0x344c</load_address>
         <run_address>0x344c</run_address>
         <size>0xa</size>
         <input_file_ref idref="fl-15a"/>
      </object_component>
      <object_component id="oc-1e7">
         <name>.text:UARTFIFODisable</name>
         <load_address>0x3456</load_address>
         <run_address>0x3456</run_address>
         <size>0xa</size>
         <input_file_ref idref="fl-15a"/>
      </object_component>
      <object_component id="oc-265">
         <name>.text:I2CMasterBusy</name>
         <load_address>0x3460</load_address>
         <run_address>0x3460</run_address>
         <size>0x8</size>
         <input_file_ref idref="fl-15f"/>
      </object_component>
      <object_component id="oc-26b">
         <name>.text:I2CMasterSlaveAddrSet</name>
         <load_address>0x3468</load_address>
         <run_address>0x3468</run_address>
         <size>0x8</size>
         <input_file_ref idref="fl-15f"/>
      </object_component>
      <object_component id="oc-292">
         <name>.text:GPIOPinRead</name>
         <load_address>0x3470</load_address>
         <run_address>0x3470</run_address>
         <size>0x6</size>
         <input_file_ref idref="fl-160"/>
      </object_component>
      <object_component id="oc-24a">
         <name>.text:GPIOPinWrite</name>
         <load_address>0x3476</load_address>
         <run_address>0x3476</run_address>
         <size>0x6</size>
         <input_file_ref idref="fl-160"/>
      </object_component>
      <object_component id="oc-1f9">
         <name>.text:SysCtlDelay</name>
         <load_address>0x347c</load_address>
         <run_address>0x347c</run_address>
         <size>0x6</size>
         <input_file_ref idref="fl-15c"/>
      </object_component>
      <object_component id="oc-1a9">
         <name>.text:UARTClockSourceSet</name>
         <load_address>0x3482</load_address>
         <run_address>0x3482</run_address>
         <size>0x6</size>
         <input_file_ref idref="fl-15a"/>
      </object_component>
      <object_component id="oc-22">
         <name>.text:decompress:rle24</name>
         <load_address>0x3488</load_address>
         <run_address>0x3488</run_address>
         <size>0x6</size>
         <input_file_ref idref="fl-144"/>
      </object_component>
      <object_component id="oc-277">
         <name>.text:I2CMasterControl</name>
         <load_address>0x348e</load_address>
         <run_address>0x348e</run_address>
         <size>0x4</size>
         <input_file_ref idref="fl-15f"/>
      </object_component>
      <object_component id="oc-283">
         <name>.text:I2CMasterDataGet</name>
         <load_address>0x3492</load_address>
         <run_address>0x3492</run_address>
         <size>0x4</size>
         <input_file_ref idref="fl-15f"/>
      </object_component>
      <object_component id="oc-271">
         <name>.text:I2CMasterDataPut</name>
         <load_address>0x3496</load_address>
         <run_address>0x3496</run_address>
         <size>0x4</size>
         <input_file_ref idref="fl-15f"/>
      </object_component>
      <object_component id="oc-2aa">
         <name>.const:g_pui32GPIOBaseAddrs</name>
         <load_address>0x349c</load_address>
         <run_address>0x349c</run_address>
         <size>0x90</size>
         <input_file_ref idref="fl-160"/>
      </object_component>
      <object_component id="oc-33d">
         <name>.const:.string</name>
         <load_address>0x352c</load_address>
         <run_address>0x352c</run_address>
         <size>0x7a</size>
         <input_file_ref idref="fl-3"/>
      </object_component>
      <object_component id="oc-cd">
         <name>.const:g_pui32Xtals</name>
         <load_address>0x35a8</load_address>
         <run_address>0x35a8</run_address>
         <size>0x6c</size>
         <input_file_ref idref="fl-15c"/>
      </object_component>
      <object_component id="oc-347">
         <name>.const</name>
         <load_address>0x3614</load_address>
         <run_address>0x3614</run_address>
         <size>0x34</size>
         <input_file_ref idref="fl-153"/>
      </object_component>
      <object_component id="oc-2be">
         <name>.const</name>
         <load_address>0x3648</load_address>
         <run_address>0x3648</run_address>
         <size>0x1c</size>
         <input_file_ref idref="fl-d"/>
      </object_component>
      <object_component id="oc-330">
         <name>.const:.string</name>
         <load_address>0x3664</load_address>
         <run_address>0x3664</run_address>
         <size>0x12</size>
         <input_file_ref idref="fl-d"/>
      </object_component>
      <object_component id="oc-381">
         <name>.cinit..data.load</name>
         <load_address>0x3678</load_address>
         <run_address>0x3678</run_address>
         <size>0xb3</size>
      </object_component>
      <object_component id="oc-37f">
         <name>__TI_handler_table</name>
         <load_address>0x372c</load_address>
         <run_address>0x372c</run_address>
         <size>0xc</size>
      </object_component>
      <object_component id="oc-382">
         <name>.cinit..bss.load</name>
         <load_address>0x3738</load_address>
         <run_address>0x3738</run_address>
         <size>0x8</size>
      </object_component>
      <object_component id="oc-380">
         <name>__TI_cinit_table</name>
         <load_address>0x3740</load_address>
         <run_address>0x3740</run_address>
         <size>0x10</size>
      </object_component>
      <object_component id="oc-49">
         <name>.data</name>
         <load_address>0x20000334</load_address>
         <run_address>0x20000334</run_address>
         <size>0x4</size>
         <input_file_ref idref="fl-150"/>
      </object_component>
      <object_component id="oc-89">
         <name>.data</name>
         <load_address>0x20000324</load_address>
         <run_address>0x20000324</run_address>
         <size>0x7</size>
         <input_file_ref idref="fl-9"/>
      </object_component>
      <object_component id="oc-8f">
         <name>.data:g_psSchedulerTable</name>
         <load_address>0x20000268</load_address>
         <run_address>0x20000268</run_address>
         <size>0x64</size>
         <input_file_ref idref="fl-9"/>
      </object_component>
      <object_component id="oc-b0">
         <name>.data</name>
         <load_address>0x20000314</load_address>
         <run_address>0x20000314</run_address>
         <size>0x8</size>
         <input_file_ref idref="fl-156"/>
      </object_component>
      <object_component id="oc-b3">
         <name>.data</name>
         <load_address>0x2000031c</load_address>
         <run_address>0x2000031c</run_address>
         <size>0x8</size>
         <input_file_ref idref="fl-146"/>
      </object_component>
      <object_component id="oc-2c1">
         <name>.data</name>
         <load_address>0x2000032c</load_address>
         <run_address>0x2000032c</run_address>
         <size>0x5</size>
         <input_file_ref idref="fl-d"/>
      </object_component>
      <object_component id="oc-2da">
         <name>.data:g_psCmdTable</name>
         <load_address>0x200002cc</load_address>
         <run_address>0x200002cc</run_address>
         <size>0x48</size>
         <input_file_ref idref="fl-3"/>
      </object_component>
      <object_component id="oc-344">
         <name>.data</name>
         <load_address>0x20000200</load_address>
         <run_address>0x20000200</run_address>
         <size>0x68</size>
         <input_file_ref idref="fl-155"/>
      </object_component>
      <object_component id="oc-120">
         <name>.bss:imu_raw</name>
         <uninitialized>true</uninitialized>
         <run_address>0x200003dc</run_address>
         <size>0x24</size>
         <input_file_ref idref="fl-9"/>
      </object_component>
      <object_component id="oc-1ca">
         <name>.bss:buffer$1</name>
         <uninitialized>true</uninitialized>
         <run_address>0x20000338</run_address>
         <size>0x80</size>
         <input_file_ref idref="fl-3"/>
      </object_component>
      <object_component id="oc-2d7">
         <name>.bss:g_ppcArgv</name>
         <uninitialized>true</uninitialized>
         <run_address>0x200003b8</run_address>
         <size>0x24</size>
         <input_file_ref idref="fl-a"/>
      </object_component>
      <object_component id="oc-1cb">
         <name>.common:ptr$2</name>
         <uninitialized>true</uninitialized>
         <run_address>0x20000458</run_address>
         <size>0x4</size>
      </object_component>
      <object_component id="oc-1c7">
         <name>.common:stream_state</name>
         <uninitialized>true</uninitialized>
         <run_address>0x20000461</run_address>
         <size>0x1</size>
      </object_component>
      <object_component id="oc-222">
         <name>.common:fist_timer$1</name>
         <uninitialized>true</uninitialized>
         <run_address>0x20000448</run_address>
         <size>0x4</size>
      </object_component>
      <object_component id="oc-223">
         <name>.common:inv_timer$2</name>
         <uninitialized>true</uninitialized>
         <run_address>0x20000450</run_address>
         <size>0x4</size>
      </object_component>
      <object_component id="oc-11f">
         <name>.common:imu_offset</name>
         <uninitialized>true</uninitialized>
         <run_address>0x20000420</run_address>
         <size>0x18</size>
      </object_component>
      <object_component id="oc-1d3">
         <name>.common:imu_filtered</name>
         <uninitialized>true</uninitialized>
         <run_address>0x20000400</run_address>
         <size>0x20</size>
      </object_component>
      <object_component id="oc-200">
         <name>.common:quad</name>
         <uninitialized>true</uninitialized>
         <run_address>0x20000438</run_address>
         <size>0xa</size>
      </object_component>
      <object_component id="oc-1d9">
         <name>.common:glove</name>
         <uninitialized>true</uninitialized>
         <run_address>0x20000442</run_address>
         <size>0x6</size>
      </object_component>
      <object_component id="oc-1da">
         <name>.common:main_state</name>
         <uninitialized>true</uninitialized>
         <run_address>0x20000460</run_address>
         <size>0x1</size>
      </object_component>
      <object_component id="oc-165">
         <name>.common:led_state</name>
         <uninitialized>true</uninitialized>
         <run_address>0x20000454</run_address>
         <size>0x4</size>
      </object_component>
      <object_component id="oc-16b">
         <name>.common:timer</name>
         <uninitialized>true</uninitialized>
         <run_address>0x2000045c</run_address>
         <size>0x4</size>
      </object_component>
      <object_component id="oc-86">
         <name>.common:g_ui32SchedulerTickCount</name>
         <uninitialized>true</uninitialized>
         <run_address>0x2000044c</run_address>
         <size>0x4</size>
      </object_component>
      <object_component id="oc-28">
         <name>.stack</name>
         <uninitialized>true</uninitialized>
         <run_address>0x20000000</run_address>
         <size>0x0</size>
         <input_file_ref idref="fl-142"/>
      </object_component>
      <object_component id="oc-383">
         <name>.stack</name>
         <uninitialized>true</uninitialized>
         <run_address>0x20000000</run_address>
         <size>0x0</size>
      </object_component>
      <object_component id="oc-f">
         <name>.debug_info</name>
         <load_address>0x0</load_address>
         <run_address>0x0</run_address>
         <size>0xe9</size>
         <input_file_ref idref="fl-8"/>
      </object_component>
      <object_component id="oc-12">
         <name>.debug_info</name>
         <load_address>0xe9</load_address>
         <run_address>0xe9</run_address>
         <size>0xf3</size>
         <input_file_ref idref="fl-142"/>
      </object_component>
      <object_component id="oc-17">
         <name>.debug_info</name>
         <load_address>0x1dc</load_address>
         <run_address>0x1dc</run_address>
         <size>0x194</size>
         <input_file_ref idref="fl-143"/>
      </object_component>
      <object_component id="oc-1d">
         <name>.debug_info</name>
         <load_address>0x370</load_address>
         <run_address>0x370</run_address>
         <size>0x16a</size>
         <input_file_ref idref="fl-145"/>
      </object_component>
      <object_component id="oc-24">
         <name>.debug_info</name>
         <load_address>0x4da</load_address>
         <run_address>0x4da</run_address>
         <size>0x18e</size>
         <input_file_ref idref="fl-144"/>
      </object_component>
      <object_component id="oc-2c">
         <name>.debug_info</name>
         <load_address>0x668</load_address>
         <run_address>0x668</run_address>
         <size>0x25d</size>
         <input_file_ref idref="fl-8"/>
      </object_component>
      <object_component id="oc-30">
         <name>.debug_info</name>
         <load_address>0x8c5</load_address>
         <run_address>0x8c5</run_address>
         <size>0x6f0</size>
         <input_file_ref idref="fl-c"/>
      </object_component>
      <object_component id="oc-37">
         <name>.debug_info</name>
         <load_address>0xfb5</load_address>
         <run_address>0xfb5</run_address>
         <size>0x13a</size>
         <input_file_ref idref="fl-8"/>
      </object_component>
      <object_component id="oc-39">
         <name>.debug_info</name>
         <load_address>0x10ef</load_address>
         <run_address>0x10ef</run_address>
         <size>0x13d</size>
         <input_file_ref idref="fl-158"/>
      </object_component>
      <object_component id="oc-3f">
         <name>.debug_info</name>
         <load_address>0x122c</load_address>
         <run_address>0x122c</run_address>
         <size>0x11c</size>
         <input_file_ref idref="fl-157"/>
      </object_component>
      <object_component id="oc-44">
         <name>.debug_info</name>
         <load_address>0x1348</load_address>
         <run_address>0x1348</run_address>
         <size>0x1c2</size>
         <input_file_ref idref="fl-146"/>
      </object_component>
      <object_component id="oc-4a">
         <name>.debug_info</name>
         <load_address>0x150a</load_address>
         <run_address>0x150a</run_address>
         <size>0xbe</size>
         <input_file_ref idref="fl-150"/>
      </object_component>
      <object_component id="oc-4f">
         <name>.debug_info</name>
         <load_address>0x15c8</load_address>
         <run_address>0x15c8</run_address>
         <size>0xcc</size>
         <input_file_ref idref="fl-14f"/>
      </object_component>
      <object_component id="oc-53">
         <name>.debug_info</name>
         <load_address>0x1694</load_address>
         <run_address>0x1694</run_address>
         <size>0x46</size>
         <input_file_ref idref="fl-143"/>
      </object_component>
      <object_component id="oc-58">
         <name>.debug_info</name>
         <load_address>0x16da</load_address>
         <run_address>0x16da</run_address>
         <size>0xf2</size>
         <input_file_ref idref="fl-143"/>
      </object_component>
      <object_component id="oc-5a">
         <name>.debug_info</name>
         <load_address>0x17cc</load_address>
         <run_address>0x17cc</run_address>
         <size>0x46</size>
         <input_file_ref idref="fl-145"/>
      </object_component>
      <object_component id="oc-5f">
         <name>.debug_info</name>
         <load_address>0x1812</load_address>
         <run_address>0x1812</run_address>
         <size>0xad</size>
         <input_file_ref idref="fl-145"/>
      </object_component>
      <object_component id="oc-61">
         <name>.debug_info</name>
         <load_address>0x18bf</load_address>
         <run_address>0x18bf</run_address>
         <size>0x1ef</size>
         <input_file_ref idref="fl-144"/>
      </object_component>
      <object_component id="oc-67">
         <name>.debug_info</name>
         <load_address>0x1aae</load_address>
         <run_address>0x1aae</run_address>
         <size>0xb7</size>
         <input_file_ref idref="fl-144"/>
      </object_component>
      <object_component id="oc-68">
         <name>.debug_info</name>
         <load_address>0x1b65</load_address>
         <run_address>0x1b65</run_address>
         <size>0x39</size>
         <input_file_ref idref="fl-144"/>
      </object_component>
      <object_component id="oc-6f">
         <name>.debug_info</name>
         <load_address>0x1b9e</load_address>
         <run_address>0x1b9e</run_address>
         <size>0x219</size>
         <input_file_ref idref="fl-15c"/>
      </object_component>
      <object_component id="oc-76">
         <name>.debug_info</name>
         <load_address>0x1db7</load_address>
         <run_address>0x1db7</run_address>
         <size>0x1c5</size>
         <input_file_ref idref="fl-15b"/>
      </object_component>
      <object_component id="oc-7c">
         <name>.debug_info</name>
         <load_address>0x1f7c</load_address>
         <run_address>0x1f7c</run_address>
         <size>0x185</size>
         <input_file_ref idref="fl-15b"/>
      </object_component>
      <object_component id="oc-82">
         <name>.debug_info</name>
         <load_address>0x2101</load_address>
         <run_address>0x2101</run_address>
         <size>0x18b</size>
         <input_file_ref idref="fl-15b"/>
      </object_component>
      <object_component id="oc-87">
         <name>.debug_info</name>
         <load_address>0x228c</load_address>
         <run_address>0x228c</run_address>
         <size>0x236</size>
         <input_file_ref idref="fl-c"/>
      </object_component>
      <object_component id="oc-8a">
         <name>.debug_info</name>
         <load_address>0x24c2</load_address>
         <run_address>0x24c2</run_address>
         <size>0x991</size>
         <input_file_ref idref="fl-9"/>
      </object_component>
      <object_component id="oc-8d">
         <name>.debug_info</name>
         <load_address>0x2e53</load_address>
         <run_address>0x2e53</run_address>
         <size>0xec</size>
         <input_file_ref idref="fl-9"/>
      </object_component>
      <object_component id="oc-90">
         <name>.debug_info</name>
         <load_address>0x2f3f</load_address>
         <run_address>0x2f3f</run_address>
         <size>0xe2</size>
         <input_file_ref idref="fl-9"/>
      </object_component>
      <object_component id="oc-93">
         <name>.debug_info</name>
         <load_address>0x3021</load_address>
         <run_address>0x3021</run_address>
         <size>0x18b</size>
         <input_file_ref idref="fl-2"/>
      </object_component>
      <object_component id="oc-98">
         <name>.debug_info</name>
         <load_address>0x31ac</load_address>
         <run_address>0x31ac</run_address>
         <size>0x2c</size>
         <input_file_ref idref="fl-2"/>
      </object_component>
      <object_component id="oc-a2">
         <name>.debug_info</name>
         <load_address>0x31d8</load_address>
         <run_address>0x31d8</run_address>
         <size>0x14b</size>
         <input_file_ref idref="fl-159"/>
      </object_component>
      <object_component id="oc-aa">
         <name>.debug_info</name>
         <load_address>0x3323</load_address>
         <run_address>0x3323</run_address>
         <size>0x84</size>
         <input_file_ref idref="fl-2"/>
      </object_component>
      <object_component id="oc-af">
         <name>.debug_info</name>
         <load_address>0x33a7</load_address>
         <run_address>0x33a7</run_address>
         <size>0x11b</size>
         <input_file_ref idref="fl-157"/>
      </object_component>
      <object_component id="oc-b1">
         <name>.debug_info</name>
         <load_address>0x34c2</load_address>
         <run_address>0x34c2</run_address>
         <size>0xc8</size>
         <input_file_ref idref="fl-156"/>
      </object_component>
      <object_component id="oc-b4">
         <name>.debug_info</name>
         <load_address>0x358a</load_address>
         <run_address>0x358a</run_address>
         <size>0xeb</size>
         <input_file_ref idref="fl-146"/>
      </object_component>
      <object_component id="oc-b7">
         <name>.debug_info</name>
         <load_address>0x3675</load_address>
         <run_address>0x3675</run_address>
         <size>0x146</size>
         <input_file_ref idref="fl-146"/>
      </object_component>
      <object_component id="oc-bc">
         <name>.debug_info</name>
         <load_address>0x37bb</load_address>
         <run_address>0x37bb</run_address>
         <size>0x2c</size>
         <input_file_ref idref="fl-143"/>
      </object_component>
      <object_component id="oc-c3">
         <name>.debug_info</name>
         <load_address>0x37e7</load_address>
         <run_address>0x37e7</run_address>
         <size>0x2c</size>
         <input_file_ref idref="fl-9"/>
      </object_component>
      <object_component id="oc-ce">
         <name>.debug_info</name>
         <load_address>0x3813</load_address>
         <run_address>0x3813</run_address>
         <size>0xff</size>
         <input_file_ref idref="fl-15c"/>
      </object_component>
      <object_component id="oc-d1">
         <name>.debug_info</name>
         <load_address>0x3912</load_address>
         <run_address>0x3912</run_address>
         <size>0x18b</size>
         <input_file_ref idref="fl-15a"/>
      </object_component>
      <object_component id="oc-d7">
         <name>.debug_info</name>
         <load_address>0x3a9d</load_address>
         <run_address>0x3a9d</run_address>
         <size>0x144</size>
         <input_file_ref idref="fl-15b"/>
      </object_component>
      <object_component id="oc-dc">
         <name>.debug_info</name>
         <load_address>0x3be1</load_address>
         <run_address>0x3be1</run_address>
         <size>0xa7</size>
         <input_file_ref idref="fl-9"/>
      </object_component>
      <object_component id="oc-e2">
         <name>.debug_info</name>
         <load_address>0x3c88</load_address>
         <run_address>0x3c88</run_address>
         <size>0x6d7</size>
         <input_file_ref idref="fl-9"/>
      </object_component>
      <object_component id="oc-e7">
         <name>.debug_info</name>
         <load_address>0x435f</load_address>
         <run_address>0x435f</run_address>
         <size>0x75d</size>
         <input_file_ref idref="fl-3"/>
      </object_component>
      <object_component id="oc-ed">
         <name>.debug_info</name>
         <load_address>0x4abc</load_address>
         <run_address>0x4abc</run_address>
         <size>0x6fb</size>
         <input_file_ref idref="fl-7"/>
      </object_component>
      <object_component id="oc-f5">
         <name>.debug_info</name>
         <load_address>0x51b7</load_address>
         <run_address>0x51b7</run_address>
         <size>0x148</size>
         <input_file_ref idref="fl-159"/>
      </object_component>
      <object_component id="oc-f7">
         <name>.debug_info</name>
         <load_address>0x52ff</load_address>
         <run_address>0x52ff</run_address>
         <size>0x4a8</size>
         <input_file_ref idref="fl-12"/>
      </object_component>
      <object_component id="oc-fe">
         <name>.debug_info</name>
         <load_address>0x57a7</load_address>
         <run_address>0x57a7</run_address>
         <size>0x7b3</size>
         <input_file_ref idref="fl-f"/>
      </object_component>
      <object_component id="oc-103">
         <name>.debug_info</name>
         <load_address>0x5f5a</load_address>
         <run_address>0x5f5a</run_address>
         <size>0x3cb</size>
         <input_file_ref idref="fl-10"/>
      </object_component>
      <object_component id="oc-109">
         <name>.debug_info</name>
         <load_address>0x6325</load_address>
         <run_address>0x6325</run_address>
         <size>0x441</size>
         <input_file_ref idref="fl-5"/>
      </object_component>
      <object_component id="oc-110">
         <name>.debug_info</name>
         <load_address>0x6766</load_address>
         <run_address>0x6766</run_address>
         <size>0x1c4</size>
         <input_file_ref idref="fl-4"/>
      </object_component>
      <object_component id="oc-115">
         <name>.debug_info</name>
         <load_address>0x692a</load_address>
         <run_address>0x692a</run_address>
         <size>0x258</size>
         <input_file_ref idref="fl-6"/>
      </object_component>
      <object_component id="oc-121">
         <name>.debug_info</name>
         <load_address>0x6b82</load_address>
         <run_address>0x6b82</run_address>
         <size>0xcc</size>
         <input_file_ref idref="fl-9"/>
      </object_component>
      <object_component id="oc-127">
         <name>.debug_info</name>
         <load_address>0x6c4e</load_address>
         <run_address>0x6c4e</run_address>
         <size>0xd16</size>
         <input_file_ref idref="fl-11"/>
      </object_component>
      <object_component id="oc-12d">
         <name>.debug_info</name>
         <load_address>0x7964</load_address>
         <run_address>0x7964</run_address>
         <size>0x1a2</size>
         <input_file_ref idref="fl-15e"/>
      </object_component>
      <object_component id="oc-132">
         <name>.debug_info</name>
         <load_address>0x7b06</load_address>
         <run_address>0x7b06</run_address>
         <size>0x15a</size>
         <input_file_ref idref="fl-2"/>
      </object_component>
      <object_component id="oc-13c">
         <name>.debug_info</name>
         <load_address>0x7c60</load_address>
         <run_address>0x7c60</run_address>
         <size>0xdf</size>
         <input_file_ref idref="fl-14e"/>
      </object_component>
      <object_component id="oc-142">
         <name>.debug_info</name>
         <load_address>0x7d3f</load_address>
         <run_address>0x7d3f</run_address>
         <size>0xdd</size>
         <input_file_ref idref="fl-148"/>
      </object_component>
      <object_component id="oc-148">
         <name>.debug_info</name>
         <load_address>0x7e1c</load_address>
         <run_address>0x7e1c</run_address>
         <size>0xdf</size>
         <input_file_ref idref="fl-14d"/>
      </object_component>
      <object_component id="oc-14e">
         <name>.debug_info</name>
         <load_address>0x7efb</load_address>
         <run_address>0x7efb</run_address>
         <size>0xff</size>
         <input_file_ref idref="fl-147"/>
      </object_component>
      <object_component id="oc-154">
         <name>.debug_info</name>
         <load_address>0x7ffa</load_address>
         <run_address>0x7ffa</run_address>
         <size>0xed</size>
         <input_file_ref idref="fl-14a"/>
      </object_component>
      <object_component id="oc-157">
         <name>.debug_info</name>
         <load_address>0x80e7</load_address>
         <run_address>0x80e7</run_address>
         <size>0xe1</size>
         <input_file_ref idref="fl-14b"/>
      </object_component>
      <object_component id="oc-16e">
         <name>.debug_info</name>
         <load_address>0x81c8</load_address>
         <run_address>0x81c8</run_address>
         <size>0x5e</size>
         <input_file_ref idref="fl-157"/>
      </object_component>
      <object_component id="oc-174">
         <name>.debug_info</name>
         <load_address>0x8226</load_address>
         <run_address>0x8226</run_address>
         <size>0x1d4</size>
         <input_file_ref idref="fl-156"/>
      </object_component>
      <object_component id="oc-17b">
         <name>.debug_info</name>
         <load_address>0x83fa</load_address>
         <run_address>0x83fa</run_address>
         <size>0xd9</size>
         <input_file_ref idref="fl-156"/>
      </object_component>
      <object_component id="oc-183">
         <name>.debug_info</name>
         <load_address>0x84d3</load_address>
         <run_address>0x84d3</run_address>
         <size>0x226</size>
         <input_file_ref idref="fl-15c"/>
      </object_component>
      <object_component id="oc-184">
         <name>.debug_info</name>
         <load_address>0x86f9</load_address>
         <run_address>0x86f9</run_address>
         <size>0x90</size>
         <input_file_ref idref="fl-15a"/>
      </object_component>
      <object_component id="oc-18d">
         <name>.debug_info</name>
         <load_address>0x8789</load_address>
         <run_address>0x8789</run_address>
         <size>0x3e8</size>
         <input_file_ref idref="fl-3"/>
      </object_component>
      <object_component id="oc-192">
         <name>.debug_info</name>
         <load_address>0x8b71</load_address>
         <run_address>0x8b71</run_address>
         <size>0x101</size>
         <input_file_ref idref="fl-9"/>
      </object_component>
      <object_component id="oc-198">
         <name>.debug_info</name>
         <load_address>0x8c72</load_address>
         <run_address>0x8c72</run_address>
         <size>0x1e1</size>
         <input_file_ref idref="fl-15c"/>
      </object_component>
      <object_component id="oc-19e">
         <name>.debug_info</name>
         <load_address>0x8e53</load_address>
         <run_address>0x8e53</run_address>
         <size>0x1e4</size>
         <input_file_ref idref="fl-160"/>
      </object_component>
      <object_component id="oc-1a7">
         <name>.debug_info</name>
         <load_address>0x9037</load_address>
         <run_address>0x9037</run_address>
         <size>0x1df</size>
         <input_file_ref idref="fl-160"/>
      </object_component>
      <object_component id="oc-1aa">
         <name>.debug_info</name>
         <load_address>0x9216</load_address>
         <run_address>0x9216</run_address>
         <size>0x1f5</size>
         <input_file_ref idref="fl-15a"/>
      </object_component>
      <object_component id="oc-1b0">
         <name>.debug_info</name>
         <load_address>0x940b</load_address>
         <run_address>0x940b</run_address>
         <size>0x7cd</size>
         <input_file_ref idref="fl-d"/>
      </object_component>
      <object_component id="oc-1b6">
         <name>.debug_info</name>
         <load_address>0x9bd8</load_address>
         <run_address>0x9bd8</run_address>
         <size>0x237</size>
         <input_file_ref idref="fl-15a"/>
      </object_component>
      <object_component id="oc-1bc">
         <name>.debug_info</name>
         <load_address>0x9e0f</load_address>
         <run_address>0x9e0f</run_address>
         <size>0x1d4</size>
         <input_file_ref idref="fl-a"/>
      </object_component>
      <object_component id="oc-1c2">
         <name>.debug_info</name>
         <load_address>0x9fe3</load_address>
         <run_address>0x9fe3</run_address>
         <size>0x1b7</size>
         <input_file_ref idref="fl-15a"/>
      </object_component>
      <object_component id="oc-1c8">
         <name>.debug_info</name>
         <load_address>0xa19a</load_address>
         <run_address>0xa19a</run_address>
         <size>0x3a3</size>
         <input_file_ref idref="fl-3"/>
      </object_component>
      <object_component id="oc-1e2">
         <name>.debug_info</name>
         <load_address>0xa53d</load_address>
         <run_address>0xa53d</run_address>
         <size>0x25d</size>
         <input_file_ref idref="fl-15a"/>
      </object_component>
      <object_component id="oc-1e8">
         <name>.debug_info</name>
         <load_address>0xa79a</load_address>
         <run_address>0xa79a</run_address>
         <size>0x1b5</size>
         <input_file_ref idref="fl-15a"/>
      </object_component>
      <object_component id="oc-1ee">
         <name>.debug_info</name>
         <load_address>0xa94f</load_address>
         <run_address>0xa94f</run_address>
         <size>0x28a</size>
         <input_file_ref idref="fl-15a"/>
      </object_component>
      <object_component id="oc-1f4">
         <name>.debug_info</name>
         <load_address>0xabd9</load_address>
         <run_address>0xabd9</run_address>
         <size>0x1ab</size>
         <input_file_ref idref="fl-15a"/>
      </object_component>
      <object_component id="oc-1fb">
         <name>.debug_info</name>
         <load_address>0xad84</load_address>
         <run_address>0xad84</run_address>
         <size>0x233</size>
         <input_file_ref idref="fl-15a"/>
      </object_component>
      <object_component id="oc-202">
         <name>.debug_info</name>
         <load_address>0xafb7</load_address>
         <run_address>0xafb7</run_address>
         <size>0x350</size>
         <input_file_ref idref="fl-7"/>
      </object_component>
      <object_component id="oc-205">
         <name>.debug_info</name>
         <load_address>0xb307</load_address>
         <run_address>0xb307</run_address>
         <size>0xcd</size>
         <input_file_ref idref="fl-159"/>
      </object_component>
      <object_component id="oc-20b">
         <name>.debug_info</name>
         <load_address>0xb3d4</load_address>
         <run_address>0xb3d4</run_address>
         <size>0x15b</size>
         <input_file_ref idref="fl-12"/>
      </object_component>
      <object_component id="oc-20d">
         <name>.debug_info</name>
         <load_address>0xb52f</load_address>
         <run_address>0xb52f</run_address>
         <size>0x195</size>
         <input_file_ref idref="fl-f"/>
      </object_component>
      <object_component id="oc-20f">
         <name>.debug_info</name>
         <load_address>0xb6c4</load_address>
         <run_address>0xb6c4</run_address>
         <size>0x15c</size>
         <input_file_ref idref="fl-10"/>
      </object_component>
      <object_component id="oc-211">
         <name>.debug_info</name>
         <load_address>0xb820</load_address>
         <run_address>0xb820</run_address>
         <size>0xed</size>
         <input_file_ref idref="fl-149"/>
      </object_component>
      <object_component id="oc-216">
         <name>.debug_info</name>
         <load_address>0xb90d</load_address>
         <run_address>0xb90d</run_address>
         <size>0xe8</size>
         <input_file_ref idref="fl-14c"/>
      </object_component>
      <object_component id="oc-21b">
         <name>.debug_info</name>
         <load_address>0xb9f5</load_address>
         <run_address>0xb9f5</run_address>
         <size>0x17b</size>
         <input_file_ref idref="fl-141"/>
      </object_component>
      <object_component id="oc-221">
         <name>.debug_info</name>
         <load_address>0xbb70</load_address>
         <run_address>0xbb70</run_address>
         <size>0x113</size>
         <input_file_ref idref="fl-5"/>
      </object_component>
      <object_component id="oc-225">
         <name>.debug_info</name>
         <load_address>0xbc83</load_address>
         <run_address>0xbc83</run_address>
         <size>0xc2</size>
         <input_file_ref idref="fl-4"/>
      </object_component>
      <object_component id="oc-227">
         <name>.debug_info</name>
         <load_address>0xbd45</load_address>
         <run_address>0xbd45</run_address>
         <size>0x363</size>
         <input_file_ref idref="fl-15c"/>
      </object_component>
      <object_component id="oc-22f">
         <name>.debug_info</name>
         <load_address>0xc0a8</load_address>
         <run_address>0xc0a8</run_address>
         <size>0x171</size>
         <input_file_ref idref="fl-161"/>
      </object_component>
      <object_component id="oc-235">
         <name>.debug_info</name>
         <load_address>0xc219</load_address>
         <run_address>0xc219</run_address>
         <size>0x189</size>
         <input_file_ref idref="fl-161"/>
      </object_component>
      <object_component id="oc-239">
         <name>.debug_info</name>
         <load_address>0xc3a2</load_address>
         <run_address>0xc3a2</run_address>
         <size>0x1eb</size>
         <input_file_ref idref="fl-160"/>
      </object_component>
      <object_component id="oc-23f">
         <name>.debug_info</name>
         <load_address>0xc58d</load_address>
         <run_address>0xc58d</run_address>
         <size>0x1e9</size>
         <input_file_ref idref="fl-160"/>
      </object_component>
      <object_component id="oc-248">
         <name>.debug_info</name>
         <load_address>0xc776</load_address>
         <run_address>0xc776</run_address>
         <size>0x312</size>
         <input_file_ref idref="fl-160"/>
      </object_component>
      <object_component id="oc-24e">
         <name>.debug_info</name>
         <load_address>0xca88</load_address>
         <run_address>0xca88</run_address>
         <size>0x207</size>
         <input_file_ref idref="fl-160"/>
      </object_component>
      <object_component id="oc-254">
         <name>.debug_info</name>
         <load_address>0xcc8f</load_address>
         <run_address>0xcc8f</run_address>
         <size>0x1e3</size>
         <input_file_ref idref="fl-160"/>
      </object_component>
      <object_component id="oc-25a">
         <name>.debug_info</name>
         <load_address>0xce72</load_address>
         <run_address>0xce72</run_address>
         <size>0x1dd</size>
         <input_file_ref idref="fl-160"/>
      </object_component>
      <object_component id="oc-260">
         <name>.debug_info</name>
         <load_address>0xd04f</load_address>
         <run_address>0xd04f</run_address>
         <size>0x24c</size>
         <input_file_ref idref="fl-15f"/>
      </object_component>
      <object_component id="oc-266">
         <name>.debug_info</name>
         <load_address>0xd29b</load_address>
         <run_address>0xd29b</run_address>
         <size>0x1b2</size>
         <input_file_ref idref="fl-15f"/>
      </object_component>
      <object_component id="oc-26c">
         <name>.debug_info</name>
         <load_address>0xd44d</load_address>
         <run_address>0xd44d</run_address>
         <size>0x232</size>
         <input_file_ref idref="fl-15f"/>
      </object_component>
      <object_component id="oc-272">
         <name>.debug_info</name>
         <load_address>0xd67f</load_address>
         <run_address>0xd67f</run_address>
         <size>0x1e2</size>
         <input_file_ref idref="fl-15f"/>
      </object_component>
      <object_component id="oc-278">
         <name>.debug_info</name>
         <load_address>0xd861</load_address>
         <run_address>0xd861</run_address>
         <size>0x1e2</size>
         <input_file_ref idref="fl-15f"/>
      </object_component>
      <object_component id="oc-27e">
         <name>.debug_info</name>
         <load_address>0xda43</load_address>
         <run_address>0xda43</run_address>
         <size>0x1cd</size>
         <input_file_ref idref="fl-15f"/>
      </object_component>
      <object_component id="oc-284">
         <name>.debug_info</name>
         <load_address>0xdc10</load_address>
         <run_address>0xdc10</run_address>
         <size>0x1b8</size>
         <input_file_ref idref="fl-15f"/>
      </object_component>
      <object_component id="oc-28a">
         <name>.debug_info</name>
         <load_address>0xddc8</load_address>
         <run_address>0xddc8</run_address>
         <size>0x357</size>
         <input_file_ref idref="fl-11"/>
      </object_component>
      <object_component id="oc-28f">
         <name>.debug_info</name>
         <load_address>0xe11f</load_address>
         <run_address>0xe11f</run_address>
         <size>0x176</size>
         <input_file_ref idref="fl-162"/>
      </object_component>
      <object_component id="oc-293">
         <name>.debug_info</name>
         <load_address>0xe295</load_address>
         <run_address>0xe295</run_address>
         <size>0x1df</size>
         <input_file_ref idref="fl-160"/>
      </object_component>
      <object_component id="oc-2a4">
         <name>.debug_info</name>
         <load_address>0xe474</load_address>
         <run_address>0xe474</run_address>
         <size>0x5f</size>
         <input_file_ref idref="fl-15c"/>
      </object_component>
      <object_component id="oc-2ab">
         <name>.debug_info</name>
         <load_address>0xe4d3</load_address>
         <run_address>0xe4d3</run_address>
         <size>0x10d</size>
         <input_file_ref idref="fl-160"/>
      </object_component>
      <object_component id="oc-2ae">
         <name>.debug_info</name>
         <load_address>0xe5e0</load_address>
         <run_address>0xe5e0</run_address>
         <size>0x1d7</size>
         <input_file_ref idref="fl-160"/>
      </object_component>
      <object_component id="oc-2b3">
         <name>.debug_info</name>
         <load_address>0xe7b7</load_address>
         <run_address>0xe7b7</run_address>
         <size>0x217</size>
         <input_file_ref idref="fl-160"/>
      </object_component>
      <object_component id="oc-2b7">
         <name>.debug_info</name>
         <load_address>0xe9ce</load_address>
         <run_address>0xe9ce</run_address>
         <size>0x1ce</size>
         <input_file_ref idref="fl-15a"/>
      </object_component>
      <object_component id="oc-2b9">
         <name>.debug_info</name>
         <load_address>0xeb9c</load_address>
         <run_address>0xeb9c</run_address>
         <size>0x1e7</size>
         <input_file_ref idref="fl-15c"/>
      </object_component>
      <object_component id="oc-2bf">
         <name>.debug_info</name>
         <load_address>0xed83</load_address>
         <run_address>0xed83</run_address>
         <size>0x132</size>
         <input_file_ref idref="fl-d"/>
      </object_component>
      <object_component id="oc-2c2">
         <name>.debug_info</name>
         <load_address>0xeeb5</load_address>
         <run_address>0xeeb5</run_address>
         <size>0xdc</size>
         <input_file_ref idref="fl-d"/>
      </object_component>
      <object_component id="oc-2c5">
         <name>.debug_info</name>
         <load_address>0xef91</load_address>
         <run_address>0xef91</run_address>
         <size>0x137</size>
         <input_file_ref idref="fl-152"/>
      </object_component>
      <object_component id="oc-2ca">
         <name>.debug_info</name>
         <load_address>0xf0c8</load_address>
         <run_address>0xf0c8</run_address>
         <size>0x23f</size>
         <input_file_ref idref="fl-d"/>
      </object_component>
      <object_component id="oc-2cb">
         <name>.debug_info</name>
         <load_address>0xf307</load_address>
         <run_address>0xf307</run_address>
         <size>0x4e</size>
         <input_file_ref idref="fl-2"/>
      </object_component>
      <object_component id="oc-2d2">
         <name>.debug_info</name>
         <load_address>0xf355</load_address>
         <run_address>0xf355</run_address>
         <size>0x17e</size>
         <input_file_ref idref="fl-151"/>
      </object_component>
      <object_component id="oc-2d8">
         <name>.debug_info</name>
         <load_address>0xf4d3</load_address>
         <run_address>0xf4d3</run_address>
         <size>0xd8</size>
         <input_file_ref idref="fl-a"/>
      </object_component>
      <object_component id="oc-2db">
         <name>.debug_info</name>
         <load_address>0xf5ab</load_address>
         <run_address>0xf5ab</run_address>
         <size>0xd9</size>
         <input_file_ref idref="fl-3"/>
      </object_component>
      <object_component id="oc-2de">
         <name>.debug_info</name>
         <load_address>0xf684</load_address>
         <run_address>0xf684</run_address>
         <size>0x159</size>
         <input_file_ref idref="fl-a"/>
      </object_component>
      <object_component id="oc-2e2">
         <name>.debug_info</name>
         <load_address>0xf7dd</load_address>
         <run_address>0xf7dd</run_address>
         <size>0x7f</size>
         <input_file_ref idref="fl-3"/>
      </object_component>
      <object_component id="oc-2e7">
         <name>.debug_info</name>
         <load_address>0xf85c</load_address>
         <run_address>0xf85c</run_address>
         <size>0x5a</size>
         <input_file_ref idref="fl-3"/>
      </object_component>
      <object_component id="oc-2fc">
         <name>.debug_info</name>
         <load_address>0xf8b6</load_address>
         <run_address>0xf8b6</run_address>
         <size>0x114</size>
         <input_file_ref idref="fl-154"/>
      </object_component>
      <object_component id="oc-305">
         <name>.debug_info</name>
         <load_address>0xf9ca</load_address>
         <run_address>0xf9ca</run_address>
         <size>0x11b</size>
         <input_file_ref idref="fl-153"/>
      </object_component>
      <object_component id="oc-308">
         <name>.debug_info</name>
         <load_address>0xfae5</load_address>
         <run_address>0xfae5</run_address>
         <size>0xe5</size>
         <input_file_ref idref="fl-141"/>
      </object_component>
      <object_component id="oc-317">
         <name>.debug_info</name>
         <load_address>0xfbca</load_address>
         <run_address>0xfbca</run_address>
         <size>0x1b2</size>
         <input_file_ref idref="fl-15f"/>
      </object_component>
      <object_component id="oc-31d">
         <name>.debug_info</name>
         <load_address>0xfd7c</load_address>
         <run_address>0xfd7c</run_address>
         <size>0x1d8</size>
         <input_file_ref idref="fl-15f"/>
      </object_component>
      <object_component id="oc-338">
         <name>.debug_info</name>
         <load_address>0xff54</load_address>
         <run_address>0xff54</run_address>
         <size>0xe6</size>
         <input_file_ref idref="fl-2"/>
      </object_component>
      <object_component id="oc-33a">
         <name>.debug_info</name>
         <load_address>0x1003a</load_address>
         <run_address>0x1003a</run_address>
         <size>0x9a</size>
         <input_file_ref idref="fl-151"/>
      </object_component>
      <object_component id="oc-343">
         <name>.debug_info</name>
         <load_address>0x100d4</load_address>
         <run_address>0x100d4</run_address>
         <size>0x9b</size>
         <input_file_ref idref="fl-154"/>
      </object_component>
      <object_component id="oc-345">
         <name>.debug_info</name>
         <load_address>0x1016f</load_address>
         <run_address>0x1016f</run_address>
         <size>0x179</size>
         <input_file_ref idref="fl-155"/>
      </object_component>
      <object_component id="oc-348">
         <name>.debug_info</name>
         <load_address>0x102e8</load_address>
         <run_address>0x102e8</run_address>
         <size>0xf3</size>
         <input_file_ref idref="fl-153"/>
      </object_component>
      <object_component id="oc-358">
         <name>.debug_info</name>
         <load_address>0x103db</load_address>
         <run_address>0x103db</run_address>
         <size>0x86</size>
         <input_file_ref idref="fl-5"/>
      </object_component>
      <object_component id="oc-35f">
         <name>.debug_info</name>
         <load_address>0x10461</load_address>
         <run_address>0x10461</run_address>
         <size>0x11d</size>
         <input_file_ref idref="fl-153"/>
      </object_component>
      <object_component id="oc-384">
         <name>.debug_info</name>
         <load_address>0x1057e</load_address>
         <run_address>0x1057e</run_address>
         <size>0xa4</size>
      </object_component>
      <object_component id="oc-10">
         <name>.debug_pubnames</name>
         <load_address>0x0</load_address>
         <run_address>0x0</run_address>
         <size>0x23</size>
         <input_file_ref idref="fl-8"/>
      </object_component>
      <object_component id="oc-14">
         <name>.debug_pubnames</name>
         <load_address>0x23</load_address>
         <run_address>0x23</run_address>
         <size>0x1f</size>
         <input_file_ref idref="fl-142"/>
      </object_component>
      <object_component id="oc-19">
         <name>.debug_pubnames</name>
         <load_address>0x42</load_address>
         <run_address>0x42</run_address>
         <size>0x2b</size>
         <input_file_ref idref="fl-143"/>
      </object_component>
      <object_component id="oc-1f">
         <name>.debug_pubnames</name>
         <load_address>0x6d</load_address>
         <run_address>0x6d</run_address>
         <size>0x25</size>
         <input_file_ref idref="fl-145"/>
      </object_component>
      <object_component id="oc-25">
         <name>.debug_pubnames</name>
         <load_address>0x92</load_address>
         <run_address>0x92</run_address>
         <size>0x2c</size>
         <input_file_ref idref="fl-144"/>
      </object_component>
      <object_component id="oc-2d">
         <name>.debug_pubnames</name>
         <load_address>0xbe</load_address>
         <run_address>0xbe</run_address>
         <size>0x4c</size>
         <input_file_ref idref="fl-8"/>
      </object_component>
      <object_component id="oc-32">
         <name>.debug_pubnames</name>
         <load_address>0x10a</load_address>
         <run_address>0x10a</run_address>
         <size>0xda</size>
         <input_file_ref idref="fl-c"/>
      </object_component>
      <object_component id="oc-3b">
         <name>.debug_pubnames</name>
         <load_address>0x1e4</load_address>
         <run_address>0x1e4</run_address>
         <size>0x37</size>
         <input_file_ref idref="fl-158"/>
      </object_component>
      <object_component id="oc-40">
         <name>.debug_pubnames</name>
         <load_address>0x21b</load_address>
         <run_address>0x21b</run_address>
         <size>0x21</size>
         <input_file_ref idref="fl-157"/>
      </object_component>
      <object_component id="oc-46">
         <name>.debug_pubnames</name>
         <load_address>0x23c</load_address>
         <run_address>0x23c</run_address>
         <size>0x35</size>
         <input_file_ref idref="fl-146"/>
      </object_component>
      <object_component id="oc-4b">
         <name>.debug_pubnames</name>
         <load_address>0x271</load_address>
         <run_address>0x271</run_address>
         <size>0x23</size>
         <input_file_ref idref="fl-150"/>
      </object_component>
      <object_component id="oc-50">
         <name>.debug_pubnames</name>
         <load_address>0x294</load_address>
         <run_address>0x294</run_address>
         <size>0x1d</size>
         <input_file_ref idref="fl-14f"/>
      </object_component>
      <object_component id="oc-63">
         <name>.debug_pubnames</name>
         <load_address>0x2b1</load_address>
         <run_address>0x2b1</run_address>
         <size>0x2f</size>
         <input_file_ref idref="fl-144"/>
      </object_component>
      <object_component id="oc-71">
         <name>.debug_pubnames</name>
         <load_address>0x2e0</load_address>
         <run_address>0x2e0</run_address>
         <size>0x25</size>
         <input_file_ref idref="fl-15c"/>
      </object_component>
      <object_component id="oc-77">
         <name>.debug_pubnames</name>
         <load_address>0x305</load_address>
         <run_address>0x305</run_address>
         <size>0x27</size>
         <input_file_ref idref="fl-15b"/>
      </object_component>
      <object_component id="oc-7d">
         <name>.debug_pubnames</name>
         <load_address>0x32c</load_address>
         <run_address>0x32c</run_address>
         <size>0x24</size>
         <input_file_ref idref="fl-15b"/>
      </object_component>
      <object_component id="oc-83">
         <name>.debug_pubnames</name>
         <load_address>0x350</load_address>
         <run_address>0x350</run_address>
         <size>0x27</size>
         <input_file_ref idref="fl-15b"/>
      </object_component>
      <object_component id="oc-88">
         <name>.debug_pubnames</name>
[...]
      </symbol>
      <symbol id="sm-23f">
         <name>g_ui32SchedulerNumTasks</name>
         <value>0x20000324</value>
         <object_component_ref idref="oc-89"/>
      </symbol>
      <symbol id="sm-25f">
         <name>CmdLineProcess</name>
         <value>0x2ae9</value>
         <object_component_ref idref="oc-1bb"/>
      </symbol>
      <symbol id="sm-285">
         <name>SchedulerTickCountGet</name>
         <value>0x20ab</value>
         <object_component_ref idref="oc-2f"/>
      </symbol>
      <symbol id="sm-286">
         <name>SchedulerTaskEnable</name>
         <value>0x2031</value>
         <object_component_ref idref="oc-2f"/>
      </symbol>
      <symbol id="sm-287">
         <name>SchedulerInit</name>
         <value>0x1fbb</value>
         <object_component_ref idref="oc-2f"/>
      </symbol>
      <symbol id="sm-288">
         <name>SchedulerElapsedTicksGet</name>
         <value>0x20b1</value>
         <object_component_ref idref="oc-2f"/>
      </symbol>
      <symbol id="sm-289">
         <name>SchedulerTaskDisable</name>
         <value>0x2089</value>
         <object_component_ref idref="oc-2f"/>
      </symbol>
      <symbol id="sm-28a">
         <name>SchedulerSysTickIntHandler</name>
         <value>0x1fb1</value>
         <object_component_ref idref="oc-2f"/>
      </symbol>
      <symbol id="sm-28b">
         <name>SchedulerRun</name>
         <value>0x1fd7</value>
         <object_component_ref idref="oc-2f"/>
      </symbol>
      <symbol id="sm-28c">
         <name>SchedulerElapsedTicksCalc</name>
         <value>0x20c1</value>
         <object_component_ref idref="oc-2f"/>
      </symbol>
      <symbol id="sm-2f1">
         <name>UARTgetc</name>
         <value>0x10bb</value>
         <object_component_ref idref="oc-1af"/>
      </symbol>
      <symbol id="sm-2f2">
         <name>UARTgets</name>
         <value>0x1001</value>
         <object_component_ref idref="oc-1af"/>
      </symbol>
      <symbol id="sm-2f3">
         <name>UARTStdioConfig</name>
         <value>0xf75</value>
         <object_component_ref idref="oc-1af"/>
      </symbol>
      <symbol id="sm-2f4">
         <name>UARTwrite</name>
         <value>0xfbb</value>
         <object_component_ref idref="oc-1af"/>
      </symbol>
      <symbol id="sm-2f5">
         <name>UARTprintf</name>
         <value>0x13db</value>
         <object_component_ref idref="oc-1af"/>
      </symbol>
      <symbol id="sm-2f6">
         <name>UARTvprintf</name>
         <value>0x10e1</value>
         <object_component_ref idref="oc-1af"/>
      </symbol>
      <symbol id="sm-30c">
         <name>ADXL345GetZ</name>
         <value>0x23bd</value>
         <object_component_ref idref="oc-fc"/>
      </symbol>
      <symbol id="sm-30d">
         <name>ADXL345GetX</name>
         <value>0x2375</value>
         <object_component_ref idref="oc-fc"/>
      </symbol>
      <symbol id="sm-30e">
         <name>ADXL345GetY</name>
         <value>0x2399</value>
         <object_component_ref idref="oc-fc"/>
      </symbol>
      <symbol id="sm-30f">
         <name>ADXL345Init</name>
         <value>0x23e1</value>
         <object_component_ref idref="oc-fc"/>
      </symbol>
      <symbol id="sm-310">
         <name>ADXL345GetDataRate</name>
         <value>0x246d</value>
         <object_component_ref idref="oc-fc"/>
      </symbol>
      <symbol id="sm-311">
         <name>ADXL345GetDeviceID</name>
         <value>0x2363</value>
         <object_component_ref idref="oc-fc"/>
      </symbol>
      <symbol id="sm-312">
         <name>ADXL345SetRange</name>
         <value>0x23f5</value>
         <object_component_ref idref="oc-fc"/>
      </symbol>
      <symbol id="sm-313">
         <name>ADXL345GetRange</name>
         <value>0x2441</value>
         <object_component_ref idref="oc-fc"/>
      </symbol>
      <symbol id="sm-314">
         <name>ADXL345SetDataRate</name>
         <value>0x2455</value>
         <object_component_ref idref="oc-fc"/>
      </symbol>
      <symbol id="sm-324">
         <name>HMC5883LInit</name>
         <value>0x2d6d</value>
         <object_component_ref idref="oc-102"/>
      </symbol>
      <symbol id="sm-325">
         <name>HMC5883LGetZ</name>
         <value>0x2dd5</value>
         <object_component_ref idref="oc-102"/>
      </symbol>
      <symbol id="sm-326">
         <name>HMC5883LGetX</name>
         <value>0x2d8d</value>
         <object_component_ref idref="oc-102"/>
      </symbol>
      <symbol id="sm-327">
         <name>HMC5883LGetY</name>
         <value>0x2db1</value>
         <object_component_ref idref="oc-102"/>
      </symbol>
      <symbol id="sm-378">
         <name>I2CReadSingle</name>
         <value>0x1529</value>
         <object_component_ref idref="oc-125"/>
      </symbol>
      <symbol id="sm-379">
         <name>I2CWriteSingle</name>
         <value>0x15ad</value>
         <object_component_ref idref="oc-125"/>
      </symbol>
      <symbol id="sm-37a">
         <name>I2CInit</name>
         <value>0x1411</value>
         <object_component_ref idref="oc-125"/>
      </symbol>
      <symbol id="sm-37b">
         <name>I2CWriteMultiple</name>
         <value>0x1761</value>
         <object_component_ref idref="oc-125"/>
      </symbol>
      <symbol id="sm-37c">
         <name>I2CReadMultiple</name>
         <value>0x164d</value>
         <object_component_ref idref="oc-125"/>
      </symbol>
      <symbol id="sm-38d">
         <name>ITG3200GetZ</name>
         <value>0x29e9</value>
         <object_component_ref idref="oc-f6"/>
      </symbol>
      <symbol id="sm-38e">
         <name>ITG3200GetX</name>
         <value>0x29a1</value>
         <object_component_ref idref="oc-f6"/>
      </symbol>
      <symbol id="sm-38f">
         <name>ITG3200GetY</name>
         <value>0x29c5</value>
         <object_component_ref idref="oc-f6"/>
      </symbol>
      <symbol id="sm-390">
         <name>ITG3200GetTemp</name>
         <value>0x2a0d</value>
         <object_component_ref idref="oc-f6"/>
      </symbol>
      <symbol id="sm-391">
         <name>ITG3200Init</name>
         <value>0x2969</value>
         <object_component_ref idref="oc-f6"/>
      </symbol>
      <symbol id="sm-3a9">
         <name>atan2f</name>
         <value>0x2891</value>
         <object_component_ref idref="oc-21a"/>
      </symbol>
      <symbol id="sm-3b9">
         <name>_c_int00</name>
         <value>0x2fb9</value>
         <object_component_ref idref="oc-11"/>
      </symbol>
      <symbol id="sm-3ba">
         <name>__stack</name>
         <value>0x20000000</value>
         <object_component_ref idref="oc-28"/>
      </symbol>
      <symbol id="sm-3d1">
         <name>__TI_decompress_none</name>
         <value>0x33fd</value>
         <object_component_ref idref="oc-16"/>
      </symbol>
      <symbol id="sm-3f5">
         <name>__TI_decompress_rle24</name>
         <value>0x3489</value>
         <object_component_ref idref="oc-22"/>
      </symbol>
      <symbol id="sm-409">
         <name>__TI_zero_init</name>
         <value>0x33b9</value>
         <object_component_ref idref="oc-1c"/>
      </symbol>
      <symbol id="sm-428">
         <name>C$$EXIT</name>
         <value>0x308d</value>
         <object_component_ref idref="oc-43"/>
      </symbol>
      <symbol id="sm-429">
         <name>abort</name>
         <value>0x3091</value>
         <object_component_ref idref="oc-43"/>
      </symbol>
      <symbol id="sm-42a">
         <name>exit</name>
         <value>0x3099</value>
         <object_component_ref idref="oc-43"/>
      </symbol>
      <symbol id="sm-42b">
         <name>__TI_dtors_ptr</name>
         <value>0x20000320</value>
         <object_component_ref idref="oc-b3"/>
      </symbol>
      <symbol id="sm-42c">
         <name>__TI_cleanup_ptr</name>
         <value>0x2000031c</value>
         <object_component_ref idref="oc-b3"/>
      </symbol>
      <symbol id="sm-443">
         <name>__aeabi_dsub</name>
         <value>0x1df9</value>
         <object_component_ref idref="oc-14c"/>
      </symbol>
      <symbol id="sm-444">
         <name>__aeabi_dadd</name>
         <value>0x1e03</value>
         <object_component_ref idref="oc-14c"/>
      </symbol>
      <symbol id="sm-456">
         <name>__aeabi_cdrcmple</name>
         <value>0x2df9</value>
         <object_component_ref idref="oc-140"/>
      </symbol>
      <symbol id="sm-46a">
         <name>__aeabi_ddiv</name>
         <value>0x20fd</value>
         <object_component_ref idref="oc-210"/>
      </symbol>
      <symbol id="sm-475">
         <name>__aeabi_dmul</name>
         <value>0x26a5</value>
         <object_component_ref idref="oc-151"/>
      </symbol>
      <symbol id="sm-47f">
         <name>__aeabi_d2iz</name>
         <value>0x3001</value>
         <object_component_ref idref="oc-156"/>
      </symbol>
      <symbol id="sm-489">
         <name>__aeabi_d2f</name>
         <value>0x2edd</value>
         <object_component_ref idref="oc-215"/>
      </symbol>
      <symbol id="sm-494">
         <name>__aeabi_f2d</name>
         <value>0x3153</value>
         <object_component_ref idref="oc-147"/>
      </symbol>
      <symbol id="sm-49e">
         <name>__aeabi_i2d</name>
         <value>0x3229</value>
         <object_component_ref idref="oc-13b"/>
      </symbol>
      <symbol id="sm-4b9">
         <name>memcpy</name>
         <value>0x2c3d</value>
         <object_component_ref idref="oc-4d"/>
      </symbol>
      <symbol id="sm-4ba">
         <name>__aeabi_memcpy</name>
         <value>0x2c3d</value>
         <object_component_ref idref="oc-4d"/>
      </symbol>
      <symbol id="sm-4bb">
         <name>__aeabi_memcpy8</name>
         <value>0x2c3d</value>
         <object_component_ref idref="oc-4d"/>
      </symbol>
      <symbol id="sm-4bc">
         <name>__aeabi_memcpy4</name>
         <value>0x2c3d</value>
         <object_component_ref idref="oc-4d"/>
      </symbol>
      <symbol id="sm-4c4">
         <name>main_func_sp</name>
         <value>0x20000334</value>
         <object_component_ref idref="oc-49"/>
      </symbol>
      <symbol id="sm-4d3">
         <name>strcmp</name>
         <value>0x32f1</value>
         <object_component_ref idref="oc-2d1"/>
      </symbol>
      <symbol id="sm-4e3">
         <name>__aeabi_uidivmod</name>
         <value>0x30d1</value>
         <object_component_ref idref="oc-2c4"/>
      </symbol>
      <symbol id="sm-4e4">
         <name>__aeabi_uidiv</name>
         <value>0x30d1</value>
         <object_component_ref idref="oc-2c4"/>
      </symbol>
      <symbol id="sm-506">
         <name>_FAtan</name>
         <value>0x2b95</value>
         <object_component_ref idref="oc-301"/>
      </symbol>
      <symbol id="sm-518">
         <name>_FDtest</name>
         <value>0x31f5</value>
         <object_component_ref idref="oc-2fb"/>
      </symbol>
      <symbol id="sm-527">
         <name>_FZero</name>
         <value>0x20000264</value>
         <object_component_ref idref="oc-344"/>
      </symbol>
      <symbol id="sm-528">
         <name>_FRteps</name>
         <value>0x20000250</value>
         <object_component_ref idref="oc-344"/>
      </symbol>
      <symbol id="sm-529">
         <name>_FSnan</name>
         <value>0x20000240</value>
         <object_component_ref idref="oc-344"/>
      </symbol>
      <symbol id="sm-52a">
         <name>_FNan</name>
         <value>0x20000230</value>
         <object_component_ref idref="oc-344"/>
      </symbol>
      <symbol id="sm-52b">
         <name>_FInf</name>
         <value>0x20000220</value>
         <object_component_ref idref="oc-344"/>
      </symbol>
      <symbol id="sm-52c">
         <name>_FEps</name>
         <value>0x20000210</value>
         <object_component_ref idref="oc-344"/>
      </symbol>
      <symbol id="sm-52d">
         <name>_FXbig</name>
         <value>0x20000260</value>
         <object_component_ref idref="oc-344"/>
      </symbol>
      <symbol id="sm-52e">
         <name>_FDenorm</name>
         <value>0x20000200</value>
         <object_component_ref idref="oc-344"/>
      </symbol>
      <symbol id="sm-547">
         <name>_nop</name>
         <value>0x336b</value>
         <object_component_ref idref="oc-173"/>
      </symbol>
      <symbol id="sm-548">
         <name>_lock</name>
         <value>0x20000314</value>
         <object_component_ref idref="oc-b0"/>
      </symbol>
      <symbol id="sm-549">
         <name>_unlock</name>
         <value>0x20000318</value>
         <object_component_ref idref="oc-b0"/>
      </symbol>
      <symbol id="sm-54a">
         <name>_register_lock</name>
         <value>0x3363</value>
         <object_component_ref idref="oc-173"/>
      </symbol>
      <symbol id="sm-54b">
         <name>_register_unlock</name>
         <value>0x335d</value>
         <object_component_ref idref="oc-173"/>
      </symbol>
      <symbol id="sm-55f">
         <name>_args_main</name>
         <value>0x32d9</value>
         <object_component_ref idref="oc-3d"/>
      </symbol>
      <symbol id="sm-57c">
         <name>__TI_auto_init</name>
         <value>0x2cd9</value>
         <object_component_ref idref="oc-38"/>
      </symbol>
      <symbol id="sm-595">
         <name>copy_in</name>
         <value>0x3049</value>
         <object_component_ref idref="oc-9f"/>
      </symbol>
      <symbol id="sm-5f0">
         <name>UARTFIFODisable</name>
         <value>0x3457</value>
         <object_component_ref idref="oc-1e7"/>
      </symbol>
      <symbol id="sm-5f1">
         <name>UARTConfigSetExpClk</name>
         <value>0x3113</value>
         <object_component_ref idref="oc-1ed"/>
      </symbol>
      <symbol id="sm-5f2">
         <name>UARTDisable</name>
         <value>0x32a5</value>
         <object_component_ref idref="oc-1fa"/>
      </symbol>
      <symbol id="sm-5f3">
         <name>UARTCharsAvail</name>
         <value>0x3417</value>
         <object_component_ref idref="oc-1c1"/>
      </symbol>
      <symbol id="sm-5f4">
         <name>UARTClockSourceSet</name>
         <value>0x3483</value>
         <object_component_ref idref="oc-1a9"/>
      </symbol>
      <symbol id="sm-5f5">
         <name>UARTCharPut</name>
         <value>0x344d</value>
         <object_component_ref idref="oc-1e1"/>
      </symbol>
      <symbol id="sm-5f6">
         <name>UARTEnable</name>
         <value>0x3349</value>
         <object_component_ref idref="oc-1f3"/>
      </symbol>
      <symbol id="sm-5f7">
         <name>UARTCharGet</name>
         <value>0x3443</value>
         <object_component_ref idref="oc-1b5"/>
      </symbol>
      <symbol id="sm-61a">
         <name>SysTickEnable</name>
         <value>0x3321</value>
         <object_component_ref idref="oc-7a"/>
      </symbol>
      <symbol id="sm-61b">
         <name>SysTickIntEnable</name>
         <value>0x3335</value>
         <object_component_ref idref="oc-80"/>
      </symbol>
      <symbol id="sm-61c">
         <name>SysTickPeriodSet</name>
         <value>0x33ed</value>
         <object_component_ref idref="oc-74"/>
      </symbol>
      <symbol id="sm-681">
         <name>SysCtlPeripheralPresent</name>
         <value>0x31c1</value>
         <object_component_ref idref="oc-2b8"/>
      </symbol>
      <symbol id="sm-682">
         <name>SysCtlClockSet</name>
         <value>0x27a1</value>
         <object_component_ref idref="oc-226"/>
      </symbol>
      <symbol id="sm-683">
         <name>SysCtlDelay</name>
         <value>0x347d</value>
         <object_component_ref idref="oc-1f9"/>
      </symbol>
      <symbol id="sm-684">
         <name>SysCtlPeripheralEnable</name>
         <value>0x318d</value>
         <object_component_ref idref="oc-197"/>
      </symbol>
      <symbol id="sm-685">
         <name>SysCtlClockGet</name>
         <value>0x2481</value>
         <object_component_ref idref="oc-6e"/>
      </symbol>
      <symbol id="sm-690">
         <name>IntMasterEnable</name>
         <value>0x3439</value>
         <object_component_ref idref="oc-12b"/>
      </symbol>
      <symbol id="sm-6db">
         <name>I2CMasterDataPut</name>
         <value>0x3497</value>
         <object_component_ref idref="oc-271"/>
      </symbol>
      <symbol id="sm-6dc">
         <name>I2CMasterInitExpClk</name>
         <value>0x2f71</value>
         <object_component_ref idref="oc-25f"/>
      </symbol>
      <symbol id="sm-6dd">
         <name>I2CMasterSlaveAddrSet</name>
         <value>0x3469</value>
         <object_component_ref idref="oc-26b"/>
      </symbol>
      <symbol id="sm-6de">
         <name>I2CMasterDataGet</name>
         <value>0x3493</value>
         <object_component_ref idref="oc-283"/>
      </symbol>
      <symbol id="sm-6df">
         <name>I2CMasterErr</name>
         <value>0x3309</value>
         <object_component_ref idref="oc-27d"/>
      </symbol>
      <symbol id="sm-6e0">
         <name>I2CMasterControl</name>
         <value>0x348f</value>
         <object_component_ref idref="oc-277"/>
      </symbol>
      <symbol id="sm-6e1">
         <name>I2CMasterBusy</name>
         <value>0x3461</value>
         <object_component_ref idref="oc-265"/>
      </symbol>
      <symbol id="sm-6e2">
         <name>I2CMasterEnable</name>
         <value>0x342f</value>
         <object_component_ref idref="oc-316"/>
      </symbol>
      <symbol id="sm-74a">
         <name>GPIOPinConfigure</name>
         <value>0x2f29</value>
         <object_component_ref idref="oc-19d"/>
      </symbol>
      <symbol id="sm-74b">
         <name>GPIOPinTypeI2CSCL</name>
         <value>0x3395</value>
         <object_component_ref idref="oc-253"/>
      </symbol>
      <symbol id="sm-74c">
         <name>GPIOPinTypeI2C</name>
         <value>0x3383</value>
         <object_component_ref idref="oc-259"/>
      </symbol>
      <symbol id="sm-74d">
         <name>GPIOPinTypeGPIOInput</name>
         <value>0x3371</value>
         <object_component_ref idref="oc-23e"/>
      </symbol>
      <symbol id="sm-74e">
         <name>GPIOPinTypeUART</name>
         <value>0x33a7</value>
         <object_component_ref idref="oc-1a3"/>
      </symbol>
      <symbol id="sm-74f">
         <name>GPIOPinTypeGPIOOutput</name>
         <value>0x32c1</value>
         <object_component_ref idref="oc-238"/>
      </symbol>
      <symbol id="sm-750">
         <name>GPIOPinRead</name>
         <value>0x3471</value>
         <object_component_ref idref="oc-292"/>
      </symbol>
      <symbol id="sm-751">
         <name>GPIODirModeSet</name>
         <value>0x3257</value>
         <object_component_ref idref="oc-2af"/>
      </symbol>
      <symbol id="sm-752">
         <name>GPIOPinWrite</name>
         <value>0x3477</value>
         <object_component_ref idref="oc-24a"/>
      </symbol>
      <symbol id="sm-753">
         <name>GPIOPadConfigSet</name>
         <value>0x2233</value>
         <object_component_ref idref="oc-244"/>
      </symbol>
      <symbol id="sm-769">
         <name>FPULazyStackingEnable</name>
         <value>0x33dd</value>
         <object_component_ref idref="oc-232"/>
      </symbol>
      <symbol id="sm-76a">
         <name>FPUEnable</name>
         <value>0x33cd</value>
         <object_component_ref idref="oc-22c"/>
      </symbol>
      <symbol id="sm-774">
         <name>CPUcpsie</name>
         <value>0x340b</value>
         <object_component_ref idref="oc-28b"/>
      </symbol>
      <symbol id="sm-775">
         <name>__TI_static_base__</name>
         <value>0x0</value>
      </symbol>
      <symbol id="sm-776">
         <name>__TI_args_main</name>
         <value>0x1</value>
      </symbol>
      <symbol id="sm-777">
         <name>SHT$$INIT_ARRAY$$Limit</name>
         <value>0x0</value>
      </symbol>
      <symbol id="sm-778">
         <name>SHT$$INIT_ARRAY$$Base</name>
         <value>0x0</value>
      </symbol>
   </symbol_table>
   <title>Link successful</title>
</link_info>
