******************************************************************************
                  TI ARM Linker PC v5.1.9                      
******************************************************************************
>> Linked Mon Nov 24 17:36:54 2014

OUTPUT FILE NAME:   <quadGloveRemote_2.out>
ENTRY POINT SYMBOL: "_c_int00"  address: 00002fb9


MEMORY CONFIGURATION

         name            origin    length      used     unused   attr    fill
----------------------  --------  ---------  --------  --------  ----  --------
  FLASH                 00000000   00040000  0000374c  0003c8b4  R  X
  SRAM                  20000000   00008000  00000462  00007b9e  RW X


SEGMENT ALLOCATION MAP

run origin  load origin   length   init length attrs members
----------  ----------- ---------- ----------- ----- -------
00000000    00000000    00003750   00003750    r-x
  00000000    00000000    0000026c   0000026c    r-- .intvecs
  0000026c    0000026c    0000322e   0000322e    r-x .text
  0000349c    0000349c    000001da   000001da    r-- .const
  00003678    00003678    000000d8   000000d8    r-- .cinit
20000000    20000000    00000462   00000000    rw-
  20000000    20000000    00000200   00000000    rw- .stack
  20000200    20000200    00000138   00000000    rw- .data
  20000338    20000338    0000012a   00000000    rw- .bss


SECTION ALLOCATION MAP

 output                                  attributes/
section   page    origin      length       input sections
--------  ----  ----------  ----------   ----------------
.init_array 
*          0    00000000    00000000     UNINITIALIZED

.intvecs   0    00000000    0000026c     
                  00000000    0000026c     lm4f120h5qr_startup_ccs.obj (.intvecs)

.text      0    0000026c    0000322e     
                  0000026c    0000080c     main.obj (.text)
                  00000a78    000004fc     console.obj (.text)
                  00000f74    0000049c     uartstdio.obj (.text)
                  00001410    00000410     i2c.obj (.text)
                  00001820    000002f4     link.obj (.text)
                  00001b14    000002e4     imufilter.obj (.text)
                  00001df8    000001b6     rtsv7M4_T_le_v4SPD16_eabi.lib : fd_add_t2.obj (.text)
                  00001fae    00000002     --HOLE-- [fill = 0]
                  00001fb0    0000014c     scheduler.obj (.text)
                  000020fc    00000136     rtsv7M4_T_le_v4SPD16_eabi.lib : fd_div_t2.obj (.text)
                  00002232    00000130     driverlib.lib : gpio.obj (.text:GPIOPadConfigSet)
                  00002362    0000011e     adxl345.obj (.text)
                  00002480    00000118     driverlib.lib : sysctl.obj (.text:SysCtlClockGet)
                  00002598    0000010c     gesture.obj (.text)
                  000026a4    000000fc     rtsv7M4_T_le_v4SPD16_eabi.lib : fd_mul_t2.obj (.text)
                  000027a0    000000f0     driverlib.lib : sysctl.obj (.text:SysCtlClockSet)
                  00002890    000000d8     rtsv7M4_T_le_v4SPD16_eabi.lib : atan2f.obj (.text)
                  00002968    000000c8     itg3200.obj (.text)
                  00002a30    000000b8     launchpad.obj (.text)
                  00002ae8    000000ac     cmdline.obj (.text)
                  00002b94    000000a8     rtsv7M4_T_le_v4SPD16_eabi.lib : xfatan.obj (.text)
                  00002c3c    0000009c                                   : memcpy_t2.obj (.text)
                  00002cd8    00000094                                   : auto_init.obj (.text)
                  00002d6c    0000008c     hmc5883l.obj (.text)
                  00002df8    00000086     rtsv7M4_T_le_v4SPD16_eabi.lib : fd_cmp_t2.obj (.text:__aeabi_cdrcmple)
                  00002e7e    0000005e                                   : copy_decompress_rle.obj (.text)
                  00002edc    0000004a                                   : fd_tos_t2.obj (.text)
                  00002f26    00000002     --HOLE-- [fill = 0]
                  00002f28    00000048     driverlib.lib : gpio.obj (.text:GPIOPinConfigure)
                  00002f70    00000048                   : i2c.obj (.text:I2CMasterInitExpClk)
                  00002fb8    00000048     rtsv7M4_T_le_v4SPD16_eabi.lib : boot.obj (.text)
                  00003000    00000048                                   : fd_toi_t2.obj (.text)
                  00003048    00000044                                   : cpy_tbl.obj (.text)
                  0000308c    00000044                                   : exit.obj (.text)
                  000030d0    00000042                                   : u_divt2.obj (.text)
                  00003112    00000040     driverlib.lib : uart.obj (.text:UARTConfigSetExpClk)
                  00003152    00000038     rtsv7M4_T_le_v4SPD16_eabi.lib : fs_tod_t2.obj (.text)
                  0000318a    00000002     --HOLE-- [fill = 0]
                  0000318c    00000034     driverlib.lib : sysctl.obj (.text:SysCtlPeripheralEnable)
                  000031c0    00000034                   : sysctl.obj (.text:SysCtlPeripheralPresent)
                  000031f4    00000034     rtsv7M4_T_le_v4SPD16_eabi.lib : xfdtest.obj (.text)
                  00003228    0000002e                                   : i_tofd_t2.obj (.text)
                  00003256    0000002a     driverlib.lib : gpio.obj (.text:GPIODirModeSet)
                  00003280    00000022     button.obj (.text)
                  000032a2    00000002     --HOLE-- [fill = 0]
                  000032a4    0000001c     driverlib.lib : uart.obj (.text:UARTDisable)
                  000032c0    00000018                   : gpio.obj (.text:GPIOPinTypeGPIOOutput)
                  000032d8    00000018     rtsv7M4_T_le_v4SPD16_eabi.lib : args_main.obj (.text)
                  000032f0    00000018                                   : strcmp.obj (.text)
                  00003308    00000016     driverlib.lib : i2c.obj (.text:I2CMasterErr)
                  0000331e    00000002     --HOLE-- [fill = 0]
                  00003320    00000014                   : systick.obj (.text:SysTickEnable)
                  00003334    00000014                   : systick.obj (.text:SysTickIntEnable)
                  00003348    00000014                   : uart.obj (.text:UARTEnable)
                  0000335c    00000014     rtsv7M4_T_le_v4SPD16_eabi.lib : _lock.obj (.text)
                  00003370    00000012     driverlib.lib : gpio.obj (.text:GPIOPinTypeGPIOInput)
                  00003382    00000012                   : gpio.obj (.text:GPIOPinTypeI2C)
                  00003394    00000012                   : gpio.obj (.text:GPIOPinTypeI2CSCL)
                  000033a6    00000012                   : gpio.obj (.text:GPIOPinTypeUART)
                  000033b8    00000012     rtsv7M4_T_le_v4SPD16_eabi.lib : copy_zero_init.obj (.text:decompress:ZI)
                  000033ca    00000002     --HOLE-- [fill = 0]
                  000033cc    00000010     driverlib.lib : fpu.obj (.text:FPUEnable)
                  000033dc    00000010                   : fpu.obj (.text:FPULazyStackingEnable)
                  000033ec    00000010                   : systick.obj (.text:SysTickPeriodSet)
                  000033fc    0000000e     rtsv7M4_T_le_v4SPD16_eabi.lib : copy_decompress_none.obj (.text:decompress:none)
                  0000340a    0000000c     driverlib.lib : cpu.obj (.text:CPUcpsie)
                  00003416    0000000c                   : uart.obj (.text:UARTCharsAvail)
                  00003422    0000000c     lm4f120h5qr_startup_ccs.obj (.text)
                  0000342e    0000000a     driverlib.lib : i2c.obj (.text:I2CMasterEnable)
                  00003438    0000000a                   : interrupt.obj (.text:IntMasterEnable)
                  00003442    0000000a                   : uart.obj (.text:UARTCharGet)
                  0000344c    0000000a                   : uart.obj (.text:UARTCharPut)
                  00003456    0000000a                   : uart.obj (.text:UARTFIFODisable)
                  00003460    00000008                   : i2c.obj (.text:I2CMasterBusy)
                  00003468    00000008                   : i2c.obj (.text:I2CMasterSlaveAddrSet)
                  00003470    00000006                   : gpio.obj (.text:GPIOPinRead)
                  00003476    00000006                   : gpio.obj (.text:GPIOPinWrite)
                  0000347c    00000006                   : sysctl.obj (.text:SysCtlDelay)
                  00003482    00000006                   : uart.obj (.text:UARTClockSourceSet)
                  00003488    00000006     rtsv7M4_T_le_v4SPD16_eabi.lib : copy_decompress_rle.obj (.text:decompress:rle24)
                  0000348e    00000004     driverlib.lib : i2c.obj (.text:I2CMasterControl)
                  00003492    00000004                   : i2c.obj (.text:I2CMasterDataGet)
                  00003496    00000004                   : i2c.obj (.text:I2CMasterDataPut)

.const     0    0000349c    000001da     
                  0000349c    00000090     driverlib.lib : gpio.obj (.const:g_pui32GPIOBaseAddrs)
                  0000352c    0000007a     console.obj (.const:.string)
                  000035a6    00000002     --HOLE-- [fill = 0]
                  000035a8    0000006c     driverlib.lib : sysctl.obj (.const:g_pui32Xtals)
                  00003614    00000034     rtsv7M4_T_le_v4SPD16_eabi.lib : xfatan.obj (.const)
                  00003648    0000001c     uartstdio.obj (.const)
                  00003664    00000012     uartstdio.obj (.const:.string)

.cinit     0    00003678    000000d8     
                  00003678    000000b3     (.cinit..data.load) [load image, compression = rle]
                  0000372b    00000001     --HOLE-- [fill = 0]
                  0000372c    0000000c     (__TI_handler_table)
                  00003738    00000008     (.cinit..bss.load) [load image, compression = zero_init]
                  00003740    00000010     (__TI_cinit_table)

.stack     0    20000000    00000200     UNINITIALIZED
                  20000000    00000200     --HOLE--

.data      0    20000200    00000138     UNINITIALIZED
                  20000200    00000068     rtsv7M4_T_le_v4SPD16_eabi.lib : xfvalues.obj (.data)
                  20000268    00000064     main.obj (.data:g_psSchedulerTable)
                  200002cc    00000048     console.obj (.data:g_psCmdTable)
                  20000314    00000008     rtsv7M4_T_le_v4SPD16_eabi.lib : _lock.obj (.data)
                  2000031c    00000008                                   : exit.obj (.data)
                  20000324    00000007     main.obj (.data)
                  2000032b    00000001     --HOLE--
                  2000032c    00000005     uartstdio.obj (.data)
                  20000331    00000003     --HOLE--
                  20000334    00000004     rtsv7M4_T_le_v4SPD16_eabi.lib : stkdepth_vars.obj (.data)

.bss       0    20000338    0000012a     UNINITIALIZED
                  20000338    00000080     console.obj (.bss:buffer$1)
                  200003b8    00000024     cmdline.obj (.bss:g_ppcArgv)
                  200003dc    00000024     main.obj (.bss:imu_raw)
                  20000400    00000020     (.common:imu_filtered)
                  20000420    00000018     (.common:imu_offset)
                  20000438    0000000a     (.common:quad)
                  20000442    00000006     (.common:glove)
                  20000448    00000004     (.common:fist_timer$1)
                  2000044c    00000004     (.common:g_ui32SchedulerTickCount)
                  20000450    00000004     (.common:inv_timer$2)
                  20000454    00000004     (.common:led_state)
                  20000458    00000004     (.common:ptr$2)
                  2000045c    00000004     (.common:timer)
                  20000460    00000001     (.common:main_state)
                  20000461    00000001     (.common:stream_state)


LINKER GENERATED COPY TABLES

__TI_cinit_table @ 00003740 records: 2, size/record: 8, table size: 16
	.data: load addr=00003678, load size=000000b3 bytes, run addr=20000200, run size=00000138 bytes, compression=rle
	.bss: load addr=00003738, load size=00000008 bytes, run addr=20000338, run size=0000012a bytes, compression=zero_init


LINKER GENERATED HANDLER TABLE

__TI_handler_table @ 0000372c records: 3, size/record: 4, table size: 12
	index: 0, handler: __TI_decompress_rle24
	index: 1, handler: __TI_decompress_none
	index: 2, handler: __TI_zero_init


GLOBAL SYMBOLS: SORTED ALPHABETICALLY BY Name 

address    name
--------   ----
0000246d   ADXL345GetDataRate
00002363   ADXL345GetDeviceID
00002441   ADXL345GetRange
00002375   ADXL345GetX
00002399   ADXL345GetY
000023bd   ADXL345GetZ
000023e1   ADXL345Init
00002455   ADXL345SetDataRate
000023f5   ADXL345SetRange
00003281   ButtonRead
0000308d   C$$EXIT
0000340b   CPUcpsie
00002ae9   CmdLineProcess
00000a79   ConsoleInit
00000b1d   ConsoleRun
000033cd   FPUEnable
000033dd   FPULazyStackingEnable
00003257   GPIODirModeSet
00002233   GPIOPadConfigSet
00002f29   GPIOPinConfigure
00003471   GPIOPinRead
00003371   GPIOPinTypeGPIOInput
000032c1   GPIOPinTypeGPIOOutput
00003383   GPIOPinTypeI2C
00003395   GPIOPinTypeI2CSCL
000033a7   GPIOPinTypeUART
00003477   GPIOPinWrite
00002599   GestureUpdate
00002d8d   HMC5883LGetX
00002db1   HMC5883LGetY
00002dd5   HMC5883LGetZ
00002d6d   HMC5883LInit
00001411   I2CInit
00003461   I2CMasterBusy
0000348f   I2CMasterControl
00003493   I2CMasterDataGet
00003497   I2CMasterDataPut
0000342f   I2CMasterEnable
00003309   I2CMasterErr
00002f71   I2CMasterInitExpClk
00003469   I2CMasterSlaveAddrSet
0000164d   I2CReadMultiple
00001529   I2CReadSingle
00001761   I2CWriteMultiple
000015ad   I2CWriteSingle
00002a0d   ITG3200GetTemp
000029a1   ITG3200GetX
000029c5   ITG3200GetY
000029e9   ITG3200GetZ
00002969   ITG3200Init
0000026d   ImuCalibrate
00001b15   ImuFilter
000002ad   ImuUpdate
00003439   IntMasterEnable
00002a31   LaunchPadInit
000003c3   LedUpdate
00002a7b   LedWrite
0000184b   LinkInit
00001a79   LinkSend
0000041b   LinkSendWrapper
00003423   ResetISR
UNDEFED    SHT$$INIT_ARRAY$$Base
UNDEFED    SHT$$INIT_ARRAY$$Limit
000020c1   SchedulerElapsedTicksCalc
000020b1   SchedulerElapsedTicksGet
00001fbb   SchedulerInit
00001fd7   SchedulerRun
00001fb1   SchedulerSysTickIntHandler
00002089   SchedulerTaskDisable
00002031   SchedulerTaskEnable
000020ab   SchedulerTickCountGet
00002481   SysCtlClockGet
000027a1   SysCtlClockSet
0000347d   SysCtlDelay
0000318d   SysCtlPeripheralEnable
000031c1   SysCtlPeripheralPresent
00003321   SysTickEnable
00003335   SysTickIntEnable
000033ed   SysTickPeriodSet
000003b1   TimerUpdate
00003443   UARTCharGet
0000344d   UARTCharPut
00003417   UARTCharsAvail
00003483   UARTClockSourceSet
00003113   UARTConfigSetExpClk
000032a5   UARTDisable
00003349   UARTEnable
00003457   UARTFIFODisable
00000f75   UARTStdioConfig
00001821   UARTStringPut
000010bb   UARTgetc
00001001   UARTgets
000013db   UARTprintf
000010e1   UARTvprintf
00000fbb   UARTwrite
00002b95   _FAtan
20000200   _FDenorm
000031f5   _FDtest
20000210   _FEps
20000220   _FInf
20000230   _FNan
20000250   _FRteps
20000240   _FSnan
20000260   _FXbig
20000264   _FZero
20000200   __STACK_END
00000200   __STACK_SIZE
20000200   __STACK_TOP
00003740   __TI_CINIT_Base
00003750   __TI_CINIT_Limit
0000372c   __TI_Handler_Table_Base
00003738   __TI_Handler_Table_Limit
00000001   __TI_args_main
00002cd9   __TI_auto_init
2000031c   __TI_cleanup_ptr
000033fd   __TI_decompress_none
00003489   __TI_decompress_rle24
20000320   __TI_dtors_ptr
00000000   __TI_static_base__
000033b9   __TI_zero_init
00002df9   __aeabi_cdrcmple
00002edd   __aeabi_d2f
00003001   __aeabi_d2iz
00001e03   __aeabi_dadd
000020fd   __aeabi_ddiv
000026a5   __aeabi_dmul
00001df9   __aeabi_dsub
00003153   __aeabi_f2d
00003229   __aeabi_i2d
00002c3d   __aeabi_memcpy
00002c3d   __aeabi_memcpy4
00002c3d   __aeabi_memcpy8
000030d1   __aeabi_uidiv
000030d1   __aeabi_uidivmod
ffffffff   __binit__
ffffffff   __c_args__
20000000   __stack
000032d9   _args_main
00002fb9   _c_int00
20000314   _lock
0000336b   _nop
00003363   _register_lock
0000335d   _register_unlock
20000318   _unlock
00003091   abort
00002891   atan2f
ffffffff   binit
00000afd   cmdStreamEnd
00000ac7   cmdStreamFiltered
00000aeb   cmdStreamGlove
00000ad9   cmdStreamRaw
00000ab5   cmdStreamStatus
00003049   copy_in
00003099   exit
00000000   g_pfnVectors
200002cc   g_psCmdTable
20000268   g_psSchedulerTable
20000324   g_ui32SchedulerNumTasks
20000442   glove
20000400   imu_filtered
20000420   imu_offset
200003dc   imu_raw
20000454   led_state
00000495   main
20000334   main_func_sp
20000460   main_state
00002c3d   memcpy
20000438   quad
000032f1   strcmp
20000461   stream_state
2000045c   timer


GLOBAL SYMBOLS: SORTED BY Symbol Address 

address    name
--------   ----
00000000   __TI_static_base__
00000000   g_pfnVectors
00000001   __TI_args_main
00000200   __STACK_SIZE
0000026d   ImuCalibrate
000002ad   ImuUpdate
000003b1   TimerUpdate
000003c3   LedUpdate
0000041b   LinkSendWrapper
00000495   main
00000a79   ConsoleInit
00000ab5   cmdStreamStatus
00000ac7   cmdStreamFiltered
00000ad9   cmdStreamRaw
00000aeb   cmdStreamGlove
00000afd   cmdStreamEnd
00000b1d   ConsoleRun
00000f75   UARTStdioConfig
00000fbb   UARTwrite
00001001   UARTgets
000010bb   UARTgetc
000010e1   UARTvprintf
000013db   UARTprintf
00001411   I2CInit
00001529   I2CReadSingle
000015ad   I2CWriteSingle
0000164d   I2CReadMultiple
00001761   I2CWriteMultiple
00001821   UARTStringPut
0000184b   LinkInit
00001a79   LinkSend
00001b15   ImuFilter
00001df9   __aeabi_dsub
00001e03   __aeabi_dadd
00001fb1   SchedulerSysTickIntHandler
00001fbb   SchedulerInit
00001fd7   SchedulerRun
00002031   SchedulerTaskEnable
00002089   SchedulerTaskDisable
000020ab   SchedulerTickCountGet
000020b1   SchedulerElapsedTicksGet
000020c1   SchedulerElapsedTicksCalc
000020fd   __aeabi_ddiv
00002233   GPIOPadConfigSet
00002363   ADXL345GetDeviceID
00002375   ADXL345GetX
00002399   ADXL345GetY
000023bd   ADXL345GetZ
000023e1   ADXL345Init
000023f5   ADXL345SetRange
00002441   ADXL345GetRange
00002455   ADXL345SetDataRate
0000246d   ADXL345GetDataRate
00002481   SysCtlClockGet
00002599   GestureUpdate
000026a5   __aeabi_dmul
000027a1   SysCtlClockSet
00002891   atan2f
00002969   ITG3200Init
000029a1   ITG3200GetX
000029c5   ITG3200GetY
000029e9   ITG3200GetZ
00002a0d   ITG3200GetTemp
00002a31   LaunchPadInit
00002a7b   LedWrite
00002ae9   CmdLineProcess
00002b95   _FAtan
00002c3d   __aeabi_memcpy
00002c3d   __aeabi_memcpy4
00002c3d   __aeabi_memcpy8
00002c3d   memcpy
00002cd9   __TI_auto_init
00002d6d   HMC5883LInit
00002d8d   HMC5883LGetX
00002db1   HMC5883LGetY
00002dd5   HMC5883LGetZ
00002df9   __aeabi_cdrcmple
00002edd   __aeabi_d2f
00002f29   GPIOPinConfigure
00002f71   I2CMasterInitExpClk
00002fb9   _c_int00
00003001   __aeabi_d2iz
00003049   copy_in
0000308d   C$$EXIT
00003091   abort
00003099   exit
000030d1   __aeabi_uidiv
000030d1   __aeabi_uidivmod
00003113   UARTConfigSetExpClk
00003153   __aeabi_f2d
0000318d   SysCtlPeripheralEnable
000031c1   SysCtlPeripheralPresent
000031f5   _FDtest
00003229   __aeabi_i2d
00003257   GPIODirModeSet
00003281   ButtonRead
000032a5   UARTDisable
000032c1   GPIOPinTypeGPIOOutput
000032d9   _args_main
000032f1   strcmp
00003309   I2CMasterErr
00003321   SysTickEnable
00003335   SysTickIntEnable
00003349   UARTEnable
0000335d   _register_unlock
00003363   _register_lock
0000336b   _nop
00003371   GPIOPinTypeGPIOInput
00003383   GPIOPinTypeI2C
00003395   GPIOPinTypeI2CSCL
000033a7   GPIOPinTypeUART
000033b9   __TI_zero_init
000033cd   FPUEnable
000033dd   FPULazyStackingEnable
000033ed   SysTickPeriodSet
000033fd   __TI_decompress_none
0000340b   CPUcpsie
00003417   UARTCharsAvail
00003423   ResetISR
0000342f   I2CMasterEnable
00003439   IntMasterEnable
00003443   UARTCharGet
0000344d   UARTCharPut
00003457   UARTFIFODisable
00003461   I2CMasterBusy
00003469   I2CMasterSlaveAddrSet
00003471   GPIOPinRead
00003477   GPIOPinWrite
0000347d   SysCtlDelay
00003483   UARTClockSourceSet
00003489   __TI_decompress_rle24
0000348f   I2CMasterControl
00003493   I2CMasterDataGet
00003497   I2CMasterDataPut
0000372c   __TI_Handler_Table_Base
00003738   __TI_Handler_Table_Limit
00003740   __TI_CINIT_Base
00003750   __TI_CINIT_Limit
20000000   __stack
20000200   _FDenorm
20000200   __STACK_END
20000200   __STACK_TOP
20000210   _FEps
20000220   _FInf
20000230   _FNan
20000240   _FSnan
20000250   _FRteps
20000260   _FXbig
20000264   _FZero
20000268   g_psSchedulerTable
200002cc   g_psCmdTable
20000314   _lock
20000318   _unlock
2000031c   __TI_cleanup_ptr
20000320   __TI_dtors_ptr
20000324   g_ui32SchedulerNumTasks
20000334   main_func_sp
200003dc   imu_raw
20000400   imu_filtered
20000420   imu_offset
20000438   quad
20000442   glove
20000454   led_state
2000045c   timer
20000460   main_state
20000461   stream_state
ffffffff   __binit__
ffffffff   __c_args__
ffffffff   binit
UNDEFED    SHT$$INIT_ARRAY$$Base
UNDEFED    SHT$$INIT_ARRAY$$Limit

[171 symbols]
