<?xml version="1.0"?>
<link_info>
   <banner>TI ARM Linker PC v5.1.5</banner>
   <copyright>Copyright (c) 1996-2014 Texas Instruments Incorporated</copyright>
   <link_time>0x541242c9</link_time>
   <link_errors>0x0</link_errors>
   <output_file>quadGloveRemote.out</output_file>
   <entry_point>
      <name>_c_int00</name>
      <address>0x4261</address>
   </entry_point>
   <input_file_list>
      <input_file id="fl-2">
         <path>.\drivers\</path>
         <kind>object</kind>
         <file>lcd.obj</file>
         <name>lcd.obj</name>
      </input_file>
      <input_file id="fl-3">
         <path>.\drivers\</path>
         <kind>object</kind>
         <file>itg3200.obj</file>
         <name>itg3200.obj</name>
      </input_file>
      <input_file id="fl-4">
         <path>.\drivers\</path>
         <kind>object</kind>
         <file>i2c.obj</file>
         <name>i2c.obj</name>
      </input_file>
      <input_file id="fl-5">
         <path>.\drivers\</path>
         <kind>object</kind>
         <file>hmc5883l.obj</file>
         <name>hmc5883l.obj</name>
      </input_file>
      <input_file id="fl-6">
         <path>.\drivers\</path>
         <kind>object</kind>
         <file>adxl345.obj</file>
         <name>adxl345.obj</name>
      </input_file>
      <input_file id="fl-7">
         <path>.\utils\</path>
         <kind>object</kind>
         <file>ustdlib.obj</file>
         <name>ustdlib.obj</name>
      </input_file>
      <input_file id="fl-8">
         <path>.\utils\</path>
         <kind>object</kind>
         <file>uartstdio.obj</file>
         <name>uartstdio.obj</name>
      </input_file>
      <input_file id="fl-9">
         <path>.\utils\</path>
         <kind>object</kind>
         <file>scheduler.obj</file>
         <name>scheduler.obj</name>
      </input_file>
      <input_file id="fl-a">
         <path>.\utils\</path>
         <kind>object</kind>
         <file>random.obj</file>
         <name>random.obj</name>
      </input_file>
      <input_file id="fl-b">
         <path>.\</path>
         <kind>object</kind>
         <file>main.obj</file>
         <name>main.obj</name>
      </input_file>
      <input_file id="fl-c">
         <path>.\</path>
         <kind>object</kind>
         <file>lm4f120h5qr_startup_ccs.obj</file>
         <name>lm4f120h5qr_startup_ccs.obj</name>
      </input_file>
      <input_file id="fl-13a">
         <path>C:\TI\ccsv6\tools\compiler\arm_5.1.5\lib\</path>
         <kind>archive</kind>
         <file>rtsv7M4_T_le_v4SPD16_eabi.lib</file>
         <name>atan2f.obj</name>
      </input_file>
      <input_file id="fl-13b">
         <path>C:\TI\ccsv6\tools\compiler\arm_5.1.5\lib\</path>
         <kind>archive</kind>
         <file>rtsv7M4_T_le_v4SPD16_eabi.lib</file>
         <name>boot.obj</name>
      </input_file>
      <input_file id="fl-13c">
         <path>C:\TI\ccsv6\tools\compiler\arm_5.1.5\lib\</path>
         <kind>archive</kind>
         <file>rtsv7M4_T_le_v4SPD16_eabi.lib</file>
         <name>copy_decompress_none.obj</name>
      </input_file>
      <input_file id="fl-13d">
         <path>C:\TI\ccsv6\tools\compiler\arm_5.1.5\lib\</path>
         <kind>archive</kind>
         <file>rtsv7M4_T_le_v4SPD16_eabi.lib</file>
         <name>copy_decompress_rle.obj</name>
      </input_file>
      <input_file id="fl-13e">
         <path>C:\TI\ccsv6\tools\compiler\arm_5.1.5\lib\</path>
         <kind>archive</kind>
         <file>rtsv7M4_T_le_v4SPD16_eabi.lib</file>
         <name>copy_zero_init.obj</name>
      </input_file>
      <input_file id="fl-13f">
         <path>C:\TI\ccsv6\tools\compiler\arm_5.1.5\lib\</path>
         <kind>archive</kind>
         <file>rtsv7M4_T_le_v4SPD16_eabi.lib</file>
         <name>exit.obj</name>
      </input_file>
      <input_file id="fl-140">
         <path>C:\TI\ccsv6\tools\compiler\arm_5.1.5\lib\</path>
         <kind>archive</kind>
         <file>rtsv7M4_T_le_v4SPD16_eabi.lib</file>
         <name>fd_add_t2.obj</name>
      </input_file>
      <input_file id="fl-141">
         <path>C:\TI\ccsv6\tools\compiler\arm_5.1.5\lib\</path>
         <kind>archive</kind>
         <file>rtsv7M4_T_le_v4SPD16_eabi.lib</file>
         <name>fd_div_t2.obj</name>
      </input_file>
      <input_file id="fl-142">
         <path>C:\TI\ccsv6\tools\compiler\arm_5.1.5\lib\</path>
         <kind>archive</kind>
         <file>rtsv7M4_T_le_v4SPD16_eabi.lib</file>
         <name>fd_mul_t2.obj</name>
      </input_file>
      <input_file id="fl-143">
         <path>C:\TI\ccsv6\tools\compiler\arm_5.1.5\lib\</path>
         <kind>archive</kind>
         <file>rtsv7M4_T_le_v4SPD16_eabi.lib</file>
         <name>fd_tos_t2.obj</name>
      </input_file>
      <input_file id="fl-144">
         <path>C:\TI\ccsv6\tools\compiler\arm_5.1.5\lib\</path>
         <kind>archive</kind>
         <file>rtsv7M4_T_le_v4SPD16_eabi.lib</file>
         <name>fs_tod_t2.obj</name>
      </input_file>
      <input_file id="fl-145">
         <path>C:\TI\ccsv6\tools\compiler\arm_5.1.5\lib\</path>
         <kind>archive</kind>
         <file>rtsv7M4_T_le_v4SPD16_eabi.lib</file>
         <name>memcpy_t2.obj</name>
      </input_file>
      <input_file id="fl-146">
         <path>C:\TI\ccsv6\tools\compiler\arm_5.1.5\lib\</path>
         <kind>archive</kind>
         <file>rtsv7M4_T_le_v4SPD16_eabi.lib</file>
         <name>stkdepth_vars.obj</name>
      </input_file>
      <input_file id="fl-147">
         <path>C:\TI\ccsv6\tools\compiler\arm_5.1.5\lib\</path>
         <kind>archive</kind>
         <file>rtsv7M4_T_le_v4SPD16_eabi.lib</file>
         <name>u_divt2.obj</name>
      </input_file>
      <input_file id="fl-148">
         <path>C:\TI\ccsv6\tools\compiler\arm_5.1.5\lib\</path>
         <kind>archive</kind>
         <file>rtsv7M4_T_le_v4SPD16_eabi.lib</file>
         <name>xfatan.obj</name>
      </input_file>
      <input_file id="fl-149">
         <path>C:\TI\ccsv6\tools\compiler\arm_5.1.5\lib\</path>
         <kind>archive</kind>
         <file>rtsv7M4_T_le_v4SPD16_eabi.lib</file>
         <name>xfdtest.obj</name>
      </input_file>
      <input_file id="fl-14a">
         <path>C:\TI\ccsv6\tools\compiler\arm_5.1.5\lib\</path>
         <kind>archive</kind>
         <file>rtsv7M4_T_le_v4SPD16_eabi.lib</file>
         <name>xfvalues.obj</name>
      </input_file>
      <input_file id="fl-14b">
         <path>C:\TI\ccsv6\tools\compiler\arm_5.1.5\lib\</path>
         <kind>archive</kind>
         <file>rtsv7M4_T_le_v4SPD16_eabi.lib</file>
         <name>_lock.obj</name>
      </input_file>
      <input_file id="fl-14c">
         <path>C:\TI\ccsv6\tools\compiler\arm_5.1.5\lib\</path>
         <kind>archive</kind>
         <file>rtsv7M4_T_le_v4SPD16_eabi.lib</file>
         <name>args_main.obj</name>
      </input_file>
      <input_file id="fl-14d">
         <path>C:\TI\ccsv6\tools\compiler\arm_5.1.5\lib\</path>
         <kind>archive</kind>
         <file>rtsv7M4_T_le_v4SPD16_eabi.lib</file>
         <name>auto_init.obj</name>
      </input_file>
      <input_file id="fl-14e">
         <path>C:\TI\ccsv6\tools\compiler\arm_5.1.5\lib\</path>
         <kind>archive</kind>
         <file>rtsv7M4_T_le_v4SPD16_eabi.lib</file>
         <name>cpy_tbl.obj</name>
      </input_file>
      <input_file id="fl-14f">
         <path>C:\TI\TivaWare\driverlib\ccs\Debug\</path>
         <kind>archive</kind>
         <file>driverlib.lib</file>
         <name>uart.obj</name>
      </input_file>
      <input_file id="fl-150">
         <path>C:\TI\TivaWare\driverlib\ccs\Debug\</path>
         <kind>archive</kind>
         <file>driverlib.lib</file>
         <name>systick.obj</name>
      </input_file>
      <input_file id="fl-151">
         <path>C:\TI\TivaWare\driverlib\ccs\Debug\</path>
         <kind>archive</kind>
         <file>driverlib.lib</file>
         <name>sysctl.obj</name>
      </input_file>
      <input_file id="fl-152">
         <path>C:\TI\TivaWare\driverlib\ccs\Debug\</path>
         <kind>archive</kind>
         <file>driverlib.lib</file>
         <name>ssi.obj</name>
      </input_file>
      <input_file id="fl-153">
         <path>C:\TI\TivaWare\driverlib\ccs\Debug\</path>
         <kind>archive</kind>
         <file>driverlib.lib</file>
         <name>interrupt.obj</name>
      </input_file>
      <input_file id="fl-154">
         <path>C:\TI\TivaWare\driverlib\ccs\Debug\</path>
         <kind>archive</kind>
         <file>driverlib.lib</file>
         <name>i2c.obj</name>
      </input_file>
      <input_file id="fl-155">
         <path>C:\TI\TivaWare\driverlib\ccs\Debug\</path>
         <kind>archive</kind>
         <file>driverlib.lib</file>
         <name>gpio.obj</name>
      </input_file>
      <input_file id="fl-156">
         <path>C:\TI\TivaWare\driverlib\ccs\Debug\</path>
         <kind>archive</kind>
         <file>driverlib.lib</file>
         <name>fpu.obj</name>
      </input_file>
      <input_file id="fl-157">
         <path>C:\TI\TivaWare\driverlib\ccs\Debug\</path>
         <kind>archive</kind>
         <file>driverlib.lib</file>
         <name>cpu.obj</name>
      </input_file>
   </input_file_list>
   <object_component_list>
      <object_component id="oc-e">
         <name>.intvecs</name>
         <load_address>0x0</load_address>
         <run_address>0x0</run_address>
         <size>0x26c</size>
         <input_file_ref idref="fl-c"/>
      </object_component>
      <object_component id="oc-8e">
         <name>.text</name>
         <load_address>0x26c</load_address>
         <run_address>0x26c</run_address>
         <size>0x1170</size>
         <input_file_ref idref="fl-b"/>
      </object_component>
      <object_component id="oc-181">
         <name>.text</name>
         <load_address>0x13dc</load_address>
         <run_address>0x13dc</run_address>
         <size>0xc84</size>
         <input_file_ref idref="fl-7"/>
      </object_component>
      <object_component id="oc-17c">
         <name>.text</name>
         <load_address>0x2060</load_address>
         <run_address>0x2060</run_address>
         <size>0xa8c</size>
         <input_file_ref idref="fl-2"/>
      </object_component>
      <object_component id="oc-100">
         <name>.text</name>
         <load_address>0x2aec</load_address>
         <run_address>0x2aec</run_address>
         <size>0x49c</size>
         <input_file_ref idref="fl-8"/>
      </object_component>
      <object_component id="oc-192">
         <name>.text</name>
         <load_address>0x2f88</load_address>
         <run_address>0x2f88</run_address>
         <size>0x410</size>
         <input_file_ref idref="fl-4"/>
      </object_component>
      <object_component id="oc-14c">
         <name>.text</name>
         <load_address>0x3398</load_address>
         <run_address>0x3398</run_address>
         <size>0x1b6</size>
         <input_file_ref idref="fl-140"/>
      </object_component>
      <object_component id="oc-29">
         <name>.text</name>
         <load_address>0x3550</load_address>
         <run_address>0x3550</run_address>
         <size>0x14c</size>
         <input_file_ref idref="fl-9"/>
      </object_component>
      <object_component id="oc-164">
         <name>.text</name>
         <load_address>0x369c</load_address>
         <run_address>0x369c</run_address>
         <size>0x136</size>
         <input_file_ref idref="fl-141"/>
      </object_component>
      <object_component id="oc-ec">
         <name>.text:GPIOPadConfigSet</name>
         <load_address>0x37d2</load_address>
         <run_address>0x37d2</run_address>
         <size>0x130</size>
         <input_file_ref idref="fl-155"/>
      </object_component>
      <object_component id="oc-171">
         <name>.text</name>
         <load_address>0x3902</load_address>
         <run_address>0x3902</run_address>
         <size>0x11e</size>
         <input_file_ref idref="fl-6"/>
      </object_component>
      <object_component id="oc-61">
         <name>.text:SysCtlClockGet</name>
         <load_address>0x3a20</load_address>
         <run_address>0x3a20</run_address>
         <size>0x118</size>
         <input_file_ref idref="fl-151"/>
      </object_component>
      <object_component id="oc-148">
         <name>.text</name>
         <load_address>0x3b38</load_address>
         <run_address>0x3b38</run_address>
         <size>0xfc</size>
         <input_file_ref idref="fl-142"/>
      </object_component>
      <object_component id="oc-ce">
         <name>.text:SysCtlClockSet</name>
         <load_address>0x3c34</load_address>
         <run_address>0x3c34</run_address>
         <size>0xf0</size>
         <input_file_ref idref="fl-151"/>
      </object_component>
      <object_component id="oc-168">
         <name>.text</name>
         <load_address>0x3d24</load_address>
         <run_address>0x3d24</run_address>
         <size>0xd8</size>
         <input_file_ref idref="fl-13a"/>
      </object_component>
      <object_component id="oc-155">
         <name>.text</name>
         <load_address>0x3dfc</load_address>
         <run_address>0x3dfc</run_address>
         <size>0xc8</size>
         <input_file_ref idref="fl-3"/>
      </object_component>
      <object_component id="oc-21c">
         <name>.text</name>
         <load_address>0x3ec4</load_address>
         <run_address>0x3ec4</run_address>
         <size>0xa8</size>
         <input_file_ref idref="fl-148"/>
      </object_component>
      <object_component id="oc-42">
         <name>.text</name>
         <load_address>0x3f6c</load_address>
         <run_address>0x3f6c</run_address>
         <size>0x9c</size>
         <input_file_ref idref="fl-145"/>
      </object_component>
      <object_component id="oc-31">
         <name>.text</name>
         <load_address>0x4008</load_address>
         <run_address>0x4008</run_address>
         <size>0x94</size>
         <input_file_ref idref="fl-14d"/>
      </object_component>
      <object_component id="oc-176">
         <name>.text</name>
         <load_address>0x409c</load_address>
         <run_address>0x409c</run_address>
         <size>0x8c</size>
         <input_file_ref idref="fl-5"/>
      </object_component>
      <object_component id="oc-54">
         <name>.text</name>
         <load_address>0x4128</load_address>
         <run_address>0x4128</run_address>
         <size>0x5e</size>
         <input_file_ref idref="fl-13d"/>
      </object_component>
      <object_component id="oc-150">
         <name>.text</name>
         <load_address>0x4186</load_address>
         <run_address>0x4186</run_address>
         <size>0x4a</size>
         <input_file_ref idref="fl-143"/>
      </object_component>
      <object_component id="oc-f1">
         <name>.text:GPIOPinConfigure</name>
         <load_address>0x41d0</load_address>
         <run_address>0x41d0</run_address>
         <size>0x48</size>
         <input_file_ref idref="fl-155"/>
      </object_component>
      <object_component id="oc-253">
         <name>.text:I2CMasterInitExpClk</name>
         <load_address>0x4218</load_address>
         <run_address>0x4218</run_address>
         <size>0x48</size>
         <input_file_ref idref="fl-154"/>
      </object_component>
      <object_component id="oc-10">
         <name>.text</name>
         <load_address>0x4260</load_address>
         <run_address>0x4260</run_address>
         <size>0x48</size>
         <input_file_ref idref="fl-13b"/>
      </object_component>
      <object_component id="oc-88">
         <name>.text</name>
         <load_address>0x42a8</load_address>
         <run_address>0x42a8</run_address>
         <size>0x44</size>
         <input_file_ref idref="fl-14e"/>
      </object_component>
      <object_component id="oc-3a">
         <name>.text</name>
         <load_address>0x42ec</load_address>
         <run_address>0x42ec</run_address>
         <size>0x44</size>
         <input_file_ref idref="fl-13f"/>
      </object_component>
      <object_component id="oc-129">
         <name>.text:SSIConfigSetExpClk</name>
         <load_address>0x4330</load_address>
         <run_address>0x4330</run_address>
         <size>0x42</size>
         <input_file_ref idref="fl-152"/>
      </object_component>
      <object_component id="oc-1f5">
         <name>.text</name>
         <load_address>0x4372</load_address>
         <run_address>0x4372</run_address>
         <size>0x42</size>
         <input_file_ref idref="fl-147"/>
      </object_component>
      <object_component id="oc-105">
         <name>.text:UARTConfigSetExpClk</name>
         <load_address>0x43b4</load_address>
         <run_address>0x43b4</run_address>
         <size>0x40</size>
         <input_file_ref idref="fl-14f"/>
      </object_component>
      <object_component id="oc-144">
         <name>.text</name>
         <load_address>0x43f4</load_address>
         <run_address>0x43f4</run_address>
         <size>0x38</size>
         <input_file_ref idref="fl-144"/>
      </object_component>
      <object_component id="oc-dd">
         <name>.text:SysCtlPeripheralEnable</name>
         <load_address>0x442c</load_address>
         <run_address>0x442c</run_address>
         <size>0x34</size>
         <input_file_ref idref="fl-151"/>
      </object_component>
      <object_component id="oc-1ec">
         <name>.text:SysCtlPeripheralPresent</name>
         <load_address>0x4460</load_address>
         <run_address>0x4460</run_address>
         <size>0x34</size>
         <input_file_ref idref="fl-151"/>
      </object_component>
      <object_component id="oc-217">
         <name>.text</name>
         <load_address>0x4494</load_address>
         <run_address>0x4494</run_address>
         <size>0x34</size>
         <input_file_ref idref="fl-149"/>
      </object_component>
      <object_component id="oc-1dd">
         <name>.text:GPIODirModeSet</name>
         <load_address>0x44c8</load_address>
         <run_address>0x44c8</run_address>
         <size>0x2a</size>
         <input_file_ref idref="fl-155"/>
      </object_component>
      <object_component id="oc-200">
         <name>.text:UARTDisable</name>
         <load_address>0x44f4</load_address>
         <run_address>0x44f4</run_address>
         <size>0x1c</size>
         <input_file_ref idref="fl-14f"/>
      </object_component>
      <object_component id="oc-e2">
         <name>.text:GPIOPinTypeGPIOOutput</name>
         <load_address>0x4510</load_address>
         <run_address>0x4510</run_address>
         <size>0x18</size>
         <input_file_ref idref="fl-155"/>
      </object_component>
      <object_component id="oc-35">
         <name>.text</name>
         <load_address>0x4528</load_address>
         <run_address>0x4528</run_address>
         <size>0x18</size>
         <input_file_ref idref="fl-14c"/>
      </object_component>
      <object_component id="oc-26c">
         <name>.text:I2CMasterErr</name>
         <load_address>0x4540</load_address>
         <run_address>0x4540</run_address>
         <size>0x16</size>
         <input_file_ref idref="fl-154"/>
      </object_component>
      <object_component id="oc-6b">
         <name>.text:SysTickEnable</name>
         <load_address>0x4558</load_address>
         <run_address>0x4558</run_address>
         <size>0x14</size>
         <input_file_ref idref="fl-150"/>
      </object_component>
      <object_component id="oc-70">
         <name>.text:SysTickIntEnable</name>
         <load_address>0x456c</load_address>
         <run_address>0x456c</run_address>
         <size>0x14</size>
         <input_file_ref idref="fl-150"/>
      </object_component>
      <object_component id="oc-10f">
         <name>.text:UARTEnable</name>
         <load_address>0x4580</load_address>
         <run_address>0x4580</run_address>
         <size>0x14</size>
         <input_file_ref idref="fl-14f"/>
      </object_component>
      <object_component id="oc-1b0">
         <name>.text</name>
         <load_address>0x4594</load_address>
         <run_address>0x4594</run_address>
         <size>0x14</size>
         <input_file_ref idref="fl-14b"/>
      </object_component>
      <object_component id="oc-e7">
         <name>.text:GPIOPinTypeGPIOInput</name>
         <load_address>0x45a8</load_address>
         <run_address>0x45a8</run_address>
         <size>0x12</size>
         <input_file_ref idref="fl-155"/>
      </object_component>
      <object_component id="oc-24e">
         <name>.text:GPIOPinTypeI2C</name>
         <load_address>0x45ba</load_address>
         <run_address>0x45ba</run_address>
         <size>0x12</size>
         <input_file_ref idref="fl-155"/>
      </object_component>
      <object_component id="oc-249">
         <name>.text:GPIOPinTypeI2CSCL</name>
         <load_address>0x45cc</load_address>
         <run_address>0x45cc</run_address>
         <size>0x12</size>
         <input_file_ref idref="fl-155"/>
      </object_component>
      <object_component id="oc-124">
         <name>.text:GPIOPinTypeSSI</name>
         <load_address>0x45de</load_address>
         <run_address>0x45de</run_address>
         <size>0x12</size>
         <input_file_ref idref="fl-155"/>
      </object_component>
      <object_component id="oc-f6">
         <name>.text:GPIOPinTypeUART</name>
         <load_address>0x45f0</load_address>
         <run_address>0x45f0</run_address>
         <size>0x12</size>
         <input_file_ref idref="fl-155"/>
      </object_component>
      <object_component id="oc-19">
         <name>.text:decompress:ZI</name>
         <load_address>0x4602</load_address>
         <run_address>0x4602</run_address>
         <size>0x12</size>
         <input_file_ref idref="fl-13e"/>
      </object_component>
      <object_component id="oc-d3">
         <name>.text:FPUEnable</name>
         <load_address>0x4614</load_address>
         <run_address>0x4614</run_address>
         <size>0x10</size>
         <input_file_ref idref="fl-156"/>
      </object_component>
      <object_component id="oc-d8">
         <name>.text:FPULazyStackingEnable</name>
         <load_address>0x4624</load_address>
         <run_address>0x4624</run_address>
         <size>0x10</size>
         <input_file_ref idref="fl-156"/>
      </object_component>
      <object_component id="oc-66">
         <name>.text:SysTickPeriodSet</name>
         <load_address>0x4634</load_address>
         <run_address>0x4634</run_address>
         <size>0x10</size>
         <input_file_ref idref="fl-150"/>
      </object_component>
      <object_component id="oc-14">
         <name>.text:decompress:none</name>
         <load_address>0x4644</load_address>
         <run_address>0x4644</run_address>
         <size>0xe</size>
         <input_file_ref idref="fl-13c"/>
      </object_component>
      <object_component id="oc-278">
         <name>.text:CPUcpsie</name>
         <load_address>0x4652</load_address>
         <run_address>0x4652</run_address>
         <size>0xc</size>
         <input_file_ref idref="fl-157"/>
      </object_component>
      <object_component id="oc-11e">
         <name>.text:UARTCharsAvail</name>
         <load_address>0x465e</load_address>
         <run_address>0x465e</run_address>
         <size>0xc</size>
         <input_file_ref idref="fl-14f"/>
      </object_component>
      <object_component id="oc-24">
         <name>.text</name>
         <load_address>0x466a</load_address>
         <run_address>0x466a</run_address>
         <size>0xc</size>
         <input_file_ref idref="fl-c"/>
      </object_component>
      <object_component id="oc-2bf">
         <name>.text:I2CMasterEnable</name>
         <load_address>0x4676</load_address>
         <run_address>0x4676</run_address>
         <size>0xa</size>
         <input_file_ref idref="fl-154"/>
      </object_component>
      <object_component id="oc-197">
         <name>.text:IntMasterEnable</name>
         <load_address>0x4680</load_address>
         <run_address>0x4680</run_address>
         <size>0xa</size>
         <input_file_ref idref="fl-153"/>
      </object_component>
      <object_component id="oc-229">
         <name>.text:SSIDataPut</name>
         <load_address>0x468a</load_address>
         <run_address>0x468a</run_address>
         <size>0xa</size>
         <input_file_ref idref="fl-152"/>
      </object_component>
      <object_component id="oc-12e">
         <name>.text:SSIEnable</name>
         <load_address>0x4694</load_address>
         <run_address>0x4694</run_address>
         <size>0xa</size>
         <input_file_ref idref="fl-152"/>
      </object_component>
      <object_component id="oc-119">
         <name>.text:UARTCharGet</name>
         <load_address>0x469e</load_address>
         <run_address>0x469e</run_address>
         <size>0xa</size>
         <input_file_ref idref="fl-14f"/>
      </object_component>
      <object_component id="oc-114">
         <name>.text:UARTCharPut</name>
         <load_address>0x46a8</load_address>
         <run_address>0x46a8</run_address>
         <size>0xa</size>
         <input_file_ref idref="fl-14f"/>
      </object_component>
      <object_component id="oc-10a">
         <name>.text:UARTFIFODisable</name>
         <load_address>0x46b2</load_address>
         <run_address>0x46b2</run_address>
         <size>0xa</size>
         <input_file_ref idref="fl-14f"/>
      </object_component>
      <object_component id="oc-258">
         <name>.text:I2CMasterBusy</name>
         <load_address>0x46bc</load_address>
         <run_address>0x46bc</run_address>
         <size>0x8</size>
         <input_file_ref idref="fl-154"/>
      </object_component>
      <object_component id="oc-25d">
         <name>.text:I2CMasterSlaveAddrSet</name>
         <load_address>0x46c4</load_address>
         <run_address>0x46c4</run_address>
         <size>0x8</size>
         <input_file_ref idref="fl-154"/>
      </object_component>
      <object_component id="oc-22e">
         <name>.text:SSIBusy</name>
         <load_address>0x46cc</load_address>
         <run_address>0x46cc</run_address>
         <size>0x8</size>
         <input_file_ref idref="fl-152"/>
      </object_component>
      <object_component id="oc-18a">
         <name>.text:GPIOPinRead</name>
         <load_address>0x46d4</load_address>
         <run_address>0x46d4</run_address>
         <size>0x6</size>
         <input_file_ref idref="fl-155"/>
      </object_component>
      <object_component id="oc-133">
         <name>.text:GPIOPinWrite</name>
         <load_address>0x46da</load_address>
         <run_address>0x46da</run_address>
         <size>0x6</size>
         <input_file_ref idref="fl-155"/>
      </object_component>
      <object_component id="oc-123">
         <name>.text:SysCtlDelay</name>
         <load_address>0x46e0</load_address>
         <run_address>0x46e0</run_address>
         <size>0x6</size>
         <input_file_ref idref="fl-151"/>
      </object_component>
      <object_component id="oc-fb">
         <name>.text:UARTClockSourceSet</name>
         <load_address>0x46e6</load_address>
         <run_address>0x46e6</run_address>
         <size>0x6</size>
         <input_file_ref idref="fl-14f"/>
      </object_component>
      <object_component id="oc-1e">
         <name>.text:decompress:rle24</name>
         <load_address>0x46ec</load_address>
         <run_address>0x46ec</run_address>
         <size>0x6</size>
         <input_file_ref idref="fl-13d"/>
      </object_component>
      <object_component id="oc-267">
         <name>.text:I2CMasterControl</name>
         <load_address>0x46f2</load_address>
         <run_address>0x46f2</run_address>
         <size>0x4</size>
         <input_file_ref idref="fl-154"/>
      </object_component>
      <object_component id="oc-271">
         <name>.text:I2CMasterDataGet</name>
         <load_address>0x46f6</load_address>
         <run_address>0x46f6</run_address>
         <size>0x4</size>
         <input_file_ref idref="fl-154"/>
      </object_component>
      <object_component id="oc-262">
         <name>.text:I2CMasterDataPut</name>
         <load_address>0x46fa</load_address>
         <run_address>0x46fa</run_address>
         <size>0x4</size>
         <input_file_ref idref="fl-154"/>
      </object_component>
      <object_component id="oc-237">
         <name>.const:font_5x7</name>
         <load_address>0x4700</load_address>
         <run_address>0x4700</run_address>
         <size>0x1e0</size>
         <input_file_ref idref="fl-2"/>
      </object_component>
      <object_component id="oc-1e6">
         <name>.const:g_pui32GPIOBaseAddrs</name>
         <load_address>0x48e0</load_address>
         <run_address>0x48e0</run_address>
         <size>0x90</size>
         <input_file_ref idref="fl-155"/>
      </object_component>
      <object_component id="oc-b4">
         <name>.const:g_pui32Xtals</name>
         <load_address>0x4970</load_address>
         <run_address>0x4970</run_address>
         <size>0x6c</size>
         <input_file_ref idref="fl-151"/>
      </object_component>
      <object_component id="oc-233">
         <name>.const</name>
         <load_address>0x49dc</load_address>
         <run_address>0x49dc</run_address>
         <size>0x3c</size>
         <input_file_ref idref="fl-2"/>
      </object_component>
      <object_component id="oc-2a1">
         <name>.const</name>
         <load_address>0x4a18</load_address>
         <run_address>0x4a18</run_address>
         <size>0x34</size>
         <input_file_ref idref="fl-148"/>
      </object_component>
      <object_component id="oc-23d">
         <name>.const:g_psDaysToMonth</name>
         <load_address>0x4a4c</load_address>
         <run_address>0x4a4c</run_address>
         <size>0x30</size>
         <input_file_ref idref="fl-7"/>
      </object_component>
      <object_component id="oc-1f1">
         <name>.const</name>
         <load_address>0x4a7c</load_address>
         <run_address>0x4a7c</run_address>
         <size>0x1c</size>
         <input_file_ref idref="fl-8"/>
      </object_component>
      <object_component id="oc-23b">
         <name>.const</name>
         <load_address>0x4a98</load_address>
         <run_address>0x4a98</run_address>
         <size>0x1c</size>
         <input_file_ref idref="fl-7"/>
      </object_component>
      <object_component id="oc-290">
         <name>.const:.string</name>
         <load_address>0x4ab4</load_address>
         <run_address>0x4ab4</run_address>
         <size>0x12</size>
         <input_file_ref idref="fl-8"/>
      </object_component>
      <object_component id="oc-2b4">
         <name>.const:.string</name>
         <load_address>0x4ac8</load_address>
         <run_address>0x4ac8</run_address>
         <size>0x12</size>
         <input_file_ref idref="fl-7"/>
      </object_component>
      <object_component id="oc-2fc">
         <name>.cinit..data.load</name>
         <load_address>0x4ae0</load_address>
         <run_address>0x4ae0</run_address>
         <size>0x7a</size>
      </object_component>
      <object_component id="oc-2fa">
         <name>__TI_handler_table</name>
         <load_address>0x4b5c</load_address>
         <run_address>0x4b5c</run_address>
         <size>0xc</size>
      </object_component>
      <object_component id="oc-2fd">
         <name>.cinit..bss.load</name>
         <load_address>0x4b68</load_address>
         <run_address>0x4b68</run_address>
         <size>0x8</size>
      </object_component>
      <object_component id="oc-2fb">
         <name>__TI_cinit_table</name>
         <load_address>0x4b70</load_address>
         <run_address>0x4b70</run_address>
         <size>0x10</size>
      </object_component>
      <object_component id="oc-3f">
         <name>.data</name>
         <load_address>0x20000300</load_address>
         <run_address>0x20000300</run_address>
         <size>0x4</size>
         <input_file_ref idref="fl-146"/>
      </object_component>
      <object_component id="oc-77">
         <name>.data</name>
         <load_address>0x200002fc</load_address>
         <run_address>0x200002fc</run_address>
         <size>0x4</size>
         <input_file_ref idref="fl-b"/>
      </object_component>
      <object_component id="oc-79">
         <name>.data:g_psSchedulerTable</name>
         <load_address>0x20000268</load_address>
         <run_address>0x20000268</run_address>
         <size>0x64</size>
         <input_file_ref idref="fl-b"/>
      </object_component>
      <object_component id="oc-9a">
         <name>.data</name>
         <load_address>0x200002e4</load_address>
         <run_address>0x200002e4</run_address>
         <size>0x8</size>
         <input_file_ref idref="fl-14b"/>
      </object_component>
      <object_component id="oc-9c">
         <name>.data</name>
         <load_address>0x200002ec</load_address>
         <run_address>0x200002ec</run_address>
         <size>0x8</size>
         <input_file_ref idref="fl-13f"/>
      </object_component>
      <object_component id="oc-1f3">
         <name>.data</name>
         <load_address>0x200002f4</load_address>
         <run_address>0x200002f4</run_address>
         <size>0x5</size>
         <input_file_ref idref="fl-8"/>
      </object_component>
      <object_component id="oc-235">
         <name>.data</name>
         <load_address>0x200002cc</load_address>
         <run_address>0x200002cc</run_address>
         <size>0x18</size>
         <input_file_ref idref="fl-2"/>
      </object_component>
      <object_component id="oc-23f">
         <name>.data</name>
         <load_address>0x20000304</load_address>
         <run_address>0x20000304</run_address>
         <size>0x4</size>
         <input_file_ref idref="fl-7"/>
      </object_component>
      <object_component id="oc-29f">
         <name>.data</name>
         <load_address>0x20000200</load_address>
         <run_address>0x20000200</run_address>
         <size>0x68</size>
         <input_file_ref idref="fl-14a"/>
      </object_component>
      <object_component id="oc-15a">
         <name>.bss:pid$5</name>
         <uninitialized>true</uninitialized>
         <run_address>0x20000308</run_address>
         <size>0x30</size>
         <input_file_ref idref="fl-b"/>
      </object_component>
      <object_component id="oc-16d">
         <name>.bss:imu_raw</name>
         <uninitialized>true</uninitialized>
         <run_address>0x20000338</run_address>
         <size>0x24</size>
         <input_file_ref idref="fl-b"/>
      </object_component>
      <object_component id="oc-75">
         <name>.common:g_ui32SchedulerTickCount</name>
         <uninitialized>true</uninitialized>
         <run_address>0x200003a8</run_address>
         <size>0x4</size>
      </object_component>
      <object_component id="oc-13a">
         <name>.common:lastState$1</name>
         <uninitialized>true</uninitialized>
         <run_address>0x2000039e</run_address>
         <size>0x1</size>
      </object_component>
      <object_component id="oc-13c">
         <name>.common:lastTime$2</name>
         <uninitialized>true</uninitialized>
         <run_address>0x200003b4</run_address>
         <size>0x4</size>
      </object_component>
      <object_component id="oc-139">
         <name>.common:lastAltitude$3</name>
         <uninitialized>true</uninitialized>
         <run_address>0x200003ac</run_address>
         <size>0x4</size>
      </object_component>
      <object_component id="oc-140">
         <name>.common:lastAltitude$4</name>
         <uninitialized>true</uninitialized>
         <run_address>0x200003b0</run_address>
         <size>0x4</size>
      </object_component>
      <object_component id="oc-191">
         <name>.common:imu_offset</name>
         <uninitialized>true</uninitialized>
         <run_address>0x2000037c</run_address>
         <size>0x18</size>
      </object_component>
      <object_component id="oc-19c">
         <name>.common:imu_filtered</name>
         <uninitialized>true</uninitialized>
         <run_address>0x2000035c</run_address>
         <size>0x20</size>
      </object_component>
      <object_component id="oc-1a1">
         <name>.common:quad_control</name>
         <uninitialized>true</uninitialized>
         <run_address>0x20000394</run_address>
         <size>0xa</size>
      </object_component>
      <object_component id="oc-1a2">
         <name>.common:main_state</name>
         <uninitialized>true</uninitialized>
         <run_address>0x200003a0</run_address>
         <size>0x8</size>
      </object_component>
      <object_component id="oc-23">
         <name>.stack</name>
         <uninitialized>true</uninitialized>
         <run_address>0x20000000</run_address>
         <size>0x0</size>
         <input_file_ref idref="fl-13b"/>
      </object_component>
      <object_component id="oc-2fe">
         <name>.stack</name>
         <uninitialized>true</uninitialized>
         <run_address>0x20000000</run_address>
         <size>0x0</size>
      </object_component>
      <object_component id="oc-f">
         <name>.debug_info</name>
         <load_address>0x0</load_address>
         <run_address>0x0</run_address>
         <size>0xda</size>
         <input_file_ref idref="fl-c"/>
      </object_component>
      <object_component id="oc-13">
         <name>.debug_info</name>
         <load_address>0xda</load_address>
         <run_address>0xda</run_address>
         <size>0xf3</size>
         <input_file_ref idref="fl-13b"/>
      </object_component>
      <object_component id="oc-15">
         <name>.debug_info</name>
         <load_address>0x1cd</load_address>
         <run_address>0x1cd</run_address>
         <size>0x194</size>
         <input_file_ref idref="fl-13c"/>
      </object_component>
      <object_component id="oc-1d">
         <name>.debug_info</name>
         <load_address>0x361</load_address>
         <run_address>0x361</run_address>
         <size>0x16a</size>
         <input_file_ref idref="fl-13e"/>
      </object_component>
      <object_component id="oc-21">
         <name>.debug_info</name>
         <load_address>0x4cb</load_address>
         <run_address>0x4cb</run_address>
         <size>0x18e</size>
         <input_file_ref idref="fl-13d"/>
      </object_component>
      <object_component id="oc-27">
         <name>.debug_info</name>
         <load_address>0x659</load_address>
         <run_address>0x659</run_address>
         <size>0x24e</size>
         <input_file_ref idref="fl-c"/>
      </object_component>
      <object_component id="oc-2b">
         <name>.debug_info</name>
         <load_address>0x8a7</load_address>
         <run_address>0x8a7</run_address>
         <size>0x6e1</size>
         <input_file_ref idref="fl-9"/>
      </object_component>
      <object_component id="oc-30">
         <name>.debug_info</name>
         <load_address>0xf88</load_address>
         <run_address>0xf88</run_address>
         <size>0x12b</size>
         <input_file_ref idref="fl-c"/>
      </object_component>
      <object_component id="oc-32">
         <name>.debug_info</name>
         <load_address>0x10b3</load_address>
         <run_address>0x10b3</run_address>
         <size>0x13d</size>
         <input_file_ref idref="fl-14d"/>
      </object_component>
      <object_component id="oc-37">
         <name>.debug_info</name>
         <load_address>0x11f0</load_address>
         <run_address>0x11f0</run_address>
         <size>0x11c</size>
         <input_file_ref idref="fl-14c"/>
      </object_component>
      <object_component id="oc-3b">
         <name>.debug_info</name>
         <load_address>0x130c</load_address>
         <run_address>0x130c</run_address>
         <size>0x1c2</size>
         <input_file_ref idref="fl-13f"/>
      </object_component>
      <object_component id="oc-40">
         <name>.debug_info</name>
         <load_address>0x14ce</load_address>
         <run_address>0x14ce</run_address>
         <size>0xbe</size>
         <input_file_ref idref="fl-146"/>
      </object_component>
      <object_component id="oc-43">
         <name>.debug_info</name>
         <load_address>0x158c</load_address>
         <run_address>0x158c</run_address>
         <size>0xcc</size>
         <input_file_ref idref="fl-145"/>
      </object_component>
      <object_component id="oc-47">
         <name>.debug_info</name>
         <load_address>0x1658</load_address>
         <run_address>0x1658</run_address>
         <size>0x46</size>
         <input_file_ref idref="fl-13c"/>
      </object_component>
      <object_component id="oc-4c">
         <name>.debug_info</name>
         <load_address>0x169e</load_address>
         <run_address>0x169e</run_address>
         <size>0xf2</size>
         <input_file_ref idref="fl-13c"/>
      </object_component>
      <object_component id="oc-4e">
         <name>.debug_info</name>
         <load_address>0x1790</load_address>
         <run_address>0x1790</run_address>
         <size>0x46</size>
         <input_file_ref idref="fl-13e"/>
      </object_component>
      <object_component id="oc-53">
         <name>.debug_info</name>
         <load_address>0x17d6</load_address>
         <run_address>0x17d6</run_address>
         <size>0xad</size>
         <input_file_ref idref="fl-13e"/>
      </object_component>
      <object_component id="oc-57">
         <name>.debug_info</name>
         <load_address>0x1883</load_address>
         <run_address>0x1883</run_address>
         <size>0x1ef</size>
         <input_file_ref idref="fl-13d"/>
      </object_component>
      <object_component id="oc-5a">
         <name>.debug_info</name>
         <load_address>0x1a72</load_address>
         <run_address>0x1a72</run_address>
         <size>0xb7</size>
         <input_file_ref idref="fl-13d"/>
      </object_component>
      <object_component id="oc-5b">
         <name>.debug_info</name>
         <load_address>0x1b29</load_address>
         <run_address>0x1b29</run_address>
         <size>0x39</size>
         <input_file_ref idref="fl-13d"/>
      </object_component>
      <object_component id="oc-62">
         <name>.debug_info</name>
         <load_address>0x1b62</load_address>
         <run_address>0x1b62</run_address>
         <size>0x219</size>
         <input_file_ref idref="fl-151"/>
      </object_component>
      <object_component id="oc-68">
         <name>.debug_info</name>
         <load_address>0x1d7b</load_address>
         <run_address>0x1d7b</run_address>
         <size>0x1c5</size>
         <input_file_ref idref="fl-150"/>
      </object_component>
      <object_component id="oc-6c">
         <name>.debug_info</name>
         <load_address>0x1f40</load_address>
         <run_address>0x1f40</run_address>
         <size>0x185</size>
         <input_file_ref idref="fl-150"/>
      </object_component>
      <object_component id="oc-72">
         <name>.debug_info</name>
         <load_address>0x20c5</load_address>
         <run_address>0x20c5</run_address>
         <size>0x18b</size>
         <input_file_ref idref="fl-150"/>
      </object_component>
      <object_component id="oc-76">
         <name>.debug_info</name>
         <load_address>0x2250</load_address>
         <run_address>0x2250</run_address>
         <size>0x227</size>
         <input_file_ref idref="fl-9"/>
      </object_component>
      <object_component id="oc-78">
         <name>.debug_info</name>
         <load_address>0x2477</load_address>
         <run_address>0x2477</run_address>
         <size>0xde</size>
         <input_file_ref idref="fl-b"/>
      </object_component>
      <object_component id="oc-7a">
         <name>.debug_info</name>
         <load_address>0x2555</load_address>
         <run_address>0x2555</run_address>
         <size>0xd4</size>
         <input_file_ref idref="fl-b"/>
      </object_component>
      <object_component id="oc-7c">
         <name>.debug_info</name>
         <load_address>0x2629</load_address>
         <run_address>0x2629</run_address>
         <size>0x18b</size>
         <input_file_ref idref="fl-2"/>
      </object_component>
      <object_component id="oc-81">
         <name>.debug_info</name>
         <load_address>0x27b4</load_address>
         <run_address>0x27b4</run_address>
         <size>0x2c</size>
         <input_file_ref idref="fl-2"/>
      </object_component>
      <object_component id="oc-89">
         <name>.debug_info</name>
         <load_address>0x27e0</load_address>
         <run_address>0x27e0</run_address>
         <size>0x14b</size>
         <input_file_ref idref="fl-14e"/>
      </object_component>
      <object_component id="oc-90">
         <name>.debug_info</name>
         <load_address>0x292b</load_address>
         <run_address>0x292b</run_address>
         <size>0x19cd</size>
         <input_file_ref idref="fl-b"/>
      </object_component>
      <object_component id="oc-94">
         <name>.debug_info</name>
         <load_address>0x42f8</load_address>
         <run_address>0x42f8</run_address>
         <size>0x84</size>
         <input_file_ref idref="fl-2"/>
      </object_component>
      <object_component id="oc-99">
         <name>.debug_info</name>
         <load_address>0x437c</load_address>
         <run_address>0x437c</run_address>
         <size>0x11b</size>
         <input_file_ref idref="fl-14c"/>
      </object_component>
      <object_component id="oc-9b">
         <name>.debug_info</name>
         <load_address>0x4497</load_address>
         <run_address>0x4497</run_address>
         <size>0xc8</size>
         <input_file_ref idref="fl-14b"/>
      </object_component>
      <object_component id="oc-9d">
         <name>.debug_info</name>
         <load_address>0x455f</load_address>
         <run_address>0x455f</run_address>
         <size>0xeb</size>
         <input_file_ref idref="fl-13f"/>
      </object_component>
      <object_component id="oc-9f">
         <name>.debug_info</name>
         <load_address>0x464a</load_address>
         <run_address>0x464a</run_address>
         <size>0x146</size>
         <input_file_ref idref="fl-13f"/>
      </object_component>
      <object_component id="oc-a3">
         <name>.debug_info</name>
         <load_address>0x4790</load_address>
         <run_address>0x4790</run_address>
         <size>0x2c</size>
         <input_file_ref idref="fl-13c"/>
      </object_component>
      <object_component id="oc-aa">
         <name>.debug_info</name>
         <load_address>0x47bc</load_address>
         <run_address>0x47bc</run_address>
         <size>0x2c</size>
         <input_file_ref idref="fl-b"/>
      </object_component>
      <object_component id="oc-b5">
         <name>.debug_info</name>
         <load_address>0x47e8</load_address>
         <run_address>0x47e8</run_address>
         <size>0xff</size>
         <input_file_ref idref="fl-151"/>
      </object_component>
      <object_component id="oc-b7">
         <name>.debug_info</name>
         <load_address>0x48e7</load_address>
         <run_address>0x48e7</run_address>
         <size>0x18b</size>
         <input_file_ref idref="fl-14f"/>
      </object_component>
      <object_component id="oc-bd">
         <name>.debug_info</name>
         <load_address>0x4a72</load_address>
         <run_address>0x4a72</run_address>
         <size>0x144</size>
         <input_file_ref idref="fl-150"/>
      </object_component>
      <object_component id="oc-c2">
         <name>.debug_info</name>
         <load_address>0x4bb6</load_address>
         <run_address>0x4bb6</run_address>
         <size>0xa7</size>
         <input_file_ref idref="fl-9"/>
      </object_component>
      <object_component id="oc-cb">
         <name>.debug_info</name>
         <load_address>0x4c5d</load_address>
         <run_address>0x4c5d</run_address>
         <size>0xbc1</size>
         <input_file_ref idref="fl-b"/>
      </object_component>
      <object_component id="oc-cd">
         <name>.debug_info</name>
         <load_address>0x581e</load_address>
         <run_address>0x581e</run_address>
         <size>0x148</size>
         <input_file_ref idref="fl-14e"/>
      </object_component>
      <object_component id="oc-cf">
         <name>.debug_info</name>
         <load_address>0x5966</load_address>
         <run_address>0x5966</run_address>
         <size>0x363</size>
         <input_file_ref idref="fl-151"/>
      </object_component>
      <object_component id="oc-d4">
         <name>.debug_info</name>
         <load_address>0x5cc9</load_address>
         <run_address>0x5cc9</run_address>
         <size>0x171</size>
         <input_file_ref idref="fl-156"/>
      </object_component>
      <object_component id="oc-d9">
         <name>.debug_info</name>
         <load_address>0x5e3a</load_address>
         <run_address>0x5e3a</run_address>
         <size>0x189</size>
         <input_file_ref idref="fl-156"/>
      </object_component>
      <object_component id="oc-de">
         <name>.debug_info</name>
         <load_address>0x5fc3</load_address>
         <run_address>0x5fc3</run_address>
         <size>0x1e1</size>
         <input_file_ref idref="fl-151"/>
      </object_component>
      <object_component id="oc-e5">
         <name>.debug_info</name>
         <load_address>0x61a4</load_address>
         <run_address>0x61a4</run_address>
         <size>0x1eb</size>
         <input_file_ref idref="fl-155"/>
      </object_component>
      <object_component id="oc-ea">
         <name>.debug_info</name>
         <load_address>0x638f</load_address>
         <run_address>0x638f</run_address>
         <size>0x1e9</size>
         <input_file_ref idref="fl-155"/>
      </object_component>
      <object_component id="oc-ee">
         <name>.debug_info</name>
         <load_address>0x6578</load_address>
         <run_address>0x6578</run_address>
         <size>0x312</size>
         <input_file_ref idref="fl-155"/>
      </object_component>
      <object_component id="oc-f4">
         <name>.debug_info</name>
         <load_address>0x688a</load_address>
         <run_address>0x688a</run_address>
         <size>0x1e4</size>
         <input_file_ref idref="fl-155"/>
      </object_component>
      <object_component id="oc-f8">
         <name>.debug_info</name>
         <load_address>0x6a6e</load_address>
         <run_address>0x6a6e</run_address>
         <size>0x1df</size>
         <input_file_ref idref="fl-155"/>
      </object_component>
      <object_component id="oc-fc">
         <name>.debug_info</name>
         <load_address>0x6c4d</load_address>
         <run_address>0x6c4d</run_address>
         <size>0x1f5</size>
         <input_file_ref idref="fl-14f"/>
      </object_component>
      <object_component id="oc-101">
         <name>.debug_info</name>
         <load_address>0x6e42</load_address>
         <run_address>0x6e42</run_address>
         <size>0x7be</size>
         <input_file_ref idref="fl-8"/>
      </object_component>
      <object_component id="oc-106">
         <name>.debug_info</name>
         <load_address>0x7600</load_address>
         <run_address>0x7600</run_address>
         <size>0x28a</size>
         <input_file_ref idref="fl-14f"/>
      </object_component>
      <object_component id="oc-10b">
         <name>.debug_info</name>
         <load_address>0x788a</load_address>
         <run_address>0x788a</run_address>
         <size>0x1b5</size>
         <input_file_ref idref="fl-14f"/>
      </object_component>
      <object_component id="oc-110">
         <name>.debug_info</name>
         <load_address>0x7a3f</load_address>
         <run_address>0x7a3f</run_address>
         <size>0x1ab</size>
         <input_file_ref idref="fl-14f"/>
      </object_component>
      <object_component id="oc-115">
         <name>.debug_info</name>
         <load_address>0x7bea</load_address>
         <run_address>0x7bea</run_address>
         <size>0x25d</size>
         <input_file_ref idref="fl-14f"/>
      </object_component>
      <object_component id="oc-11a">
         <name>.debug_info</name>
         <load_address>0x7e47</load_address>
         <run_address>0x7e47</run_address>
         <size>0x237</size>
         <input_file_ref idref="fl-14f"/>
      </object_component>
      <object_component id="oc-11f">
         <name>.debug_info</name>
         <load_address>0x807e</load_address>
         <run_address>0x807e</run_address>
         <size>0x1b7</size>
         <input_file_ref idref="fl-14f"/>
      </object_component>
      <object_component id="oc-127">
         <name>.debug_info</name>
         <load_address>0x8235</load_address>
         <run_address>0x8235</run_address>
         <size>0x1dd</size>
         <input_file_ref idref="fl-155"/>
      </object_component>
      <object_component id="oc-12b">
         <name>.debug_info</name>
         <load_address>0x8412</load_address>
         <run_address>0x8412</run_address>
         <size>0x3c2</size>
         <input_file_ref idref="fl-152"/>
      </object_component>
      <object_component id="oc-130">
         <name>.debug_info</name>
         <load_address>0x87d4</load_address>
         <run_address>0x87d4</run_address>
         <size>0x1a6</size>
         <input_file_ref idref="fl-152"/>
      </object_component>
      <object_component id="oc-135">
         <name>.debug_info</name>
         <load_address>0x897a</load_address>
         <run_address>0x897a</run_address>
         <size>0x207</size>
         <input_file_ref idref="fl-155"/>
      </object_component>
      <object_component id="oc-145">
         <name>.debug_info</name>
         <load_address>0x8b81</load_address>
         <run_address>0x8b81</run_address>
         <size>0xdf</size>
         <input_file_ref idref="fl-144"/>
      </object_component>
      <object_component id="oc-14b">
         <name>.debug_info</name>
         <load_address>0x8c60</load_address>
         <run_address>0x8c60</run_address>
         <size>0xed</size>
         <input_file_ref idref="fl-142"/>
      </object_component>
      <object_component id="oc-14f">
         <name>.debug_info</name>
         <load_address>0x8d4d</load_address>
         <run_address>0x8d4d</run_address>
         <size>0xff</size>
         <input_file_ref idref="fl-140"/>
      </object_component>
      <object_component id="oc-151">
         <name>.debug_info</name>
         <load_address>0x8e4c</load_address>
         <run_address>0x8e4c</run_address>
         <size>0xe8</size>
         <input_file_ref idref="fl-143"/>
      </object_component>
      <object_component id="oc-156">
         <name>.debug_info</name>
         <load_address>0x8f34</load_address>
         <run_address>0x8f34</run_address>
         <size>0x499</size>
         <input_file_ref idref="fl-3"/>
      </object_component>
      <object_component id="oc-165">
         <name>.debug_info</name>
         <load_address>0x93cd</load_address>
         <run_address>0x93cd</run_address>
         <size>0xed</size>
         <input_file_ref idref="fl-141"/>
      </object_component>
      <object_component id="oc-16b">
         <name>.debug_info</name>
         <load_address>0x94ba</load_address>
         <run_address>0x94ba</run_address>
         <size>0x17b</size>
         <input_file_ref idref="fl-13a"/>
      </object_component>
      <object_component id="oc-16e">
         <name>.debug_info</name>
         <load_address>0x9635</load_address>
         <run_address>0x9635</run_address>
         <size>0xbd</size>
         <input_file_ref idref="fl-b"/>
      </object_component>
      <object_component id="oc-173">
         <name>.debug_info</name>
         <load_address>0x96f2</load_address>
         <run_address>0x96f2</run_address>
         <size>0x7a4</size>
         <input_file_ref idref="fl-6"/>
      </object_component>
      <object_component id="oc-179">
         <name>.debug_info</name>
         <load_address>0x9e96</load_address>
         <run_address>0x9e96</run_address>
         <size>0x3bc</size>
         <input_file_ref idref="fl-5"/>
      </object_component>
      <object_component id="oc-17f">
         <name>.debug_info</name>
         <load_address>0xa252</load_address>
         <run_address>0xa252</run_address>
         <size>0x14fd</size>
         <input_file_ref idref="fl-2"/>
      </object_component>
      <object_component id="oc-182">
         <name>.debug_info</name>
         <load_address>0xb74f</load_address>
         <run_address>0xb74f</run_address>
         <size>0xf10</size>
         <input_file_ref idref="fl-7"/>
      </object_component>
      <object_component id="oc-18d">
         <name>.debug_info</name>
         <load_address>0xc65f</load_address>
         <run_address>0xc65f</run_address>
         <size>0x1df</size>
         <input_file_ref idref="fl-155"/>
      </object_component>
      <object_component id="oc-195">
         <name>.debug_info</name>
         <load_address>0xc83e</load_address>
         <run_address>0xc83e</run_address>
         <size>0xd07</size>
         <input_file_ref idref="fl-4"/>
      </object_component>
      <object_component id="oc-199">
         <name>.debug_info</name>
         <load_address>0xd545</load_address>
         <run_address>0xd545</run_address>
         <size>0x1a2</size>
         <input_file_ref idref="fl-153"/>
      </object_component>
      <object_component id="oc-1a4">
         <name>.debug_info</name>
         <load_address>0xd6e7</load_address>
         <run_address>0xd6e7</run_address>
         <size>0x335</size>
         <input_file_ref idref="fl-b"/>
      </object_component>
      <object_component id="oc-1ab">
         <name>.debug_info</name>
         <load_address>0xda1c</load_address>
         <run_address>0xda1c</run_address>
         <size>0x5e</size>
         <input_file_ref idref="fl-14c"/>
      </object_component>
      <object_component id="oc-1b3">
         <name>.debug_info</name>
         <load_address>0xda7a</load_address>
         <run_address>0xda7a</run_address>
         <size>0x1d4</size>
         <input_file_ref idref="fl-14b"/>
      </object_component>
      <object_component id="oc-1b7">
         <name>.debug_info</name>
         <load_address>0xdc4e</load_address>
         <run_address>0xdc4e</run_address>
         <size>0xd9</size>
         <input_file_ref idref="fl-14b"/>
      </object_component>
      <object_component id="oc-1be">
         <name>.debug_info</name>
         <load_address>0xdd27</load_address>
         <run_address>0xdd27</run_address>
         <size>0x226</size>
         <input_file_ref idref="fl-151"/>
      </object_component>
      <object_component id="oc-1bf">
         <name>.debug_info</name>
         <load_address>0xdf4d</load_address>
         <run_address>0xdf4d</run_address>
         <size>0x90</size>
         <input_file_ref idref="fl-14f"/>
      </object_component>
      <object_component id="oc-1c8">
         <name>.debug_info</name>
         <load_address>0xdfdd</load_address>
         <run_address>0xdfdd</run_address>
         <size>0xac</size>
         <input_file_ref idref="fl-b"/>
      </object_component>
      <object_component id="oc-1cd">
         <name>.debug_info</name>
         <load_address>0xe089</load_address>
         <run_address>0xe089</run_address>
         <size>0x101</size>
         <input_file_ref idref="fl-6"/>
      </object_component>
      <object_component id="oc-1d4">
         <name>.debug_info</name>
         <load_address>0xe18a</load_address>
         <run_address>0xe18a</run_address>
         <size>0xcd</size>
         <input_file_ref idref="fl-14e"/>
      </object_component>
      <object_component id="oc-1df">
         <name>.debug_info</name>
         <load_address>0xe257</load_address>
         <run_address>0xe257</run_address>
         <size>0x217</size>
         <input_file_ref idref="fl-155"/>
      </object_component>
      <object_component id="oc-1e5">
         <name>.debug_info</name>
         <load_address>0xe46e</load_address>
         <run_address>0xe46e</run_address>
         <size>0x1d7</size>
         <input_file_ref idref="fl-155"/>
      </object_component>
      <object_component id="oc-1e7">
         <name>.debug_info</name>
         <load_address>0xe645</load_address>
         <run_address>0xe645</run_address>
         <size>0x10d</size>
         <input_file_ref idref="fl-155"/>
      </object_component>
      <object_component id="oc-1eb">
         <name>.debug_info</name>
         <load_address>0xe752</load_address>
         <run_address>0xe752</run_address>
         <size>0x1ce</size>
         <input_file_ref idref="fl-14f"/>
      </object_component>
      <object_component id="oc-1ed">
         <name>.debug_info</name>
         <load_address>0xe920</load_address>
         <run_address>0xe920</run_address>
         <size>0x1e7</size>
         <input_file_ref idref="fl-151"/>
      </object_component>
      <object_component id="oc-1f2">
         <name>.debug_info</name>
         <load_address>0xeb07</load_address>
         <run_address>0xeb07</run_address>
         <size>0x123</size>
         <input_file_ref idref="fl-8"/>
      </object_component>
      <object_component id="oc-1f4">
         <name>.debug_info</name>
         <load_address>0xec2a</load_address>
         <run_address>0xec2a</run_address>
         <size>0xcd</size>
         <input_file_ref idref="fl-8"/>
      </object_component>
      <object_component id="oc-1f6">
         <name>.debug_info</name>
         <load_address>0xecf7</load_address>
         <run_address>0xecf7</run_address>
         <size>0x137</size>
         <input_file_ref idref="fl-147"/>
      </object_component>
      <object_component id="oc-1fa">
         <name>.debug_info</name>
         <load_address>0xee2e</load_address>
         <run_address>0xee2e</run_address>
         <size>0x230</size>
         <input_file_ref idref="fl-8"/>
      </object_component>
      <object_component id="oc-1fb">
         <name>.debug_info</name>
         <load_address>0xf05e</load_address>
         <run_address>0xf05e</run_address>
         <size>0x4e</size>
         <input_file_ref idref="fl-2"/>
      </object_component>
      <object_component id="oc-201">
         <name>.debug_info</name>
         <load_address>0xf0ac</load_address>
         <run_address>0xf0ac</run_address>
         <size>0x233</size>
         <input_file_ref idref="fl-14f"/>
      </object_component>
      <object_component id="oc-20d">
         <name>.debug_info</name>
         <load_address>0xf2df</load_address>
         <run_address>0xf2df</run_address>
         <size>0x1c3</size>
         <input_file_ref idref="fl-152"/>
      </object_component>
      <object_component id="oc-215">
         <name>.debug_info</name>
         <load_address>0xf4a2</load_address>
         <run_address>0xf4a2</run_address>
         <size>0x14c</size>
         <input_file_ref idref="fl-3"/>
      </object_component>
      <object_component id="oc-219">
         <name>.debug_info</name>
         <load_address>0xf5ee</load_address>
         <run_address>0xf5ee</run_address>
         <size>0x114</size>
         <input_file_ref idref="fl-149"/>
      </object_component>
      <object_component id="oc-21e">
         <name>.debug_info</name>
         <load_address>0xf702</load_address>
         <run_address>0xf702</run_address>
         <size>0x11b</size>
         <input_file_ref idref="fl-148"/>
      </object_component>
      <object_component id="oc-222">
         <name>.debug_info</name>
         <load_address>0xf81d</load_address>
         <run_address>0xf81d</run_address>
         <size>0xe5</size>
         <input_file_ref idref="fl-13a"/>
      </object_component>
      <object_component id="oc-226">
         <name>.debug_info</name>
         <load_address>0xf902</load_address>
         <run_address>0xf902</run_address>
         <size>0x186</size>
         <input_file_ref idref="fl-6"/>
      </object_component>
      <object_component id="oc-228">
         <name>.debug_info</name>
         <load_address>0xfa88</load_address>
         <run_address>0xfa88</run_address>
         <size>0x14d</size>
         <input_file_ref idref="fl-5"/>
      </object_component>
      <object_component id="oc-22b">
         <name>.debug_info</name>
         <load_address>0xfbd5</load_address>
         <run_address>0xfbd5</run_address>
         <size>0x25f</size>
         <input_file_ref idref="fl-152"/>
      </object_component>
      <object_component id="oc-230">
         <name>.debug_info</name>
         <load_address>0xfe34</load_address>
         <run_address>0xfe34</run_address>
         <size>0x1a6</size>
         <input_file_ref idref="fl-152"/>
      </object_component>
      <object_component id="oc-234">
         <name>.debug_info</name>
         <load_address>0xffda</load_address>
         <run_address>0xffda</run_address>
         <size>0xe1</size>
         <input_file_ref idref="fl-2"/>
      </object_component>
      <object_component id="oc-236">
         <name>.debug_info</name>
         <load_address>0x100bb</load_address>
         <run_address>0x100bb</run_address>
         <size>0x277</size>
         <input_file_ref idref="fl-2"/>
      </object_component>
      <object_component id="oc-238">
         <name>.debug_info</name>
         <load_address>0x10332</load_address>
         <run_address>0x10332</run_address>
         <size>0xc6</size>
         <input_file_ref idref="fl-2"/>
      </object_component>
      <object_component id="oc-23a">
         <name>.debug_info</name>
         <load_address>0x103f8</load_address>
         <run_address>0x103f8</run_address>
         <size>0x227</size>
         <input_file_ref idref="fl-2"/>
      </object_component>
      <object_component id="oc-23c">
         <name>.debug_info</name>
         <load_address>0x1061f</load_address>
         <run_address>0x1061f</run_address>
         <size>0xf0</size>
         <input_file_ref idref="fl-7"/>
      </object_component>
      <object_component id="oc-23e">
         <name>.debug_info</name>
         <load_address>0x1070f</load_address>
         <run_address>0x1070f</run_address>
         <size>0xd6</size>
         <input_file_ref idref="fl-7"/>
      </object_component>
      <object_component id="oc-240">
         <name>.debug_info</name>
         <load_address>0x107e5</load_address>
         <run_address>0x107e5</run_address>
         <size>0xd2</size>
         <input_file_ref idref="fl-7"/>
      </object_component>
      <object_component id="oc-242">
         <name>.debug_info</name>
         <load_address>0x108b7</load_address>
         <run_address>0x108b7</run_address>
         <size>0x112</size>
         <input_file_ref idref="fl-7"/>
      </object_component>
      <object_component id="oc-243">
         <name>.debug_info</name>
         <load_address>0x109c9</load_address>
         <run_address>0x109c9</run_address>
         <size>0x16f</size>
         <input_file_ref idref="fl-7"/>
      </object_component>
      <object_component id="oc-24c">
         <name>.debug_info</name>
         <load_address>0x10b38</load_address>
         <run_address>0x10b38</run_address>
         <size>0x1e3</size>
         <input_file_ref idref="fl-155"/>
      </object_component>
      <object_component id="oc-251">
         <name>.debug_info</name>
         <load_address>0x10d1b</load_address>
         <run_address>0x10d1b</run_address>
         <size>0x1dd</size>
         <input_file_ref idref="fl-155"/>
      </object_component>
      <object_component id="oc-254">
         <name>.debug_info</name>
         <load_address>0x10ef8</load_address>
         <run_address>0x10ef8</run_address>
         <size>0x24c</size>
         <input_file_ref idref="fl-154"/>
      </object_component>
      <object_component id="oc-259">
         <name>.debug_info</name>
         <load_address>0x11144</load_address>
         <run_address>0x11144</run_address>
         <size>0x1b2</size>
         <input_file_ref idref="fl-154"/>
      </object_component>
      <object_component id="oc-25e">
         <name>.debug_info</name>
         <load_address>0x112f6</load_address>
         <run_address>0x112f6</run_address>
         <size>0x232</size>
         <input_file_ref idref="fl-154"/>
      </object_component>
      <object_component id="oc-263">
         <name>.debug_info</name>
         <load_address>0x11528</load_address>
         <run_address>0x11528</run_address>
         <size>0x1e2</size>
         <input_file_ref idref="fl-154"/>
      </object_component>
      <object_component id="oc-268">
         <name>.debug_info</name>
         <load_address>0x1170a</load_address>
         <run_address>0x1170a</run_address>
         <size>0x1e2</size>
         <input_file_ref idref="fl-154"/>
      </object_component>
      <object_component id="oc-26d">
         <name>.debug_info</name>
         <load_address>0x118ec</load_address>
         <run_address>0x118ec</run_address>
         <size>0x1cd</size>
         <input_file_ref idref="fl-154"/>
      </object_component>
      <object_component id="oc-272">
         <name>.debug_info</name>
         <load_address>0x11ab9</load_address>
         <run_address>0x11ab9</run_address>
         <size>0x1b8</size>
         <input_file_ref idref="fl-154"/>
      </object_component>
      <object_component id="oc-277">
         <name>.debug_info</name>
         <load_address>0x11c71</load_address>
         <run_address>0x11c71</run_address>
         <size>0x348</size>
         <input_file_ref idref="fl-4"/>
      </object_component>
      <object_component id="oc-27b">
         <name>.debug_info</name>
         <load_address>0x11fb9</load_address>
         <run_address>0x11fb9</run_address>
         <size>0x176</size>
         <input_file_ref idref="fl-157"/>
      </object_component>
      <object_component id="oc-283">
         <name>.debug_info</name>
         <load_address>0x1212f</load_address>
         <run_address>0x1212f</run_address>
         <size>0x5f</size>
         <input_file_ref idref="fl-151"/>
      </object_component>
      <object_component id="oc-29e">
         <name>.debug_info</name>
         <load_address>0x1218e</load_address>
         <run_address>0x1218e</run_address>
         <size>0x9b</size>
         <input_file_ref idref="fl-149"/>
      </object_component>
      <object_component id="oc-2a0">
         <name>.debug_info</name>
         <load_address>0x12229</load_address>
         <run_address>0x12229</run_address>
         <size>0x179</size>
         <input_file_ref idref="fl-14a"/>
      </object_component>
      <object_component id="oc-2a2">
         <name>.debug_info</name>
         <load_address>0x123a2</load_address>
         <run_address>0x123a2</run_address>
         <size>0xf3</size>
         <input_file_ref idref="fl-148"/>
      </object_component>
      <object_component id="oc-2c0">
         <name>.debug_info</name>
         <load_address>0x12495</load_address>
         <run_address>0x12495</run_address>
         <size>0x1b2</size>
         <input_file_ref idref="fl-154"/>
      </object_component>
      <object_component id="oc-2c5">
         <name>.debug_info</name>
         <load_address>0x12647</load_address>
         <run_address>0x12647</run_address>
         <size>0x1d8</size>
         <input_file_ref idref="fl-154"/>
      </object_component>
      <object_component id="oc-2d3">
         <name>.debug_info</name>
         <load_address>0x1281f</load_address>
         <run_address>0x1281f</run_address>
         <size>0x86</size>
         <input_file_ref idref="fl-b"/>
      </object_component>
      <object_component id="oc-2da">
         <name>.debug_info</name>
         <load_address>0x128a5</load_address>
         <run_address>0x128a5</run_address>
         <size>0x11d</size>
         <input_file_ref idref="fl-148"/>
      </object_component>
      <object_component id="oc-2ff">
         <name>.debug_info</name>
         <load_address>0x129c2</load_address>
         <run_address>0x129c2</run_address>
         <size>0x95</size>
      </object_component>
      <object_component id="oc-11">
         <name>.debug_aranges</name>
         <load_address>0x0</load_address>
         <run_address>0x0</run_address>
         <size>0x20</size>
         <input_file_ref idref="fl-13b"/>
      </object_component>
      <object_component id="oc-16">
         <name>.debug_aranges</name>
         <load_address>0x20</load_address>
         <run_address>0x20</run_address>
         <size>0x20</size>
         <input_file_ref idref="fl-13c"/>
      </object_component>
      <object_component id="oc-1a">
         <name>.debug_aranges</name>
         <load_address>0x40</load_address>
         <run_address>0x40</run_address>
         <size>0x20</size>
         <input_file_ref idref="fl-13e"/>
      </object_component>
      <object_component id="oc-22">
         <name>.debug_aranges</name>
         <load_address>0x60</load_address>
         <run_address>0x60</run_address>
         <size>0x20</size>
         <input_file_ref idref="fl-13d"/>
      </object_component>
      <object_component id="oc-25">
         <name>.debug_aranges</name>
         <load_address>0x80</load_address>
         <run_address>0x80</run_address>
         <size>0x38</size>
         <input_file_ref idref="fl-c"/>
      </object_component>
      <object_component id="oc-2a">
         <name>.debug_aranges</name>
         <load_address>0xb8</load_address>
         <run_address>0xb8</run_address>
         <size>0x58</size>
         <input_file_ref idref="fl-9"/>
      </object_component>
      <object_component id="oc-34">
         <name>.debug_aranges</name>
         <load_address>0x110</load_address>
         <run_address>0x110</run_address>
         <size>0x28</size>
         <input_file_ref idref="fl-14d"/>
      </object_component>
      <object_component id="oc-38">
         <name>.debug_aranges</name>
         <load_address>0x138</load_address>
         <run_address>0x138</run_address>
         <size>0x20</size>
         <input_file_ref idref="fl-14c"/>
      </object_component>
      <object_component id="oc-3e">
         <name>.debug_aranges</name>
         <load_address>0x158</load_address>
         <run_address>0x158</run_address>
         <size>0x30</size>
         <input_file_ref idref="fl-13f"/>
      </object_component>
      <object_component id="oc-45">
         <name>.debug_aranges</name>
         <load_address>0x188</load_address>
         <run_address>0x188</run_address>
         <size>0x20</size>
         <input_file_ref idref="fl-145"/>
      </object_component>
      <object_component id="oc-58">
         <name>.debug_aranges</name>
         <load_address>0x1a8</load_address>
         <run_address>0x1a8</run_address>
         <size>0x20</size>
         <input_file_ref idref="fl-13d"/>
      </object_component>
      <object_component id="oc-65">
         <name>.debug_aranges</name>
         <load_address>0x1c8</load_address>
         <run_address>0x1c8</run_address>
         <size>0x20</size>
         <input_file_ref idref="fl-151"/>
      </object_component>
      <object_component id="oc-6a">
         <name>.debug_aranges</name>
         <load_address>0x1e8</load_address>
         <run_address>0x1e8</run_address>
         <size>0x20</size>
         <input_file_ref idref="fl-150"/>
      </object_component>
      <object_component id="oc-6f">
         <name>.debug_aranges</name>
         <load_address>0x208</load_address>
         <run_address>0x208</run_address>
         <size>0x20</size>
         <input_file_ref idref="fl-150"/>
      </object_component>
      <object_component id="oc-74">
         <name>.debug_aranges</name>
         <load_address>0x228</load_address>
         <run_address>0x228</run_address>
         <size>0x20</size>
         <input_file_ref idref="fl-150"/>
      </object_component>
      <object_component id="oc-8b">
         <name>.debug_aranges</name>
         <load_address>0x248</load_address>
         <run_address>0x248</run_address>
         <size>0x20</size>
         <input_file_ref idref="fl-14e"/>
      </object_component>
      <object_component id="oc-92">
         <name>.debug_aranges</name>
         <load_address>0x268</load_address>
         <run_address>0x268</run_address>
         <size>0xc0</size>
         <input_file_ref idref="fl-b"/>
      </object_component>
      <object_component id="oc-d2">
         <name>.debug_aranges</name>
         <load_address>0x328</load_address>
         <run_address>0x328</run_address>
         <size>0x20</size>
         <input_file_ref idref="fl-151"/>
      </object_component>
      <object_component id="oc-d7">
         <name>.debug_aranges</name>
         <load_address>0x348</load_address>
         <run_address>0x348</run_address>
         <size>0x20</size>
         <input_file_ref idref="fl-156"/>
      </object_component>
      <object_component id="oc-dc">
         <name>.debug_aranges</name>
         <load_address>0x368</load_address>
         <run_address>0x368</run_address>
         <size>0x20</size>
         <input_file_ref idref="fl-156"/>
      </object_component>
      <object_component id="oc-e1">
         <name>.debug_aranges</name>
         <load_address>0x388</load_address>
         <run_address>0x388</run_address>
         <size>0x20</size>
         <input_file_ref idref="fl-151"/>
      </object_component>
      <object_component id="oc-e4">
         <name>.debug_aranges</name>
         <load_address>0x3a8</load_address>
         <run_address>0x3a8</run_address>
         <size>0x20</size>
         <input_file_ref idref="fl-155"/>
      </object_component>
      <object_component id="oc-e9">
         <name>.debug_aranges</name>
         <load_address>0x3c8</load_address>
         <run_address>0x3c8</run_address>
         <size>0x20</size>
         <input_file_ref idref="fl-155"/>
      </object_component>
      <object_component id="oc-ed">
         <name>.debug_aranges</name>
         <load_address>0x3e8</load_address>
         <run_address>0x3e8</run_address>
         <size>0x20</size>
         <input_file_ref idref="fl-155"/>
      </object_component>
      <object_component id="oc-f3">
         <name>.debug_aranges</name>
         <load_address>0x408</load_address>
         <run_address>0x408</run_address>
         <size>0x20</size>
         <input_file_ref idref="fl-155"/>
      </object_component>
      <object_component id="oc-f7">
         <name>.debug_aranges</name>
         <load_address>0x428</load_address>
         <run_address>0x428</run_address>
         <size>0x20</size>
         <input_file_ref idref="fl-155"/>
      </object_component>
      <object_component id="oc-ff">
         <name>.debug_aranges</name>
         <load_address>0x448</load_address>
         <run_address>0x448</run_address>
         <size>0x20</size>
         <input_file_ref idref="fl-14f"/>
      </object_component>
      <object_component id="oc-102">
         <name>.debug_aranges</name>
         <load_address>0x468</load_address>
         <run_address>0x468</run_address>
         <size>0x48</size>
         <input_file_ref idref="fl-8"/>
      </object_component>
      <object_component id="oc-109">
         <name>.debug_aranges</name>
         <load_address>0x4b0</load_address>
         <run_address>0x4b0</run_address>
         <size>0x20</size>
         <input_file_ref idref="fl-14f"/>
      </object_component>
      <object_component id="oc-10e">
         <name>.debug_aranges</name>
         <load_address>0x4d0</load_address>
         <run_address>0x4d0</run_address>
         <size>0x20</size>
         <input_file_ref idref="fl-14f"/>
      </object_component>
      <object_component id="oc-113">
         <name>.debug_aranges</name>
         <load_address>0x4f0</load_address>
         <run_address>0x4f0</run_address>
         <size>0x20</size>
         <input_file_ref idref="fl-14f"/>
      </object_component>
      <object_component id="oc-118">
         <name>.debug_aranges</name>
         <load_address>0x510</load_address>
         <run_address>0x510</run_address>
         <size>0x20</size>
         <input_file_ref idref="fl-14f"/>
[...]
         <name>UARTwrite</name>
         <value>0x2b33</value>
         <object_component_ref idref="oc-100"/>
      </symbol>
      <symbol id="sm-2ba">
         <name>UARTprintf</name>
         <value>0x2f53</value>
         <object_component_ref idref="oc-100"/>
      </symbol>
      <symbol id="sm-2bb">
         <name>UARTvprintf</name>
         <value>0x2c59</value>
         <object_component_ref idref="oc-100"/>
      </symbol>
      <symbol id="sm-2e3">
         <name>SchedulerTickCountGet</name>
         <value>0x364b</value>
         <object_component_ref idref="oc-29"/>
      </symbol>
      <symbol id="sm-2e4">
         <name>SchedulerTaskEnable</name>
         <value>0x35d1</value>
         <object_component_ref idref="oc-29"/>
      </symbol>
      <symbol id="sm-2e5">
         <name>SchedulerInit</name>
         <value>0x355b</value>
         <object_component_ref idref="oc-29"/>
      </symbol>
      <symbol id="sm-2e6">
         <name>SchedulerElapsedTicksGet</name>
         <value>0x3651</value>
         <object_component_ref idref="oc-29"/>
      </symbol>
      <symbol id="sm-2e7">
         <name>SchedulerTaskDisable</name>
         <value>0x3629</value>
         <object_component_ref idref="oc-29"/>
      </symbol>
      <symbol id="sm-2e8">
         <name>SchedulerSysTickIntHandler</name>
         <value>0x3551</value>
         <object_component_ref idref="oc-29"/>
      </symbol>
      <symbol id="sm-2e9">
         <name>SchedulerRun</name>
         <value>0x3577</value>
         <object_component_ref idref="oc-29"/>
      </symbol>
      <symbol id="sm-2ea">
         <name>SchedulerElapsedTicksCalc</name>
         <value>0x3661</value>
         <object_component_ref idref="oc-29"/>
      </symbol>
      <symbol id="sm-41b">
         <name>imu_offset</name>
         <value>0x2000037c</value>
      </symbol>
      <symbol id="sm-41c">
         <name>imu_filtered</name>
         <value>0x2000035c</value>
      </symbol>
      <symbol id="sm-41d">
         <name>quad_control</name>
         <value>0x20000394</value>
      </symbol>
      <symbol id="sm-41e">
         <name>main_state</name>
         <value>0x200003a0</value>
      </symbol>
      <symbol id="sm-41f">
         <name>ArmDisarm</name>
         <value>0x1221</value>
         <object_component_ref idref="oc-8e"/>
      </symbol>
      <symbol id="sm-420">
         <name>XbeeInit</name>
         <value>0x36b</value>
         <object_component_ref idref="oc-8e"/>
      </symbol>
      <symbol id="sm-421">
         <name>IMUUpdate</name>
         <value>0xf19</value>
         <object_component_ref idref="oc-8e"/>
      </symbol>
      <symbol id="sm-422">
         <name>TimeUpdate</name>
         <value>0x125d</value>
         <object_component_ref idref="oc-8e"/>
      </symbol>
      <symbol id="sm-423">
         <name>ControlStateUpdate</name>
         <value>0x5fd</value>
         <object_component_ref idref="oc-8e"/>
      </symbol>
      <symbol id="sm-424">
         <name>g_psSchedulerTable</name>
         <value>0x20000268</value>
         <object_component_ref idref="oc-79"/>
      </symbol>
      <symbol id="sm-425">
         <name>AltitudeUpdate</name>
         <value>0x739</value>
         <object_component_ref idref="oc-8e"/>
      </symbol>
      <symbol id="sm-426">
         <name>IMUFilter</name>
         <value>0xb25</value>
         <object_component_ref idref="oc-8e"/>
      </symbol>
      <symbol id="sm-427">
         <name>UARTStdioInit</name>
         <value>0x2bf</value>
         <object_component_ref idref="oc-8e"/>
      </symbol>
      <symbol id="sm-428">
         <name>UARTStringPut</name>
         <value>0x341</value>
         <object_component_ref idref="oc-8e"/>
      </symbol>
      <symbol id="sm-429">
         <name>FPUInit</name>
         <value>0x277</value>
         <object_component_ref idref="oc-8e"/>
      </symbol>
      <symbol id="sm-42a">
         <name>LCDUpdate</name>
         <value>0x1051</value>
         <object_component_ref idref="oc-8e"/>
      </symbol>
      <symbol id="sm-42b">
         <name>VibratorInit</name>
         <value>0x521</value>
         <object_component_ref idref="oc-8e"/>
      </symbol>
      <symbol id="sm-42c">
         <name>DirectionUpdate</name>
         <value>0x825</value>
         <object_component_ref idref="oc-8e"/>
      </symbol>
      <symbol id="sm-42d">
         <name>main</name>
         <value>0x12a5</value>
         <object_component_ref idref="oc-8e"/>
      </symbol>
      <symbol id="sm-42e">
         <name>ClockInit</name>
         <value>0x26d</value>
         <object_component_ref idref="oc-8e"/>
      </symbol>
      <symbol id="sm-42f">
         <name>VibrationUpdate</name>
         <value>0x54d</value>
         <object_component_ref idref="oc-8e"/>
      </symbol>
      <symbol id="sm-430">
         <name>imu_raw</name>
         <value>0x20000338</value>
         <object_component_ref idref="oc-16d"/>
      </symbol>
      <symbol id="sm-431">
         <name>g_ui32SchedulerNumTasks</name>
         <value>0x200002fc</value>
         <object_component_ref idref="oc-77"/>
      </symbol>
      <symbol id="sm-432">
         <name>IMUCalibrate</name>
         <value>0xa81</value>
         <object_component_ref idref="oc-8e"/>
      </symbol>
      <symbol id="sm-433">
         <name>UARTCommInit</name>
         <value>0x2fb</value>
         <object_component_ref idref="oc-8e"/>
      </symbol>
      <symbol id="sm-434">
         <name>PacketSend</name>
         <value>0x11e5</value>
         <object_component_ref idref="oc-8e"/>
      </symbol>
      <symbol id="sm-435">
         <name>LCDCommInit</name>
         <value>0x4ad</value>
         <object_component_ref idref="oc-8e"/>
      </symbol>
      <symbol id="sm-436">
         <name>LaunchpadInit</name>
         <value>0x283</value>
         <object_component_ref idref="oc-8e"/>
      </symbol>
      <symbol id="sm-450">
         <name>ResetISR</name>
         <value>0x466b</value>
         <object_component_ref idref="oc-24"/>
      </symbol>
      <symbol id="sm-451">
         <name>g_pfnVectors</name>
         <value>0x0</value>
         <object_component_ref idref="oc-e"/>
      </symbol>
      <symbol id="sm-467">
         <name>atan2f</name>
         <value>0x3d25</value>
         <object_component_ref idref="oc-168"/>
      </symbol>
      <symbol id="sm-476">
         <name>_c_int00</name>
         <value>0x4261</value>
         <object_component_ref idref="oc-10"/>
      </symbol>
      <symbol id="sm-477">
         <name>__stack</name>
         <value>0x20000000</value>
         <object_component_ref idref="oc-23"/>
      </symbol>
      <symbol id="sm-48d">
         <name>__TI_decompress_none</name>
         <value>0x4645</value>
         <object_component_ref idref="oc-14"/>
      </symbol>
      <symbol id="sm-4af">
         <name>__TI_decompress_rle24</name>
         <value>0x46ed</value>
         <object_component_ref idref="oc-1e"/>
      </symbol>
      <symbol id="sm-4c2">
         <name>__TI_zero_init</name>
         <value>0x4603</value>
         <object_component_ref idref="oc-19"/>
      </symbol>
      <symbol id="sm-4de">
         <name>C$$EXIT</name>
         <value>0x42ed</value>
         <object_component_ref idref="oc-3a"/>
      </symbol>
      <symbol id="sm-4df">
         <name>abort</name>
         <value>0x42f1</value>
         <object_component_ref idref="oc-3a"/>
      </symbol>
      <symbol id="sm-4e0">
         <name>exit</name>
         <value>0x42f9</value>
         <object_component_ref idref="oc-3a"/>
      </symbol>
      <symbol id="sm-4e1">
         <name>__TI_dtors_ptr</name>
         <value>0x200002f0</value>
         <object_component_ref idref="oc-9c"/>
      </symbol>
      <symbol id="sm-4e2">
         <name>__TI_cleanup_ptr</name>
         <value>0x200002ec</value>
         <object_component_ref idref="oc-9c"/>
      </symbol>
      <symbol id="sm-4f8">
         <name>__aeabi_dsub</name>
         <value>0x3399</value>
         <object_component_ref idref="oc-14c"/>
      </symbol>
      <symbol id="sm-4f9">
         <name>__aeabi_dadd</name>
         <value>0x33a3</value>
         <object_component_ref idref="oc-14c"/>
      </symbol>
      <symbol id="sm-50c">
         <name>__aeabi_ddiv</name>
         <value>0x369d</value>
         <object_component_ref idref="oc-164"/>
      </symbol>
      <symbol id="sm-516">
         <name>__aeabi_dmul</name>
         <value>0x3b39</value>
         <object_component_ref idref="oc-148"/>
      </symbol>
      <symbol id="sm-51f">
         <name>__aeabi_d2f</name>
         <value>0x4187</value>
         <object_component_ref idref="oc-150"/>
      </symbol>
      <symbol id="sm-529">
         <name>__aeabi_f2d</name>
         <value>0x43f5</value>
         <object_component_ref idref="oc-144"/>
      </symbol>
      <symbol id="sm-543">
         <name>memcpy</name>
         <value>0x3f6d</value>
         <object_component_ref idref="oc-42"/>
      </symbol>
      <symbol id="sm-544">
         <name>__aeabi_memcpy</name>
         <value>0x3f6d</value>
         <object_component_ref idref="oc-42"/>
      </symbol>
      <symbol id="sm-545">
         <name>__aeabi_memcpy8</name>
         <value>0x3f6d</value>
         <object_component_ref idref="oc-42"/>
      </symbol>
      <symbol id="sm-546">
         <name>__aeabi_memcpy4</name>
         <value>0x3f6d</value>
         <object_component_ref idref="oc-42"/>
      </symbol>
      <symbol id="sm-54d">
         <name>main_func_sp</name>
         <value>0x20000300</value>
         <object_component_ref idref="oc-3f"/>
      </symbol>
      <symbol id="sm-55c">
         <name>__aeabi_uidivmod</name>
         <value>0x4373</value>
         <object_component_ref idref="oc-1f5"/>
      </symbol>
      <symbol id="sm-57b">
         <name>_FAtan</name>
         <value>0x3ec5</value>
         <object_component_ref idref="oc-21c"/>
      </symbol>
      <symbol id="sm-58c">
         <name>_FDtest</name>
         <value>0x4495</value>
         <object_component_ref idref="oc-217"/>
      </symbol>
      <symbol id="sm-59a">
         <name>_FZero</name>
         <value>0x20000264</value>
         <object_component_ref idref="oc-29f"/>
      </symbol>
      <symbol id="sm-59b">
         <name>_FRteps</name>
         <value>0x20000250</value>
         <object_component_ref idref="oc-29f"/>
      </symbol>
      <symbol id="sm-59c">
         <name>_FSnan</name>
         <value>0x20000240</value>
         <object_component_ref idref="oc-29f"/>
      </symbol>
      <symbol id="sm-59d">
         <name>_FNan</name>
         <value>0x20000230</value>
         <object_component_ref idref="oc-29f"/>
      </symbol>
      <symbol id="sm-59e">
         <name>_FInf</name>
         <value>0x20000220</value>
         <object_component_ref idref="oc-29f"/>
      </symbol>
      <symbol id="sm-59f">
         <name>_FEps</name>
         <value>0x20000210</value>
         <object_component_ref idref="oc-29f"/>
      </symbol>
      <symbol id="sm-5a0">
         <name>_FXbig</name>
         <value>0x20000260</value>
         <object_component_ref idref="oc-29f"/>
      </symbol>
      <symbol id="sm-5a1">
         <name>_FDenorm</name>
         <value>0x20000200</value>
         <object_component_ref idref="oc-29f"/>
      </symbol>
      <symbol id="sm-5b7">
         <name>_nop</name>
         <value>0x45a3</value>
         <object_component_ref idref="oc-1b0"/>
      </symbol>
      <symbol id="sm-5b8">
         <name>_lock</name>
         <value>0x200002e4</value>
         <object_component_ref idref="oc-9a"/>
      </symbol>
      <symbol id="sm-5b9">
         <name>_unlock</name>
         <value>0x200002e8</value>
         <object_component_ref idref="oc-9a"/>
      </symbol>
      <symbol id="sm-5ba">
         <name>_register_lock</name>
         <value>0x459b</value>
         <object_component_ref idref="oc-1b0"/>
      </symbol>
      <symbol id="sm-5bb">
         <name>_register_unlock</name>
         <value>0x4595</value>
         <object_component_ref idref="oc-1b0"/>
      </symbol>
      <symbol id="sm-5ce">
         <name>_args_main</name>
         <value>0x4529</value>
         <object_component_ref idref="oc-35"/>
      </symbol>
      <symbol id="sm-5ea">
         <name>__TI_auto_init</name>
         <value>0x4009</value>
         <object_component_ref idref="oc-31"/>
      </symbol>
      <symbol id="sm-602">
         <name>copy_in</name>
         <value>0x42a9</value>
         <object_component_ref idref="oc-88"/>
      </symbol>
      <symbol id="sm-655">
         <name>UARTFIFODisable</name>
         <value>0x46b3</value>
         <object_component_ref idref="oc-10a"/>
      </symbol>
      <symbol id="sm-656">
         <name>UARTConfigSetExpClk</name>
         <value>0x43b5</value>
         <object_component_ref idref="oc-105"/>
      </symbol>
      <symbol id="sm-657">
         <name>UARTDisable</name>
         <value>0x44f5</value>
         <object_component_ref idref="oc-200"/>
      </symbol>
      <symbol id="sm-658">
         <name>UARTCharsAvail</name>
         <value>0x465f</value>
         <object_component_ref idref="oc-11e"/>
      </symbol>
      <symbol id="sm-659">
         <name>UARTClockSourceSet</name>
         <value>0x46e7</value>
         <object_component_ref idref="oc-fb"/>
      </symbol>
      <symbol id="sm-65a">
         <name>UARTCharPut</name>
         <value>0x46a9</value>
         <object_component_ref idref="oc-114"/>
      </symbol>
      <symbol id="sm-65b">
         <name>UARTEnable</name>
         <value>0x4581</value>
         <object_component_ref idref="oc-10f"/>
      </symbol>
      <symbol id="sm-65c">
         <name>UARTCharGet</name>
         <value>0x469f</value>
         <object_component_ref idref="oc-119"/>
      </symbol>
      <symbol id="sm-67c">
         <name>SysTickEnable</name>
         <value>0x4559</value>
         <object_component_ref idref="oc-6b"/>
      </symbol>
      <symbol id="sm-67d">
         <name>SysTickIntEnable</name>
         <value>0x456d</value>
         <object_component_ref idref="oc-70"/>
      </symbol>
      <symbol id="sm-67e">
         <name>SysTickPeriodSet</name>
         <value>0x4635</value>
         <object_component_ref idref="oc-66"/>
      </symbol>
      <symbol id="sm-6de">
         <name>SysCtlPeripheralPresent</name>
         <value>0x4461</value>
         <object_component_ref idref="oc-1ec"/>
      </symbol>
      <symbol id="sm-6df">
         <name>SysCtlClockSet</name>
         <value>0x3c35</value>
         <object_component_ref idref="oc-ce"/>
      </symbol>
      <symbol id="sm-6e0">
         <name>SysCtlDelay</name>
         <value>0x46e1</value>
         <object_component_ref idref="oc-123"/>
      </symbol>
      <symbol id="sm-6e1">
         <name>SysCtlPeripheralEnable</name>
         <value>0x442d</value>
         <object_component_ref idref="oc-dd"/>
      </symbol>
      <symbol id="sm-6e2">
         <name>SysCtlClockGet</name>
         <value>0x3a21</value>
         <object_component_ref idref="oc-61"/>
      </symbol>
      <symbol id="sm-70a">
         <name>SSIDataPut</name>
         <value>0x468b</value>
         <object_component_ref idref="oc-229"/>
      </symbol>
      <symbol id="sm-70b">
         <name>SSIConfigSetExpClk</name>
         <value>0x4331</value>
         <object_component_ref idref="oc-129"/>
      </symbol>
      <symbol id="sm-70c">
         <name>SSIEnable</name>
         <value>0x4695</value>
         <object_component_ref idref="oc-12e"/>
      </symbol>
      <symbol id="sm-70d">
         <name>SSIBusy</name>
         <value>0x46cd</value>
         <object_component_ref idref="oc-22e"/>
      </symbol>
      <symbol id="sm-716">
         <name>IntMasterEnable</name>
         <value>0x4681</value>
         <object_component_ref idref="oc-197"/>
      </symbol>
      <symbol id="sm-759">
         <name>I2CMasterDataPut</name>
         <value>0x46fb</value>
         <object_component_ref idref="oc-262"/>
      </symbol>
      <symbol id="sm-75a">
         <name>I2CMasterInitExpClk</name>
         <value>0x4219</value>
         <object_component_ref idref="oc-253"/>
      </symbol>
      <symbol id="sm-75b">
         <name>I2CMasterSlaveAddrSet</name>
         <value>0x46c5</value>
         <object_component_ref idref="oc-25d"/>
      </symbol>
      <symbol id="sm-75c">
         <name>I2CMasterDataGet</name>
         <value>0x46f7</value>
         <object_component_ref idref="oc-271"/>
      </symbol>
      <symbol id="sm-75d">
         <name>I2CMasterErr</name>
         <value>0x4541</value>
         <object_component_ref idref="oc-26c"/>
      </symbol>
      <symbol id="sm-75e">
         <name>I2CMasterControl</name>
         <value>0x46f3</value>
         <object_component_ref idref="oc-267"/>
      </symbol>
      <symbol id="sm-75f">
         <name>I2CMasterBusy</name>
         <value>0x46bd</value>
         <object_component_ref idref="oc-258"/>
      </symbol>
      <symbol id="sm-760">
         <name>I2CMasterEnable</name>
         <value>0x4677</value>
         <object_component_ref idref="oc-2bf"/>
      </symbol>
      <symbol id="sm-7c4">
         <name>GPIOPinConfigure</name>
         <value>0x41d1</value>
         <object_component_ref idref="oc-f1"/>
      </symbol>
      <symbol id="sm-7c5">
         <name>GPIOPinTypeI2CSCL</name>
         <value>0x45cd</value>
         <object_component_ref idref="oc-249"/>
      </symbol>
      <symbol id="sm-7c6">
         <name>GPIOPinTypeI2C</name>
         <value>0x45bb</value>
         <object_component_ref idref="oc-24e"/>
      </symbol>
      <symbol id="sm-7c7">
         <name>GPIOPinTypeGPIOInput</name>
         <value>0x45a9</value>
         <object_component_ref idref="oc-e7"/>
      </symbol>
      <symbol id="sm-7c8">
         <name>GPIOPinTypeUART</name>
         <value>0x45f1</value>
         <object_component_ref idref="oc-f6"/>
      </symbol>
      <symbol id="sm-7c9">
         <name>GPIOPinTypeGPIOOutput</name>
         <value>0x4511</value>
         <object_component_ref idref="oc-e2"/>
      </symbol>
      <symbol id="sm-7ca">
         <name>GPIOPinRead</name>
         <value>0x46d5</value>
         <object_component_ref idref="oc-18a"/>
      </symbol>
      <symbol id="sm-7cb">
         <name>GPIODirModeSet</name>
         <value>0x44c9</value>
         <object_component_ref idref="oc-1dd"/>
      </symbol>
      <symbol id="sm-7cc">
         <name>GPIOPinWrite</name>
         <value>0x46db</value>
         <object_component_ref idref="oc-133"/>
      </symbol>
      <symbol id="sm-7cd">
         <name>GPIOPadConfigSet</name>
         <value>0x37d3</value>
         <object_component_ref idref="oc-ec"/>
      </symbol>
      <symbol id="sm-7ce">
         <name>GPIOPinTypeSSI</name>
         <value>0x45df</value>
         <object_component_ref idref="oc-124"/>
      </symbol>
      <symbol id="sm-7e2">
         <name>FPULazyStackingEnable</name>
         <value>0x4625</value>
         <object_component_ref idref="oc-d8"/>
      </symbol>
      <symbol id="sm-7e3">
         <name>FPUEnable</name>
         <value>0x4615</value>
         <object_component_ref idref="oc-d3"/>
      </symbol>
      <symbol id="sm-7ec">
         <name>CPUcpsie</name>
         <value>0x4653</value>
         <object_component_ref idref="oc-278"/>
      </symbol>
      <symbol id="sm-7ed">
         <name>__TI_static_base__</name>
         <value>0x0</value>
      </symbol>
      <symbol id="sm-7ee">
         <name>__TI_args_main</name>
         <value>0x1</value>
      </symbol>
      <symbol id="sm-7ef">
         <name>SHT$$INIT_ARRAY$$Limit</name>
         <value>0x0</value>
      </symbol>
      <symbol id="sm-7f0">
         <name>SHT$$INIT_ARRAY$$Base</name>
         <value>0x0</value>
      </symbol>
   </symbol_table>
   <title>Link successful</title>
</link_info>
