******************************************************************************
                  TI ARM Linker PC v5.1.5                      
******************************************************************************
>> Linked Thu Sep 11 18:48:09 2014

OUTPUT FILE NAME:   <quadGloveRemote.out>
ENTRY POINT SYMBOL: "_c_int00"  address: 00004261


MEMORY CONFIGURATION

         name            origin    length      used     unused   attr    fill
----------------------  --------  ---------  --------  --------  ----  --------
  FLASH                 00000000   00040000  00004b78  0003b488  R  X
  SRAM                  20000000   00008000  000003b8  00007c48  RW X


SEGMENT ALLOCATION MAP

run origin  load origin   length   init length attrs members
----------  ----------- ---------- ----------- ----- -------
00000000    00000000    00004b80   00004b80    r-x
  00000000    00000000    0000026c   0000026c    r-- .intvecs
  0000026c    0000026c    00004492   00004492    r-x .text
  00004700    00004700    000003da   000003da    r-- .const
  00004ae0    00004ae0    000000a0   000000a0    r-- .cinit
20000000    20000000    000003b8   00000000    rw-
  20000000    20000000    00000200   00000000    rw- .stack
  20000200    20000200    00000108   00000000    rw- .data
  20000308    20000308    000000b0   00000000    rw- .bss


SECTION ALLOCATION MAP

 output                                  attributes/
section   page    origin      length       input sections
--------  ----  ----------  ----------   ----------------
.intvecs   0    00000000    0000026c     
                  00000000    0000026c     lm4f120h5qr_startup_ccs.obj (.intvecs)

.init_array 
*          0    00000000    00000000     UNINITIALIZED

.text      0    0000026c    00004492     
                  0000026c    00001170     main.obj (.text)
                  000013dc    00000c84     ustdlib.obj (.text)
                  00002060    00000a8c     lcd.obj (.text)
                  00002aec    0000049c     uartstdio.obj (.text)
                  00002f88    00000410     i2c.obj (.text)
                  00003398    000001b6     rtsv7M4_T_le_v4SPD16_eabi.lib : fd_add_t2.obj (.text)
                  0000354e    00000002     --HOLE-- [fill = 0]
                  00003550    0000014c     scheduler.obj (.text)
                  0000369c    00000136     rtsv7M4_T_le_v4SPD16_eabi.lib : fd_div_t2.obj (.text)
                  000037d2    00000130     driverlib.lib : gpio.obj (.text:GPIOPadConfigSet)
                  00003902    0000011e     adxl345.obj (.text)
                  00003a20    00000118     driverlib.lib : sysctl.obj (.text:SysCtlClockGet)
                  00003b38    000000fc     rtsv7M4_T_le_v4SPD16_eabi.lib : fd_mul_t2.obj (.text)
                  00003c34    000000f0     driverlib.lib : sysctl.obj (.text:SysCtlClockSet)
                  00003d24    000000d8     rtsv7M4_T_le_v4SPD16_eabi.lib : atan2f.obj (.text)
                  00003dfc    000000c8     itg3200.obj (.text)
                  00003ec4    000000a8     rtsv7M4_T_le_v4SPD16_eabi.lib : xfatan.obj (.text)
                  00003f6c    0000009c                                   : memcpy_t2.obj (.text)
                  00004008    00000094                                   : auto_init.obj (.text)
                  0000409c    0000008c     hmc5883l.obj (.text)
                  00004128    0000005e     rtsv7M4_T_le_v4SPD16_eabi.lib : copy_decompress_rle.obj (.text)
                  00004186    0000004a                                   : fd_tos_t2.obj (.text)
                  000041d0    00000048     driverlib.lib : gpio.obj (.text:GPIOPinConfigure)
                  00004218    00000048                   : i2c.obj (.text:I2CMasterInitExpClk)
                  00004260    00000048     rtsv7M4_T_le_v4SPD16_eabi.lib : boot.obj (.text)
                  000042a8    00000044                                   : cpy_tbl.obj (.text)
                  000042ec    00000044                                   : exit.obj (.text)
                  00004330    00000042     driverlib.lib : ssi.obj (.text:SSIConfigSetExpClk)
                  00004372    00000042     rtsv7M4_T_le_v4SPD16_eabi.lib : u_divt2.obj (.text)
                  000043b4    00000040     driverlib.lib : uart.obj (.text:UARTConfigSetExpClk)
                  000043f4    00000038     rtsv7M4_T_le_v4SPD16_eabi.lib : fs_tod_t2.obj (.text)
                  0000442c    00000034     driverlib.lib : sysctl.obj (.text:SysCtlPeripheralEnable)
                  00004460    00000034                   : sysctl.obj (.text:SysCtlPeripheralPresent)
                  00004494    00000034     rtsv7M4_T_le_v4SPD16_eabi.lib : xfdtest.obj (.text)
                  000044c8    0000002a     driverlib.lib : gpio.obj (.text:GPIODirModeSet)
                  000044f2    00000002     --HOLE-- [fill = 0]
                  000044f4    0000001c                   : uart.obj (.text:UARTDisable)
                  00004510    00000018                   : gpio.obj (.text:GPIOPinTypeGPIOOutput)
                  00004528    00000018     rtsv7M4_T_le_v4SPD16_eabi.lib : args_main.obj (.text)
                  00004540    00000016     driverlib.lib : i2c.obj (.text:I2CMasterErr)
                  00004556    00000002     --HOLE-- [fill = 0]
                  00004558    00000014                   : systick.obj (.text:SysTickEnable)
                  0000456c    00000014                   : systick.obj (.text:SysTickIntEnable)
                  00004580    00000014                   : uart.obj (.text:UARTEnable)
                  00004594    00000014     rtsv7M4_T_le_v4SPD16_eabi.lib : _lock.obj (.text)
                  000045a8    00000012     driverlib.lib : gpio.obj (.text:GPIOPinTypeGPIOInput)
                  000045ba    00000012                   : gpio.obj (.text:GPIOPinTypeI2C)
                  000045cc    00000012                   : gpio.obj (.text:GPIOPinTypeI2CSCL)
                  000045de    00000012                   : gpio.obj (.text:GPIOPinTypeSSI)
                  000045f0    00000012                   : gpio.obj (.text:GPIOPinTypeUART)
                  00004602    00000012     rtsv7M4_T_le_v4SPD16_eabi.lib : copy_zero_init.obj (.text:decompress:ZI)
                  00004614    00000010     driverlib.lib : fpu.obj (.text:FPUEnable)
                  00004624    00000010                   : fpu.obj (.text:FPULazyStackingEnable)
                  00004634    00000010                   : systick.obj (.text:SysTickPeriodSet)
                  00004644    0000000e     rtsv7M4_T_le_v4SPD16_eabi.lib : copy_decompress_none.obj (.text:decompress:none)
                  00004652    0000000c     driverlib.lib : cpu.obj (.text:CPUcpsie)
                  0000465e    0000000c                   : uart.obj (.text:UARTCharsAvail)
                  0000466a    0000000c     lm4f120h5qr_startup_ccs.obj (.text)
                  00004676    0000000a     driverlib.lib : i2c.obj (.text:I2CMasterEnable)
                  00004680    0000000a                   : interrupt.obj (.text:IntMasterEnable)
                  0000468a    0000000a                   : ssi.obj (.text:SSIDataPut)
                  00004694    0000000a                   : ssi.obj (.text:SSIEnable)
                  0000469e    0000000a                   : uart.obj (.text:UARTCharGet)
                  000046a8    0000000a                   : uart.obj (.text:UARTCharPut)
                  000046b2    0000000a                   : uart.obj (.text:UARTFIFODisable)
                  000046bc    00000008                   : i2c.obj (.text:I2CMasterBusy)
                  000046c4    00000008                   : i2c.obj (.text:I2CMasterSlaveAddrSet)
                  000046cc    00000008                   : ssi.obj (.text:SSIBusy)
                  000046d4    00000006                   : gpio.obj (.text:GPIOPinRead)
                  000046da    00000006                   : gpio.obj (.text:GPIOPinWrite)
                  000046e0    00000006                   : sysctl.obj (.text:SysCtlDelay)
                  000046e6    00000006                   : uart.obj (.text:UARTClockSourceSet)
                  000046ec    00000006     rtsv7M4_T_le_v4SPD16_eabi.lib : copy_decompress_rle.obj (.text:decompress:rle24)
                  000046f2    00000004     driverlib.lib : i2c.obj (.text:I2CMasterControl)
                  000046f6    00000004                   : i2c.obj (.text:I2CMasterDataGet)
                  000046fa    00000004                   : i2c.obj (.text:I2CMasterDataPut)

.const     0    00004700    000003da     
                  00004700    000001e0     lcd.obj (.const:font_5x7)
                  000048e0    00000090     driverlib.lib : gpio.obj (.const:g_pui32GPIOBaseAddrs)
                  00004970    0000006c                   : sysctl.obj (.const:g_pui32Xtals)
                  000049dc    0000003c     lcd.obj (.const)
                  00004a18    00000034     rtsv7M4_T_le_v4SPD16_eabi.lib : xfatan.obj (.const)
                  00004a4c    00000030     ustdlib.obj (.const:g_psDaysToMonth)
                  00004a7c    0000001c     uartstdio.obj (.const)
                  00004a98    0000001c     ustdlib.obj (.const)
                  00004ab4    00000012     uartstdio.obj (.const:.string)
                  00004ac6    00000002     --HOLE-- [fill = 0]
                  00004ac8    00000012     ustdlib.obj (.const:.string)

.cinit     0    00004ae0    000000a0     
                  00004ae0    0000007a     (.cinit..data.load) [load image, compression = rle]
                  00004b5a    00000002     --HOLE-- [fill = 0]
                  00004b5c    0000000c     (__TI_handler_table)
                  00004b68    00000008     (.cinit..bss.load) [load image, compression = zero_init]
                  00004b70    00000010     (__TI_cinit_table)

.stack     0    20000000    00000200     UNINITIALIZED
                  20000000    00000200     --HOLE--

.data      0    20000200    00000108     UNINITIALIZED
                  20000200    00000068     rtsv7M4_T_le_v4SPD16_eabi.lib : xfvalues.obj (.data)
                  20000268    00000064     main.obj (.data:g_psSchedulerTable)
                  200002cc    00000018     lcd.obj (.data)
                  200002e4    00000008     rtsv7M4_T_le_v4SPD16_eabi.lib : _lock.obj (.data)
                  200002ec    00000008                                   : exit.obj (.data)
                  200002f4    00000005     uartstdio.obj (.data)
                  200002f9    00000003     --HOLE--
                  200002fc    00000004     main.obj (.data)
                  20000300    00000004     rtsv7M4_T_le_v4SPD16_eabi.lib : stkdepth_vars.obj (.data)
                  20000304    00000004     ustdlib.obj (.data)

.bss       0    20000308    000000b0     UNINITIALIZED
                  20000308    00000030     main.obj (.bss:pid$5)
                  20000338    00000024     main.obj (.bss:imu_raw)
                  2000035c    00000020     (.common:imu_filtered)
                  2000037c    00000018     (.common:imu_offset)
                  20000394    0000000a     (.common:quad_control)
                  2000039e    00000001     (.common:lastState$1)
                  2000039f    00000001     --HOLE--
                  200003a0    00000008     (.common:main_state)
                  200003a8    00000004     (.common:g_ui32SchedulerTickCount)
                  200003ac    00000004     (.common:lastAltitude$3)
                  200003b0    00000004     (.common:lastAltitude$4)
                  200003b4    00000004     (.common:lastTime$2)


LINKER GENERATED COPY TABLES

__TI_cinit_table @ 00004b70 records: 2, size/record: 8, table size: 16
	.data: load addr=00004ae0, load size=0000007a bytes, run addr=20000200, run size=00000108 bytes, compression=rle
	.bss: load addr=00004b68, load size=00000008 bytes, run addr=20000308, run size=000000b0 bytes, compression=zero_init


LINKER GENERATED HANDLER TABLE

__TI_handler_table @ 00004b5c records: 3, size/record: 4, table size: 12
	index: 0, handler: __TI_decompress_rle24
	index: 1, handler: __TI_decompress_none
	index: 2, handler: __TI_zero_init


GLOBAL SYMBOLS: SORTED ALPHABETICALLY BY Name 

address    name
--------   ----
00003a0d   ADXL345GetDataRate
00003903   ADXL345GetDeviceID
000039e1   ADXL345GetRange
00003915   ADXL345GetX
00003939   ADXL345GetY
0000395d   ADXL345GetZ
00003981   ADXL345Init
000039f5   ADXL345SetDataRate
00003995   ADXL345SetRange
00000739   AltitudeUpdate
00001221   ArmDisarm
000042ed   C$$EXIT
00004653   CPUcpsie
0000026d   ClockInit
000005fd   ControlStateUpdate
00000825   DirectionUpdate
00004615   FPUEnable
00000277   FPUInit
00004625   FPULazyStackingEnable
000044c9   GPIODirModeSet
000037d3   GPIOPadConfigSet
000041d1   GPIOPinConfigure
000046d5   GPIOPinRead
000045a9   GPIOPinTypeGPIOInput
00004511   GPIOPinTypeGPIOOutput
000045bb   GPIOPinTypeI2C
000045cd   GPIOPinTypeI2CSCL
000045df   GPIOPinTypeSSI
000045f1   GPIOPinTypeUART
000046db   GPIOPinWrite
000040bd   HMC5883LGetX
000040e1   HMC5883LGetY
00004105   HMC5883LGetZ
0000409d   HMC5883LInit
00002f89   I2CInit
000046bd   I2CMasterBusy
000046f3   I2CMasterControl
000046f7   I2CMasterDataGet
000046fb   I2CMasterDataPut
00004677   I2CMasterEnable
00004541   I2CMasterErr
00004219   I2CMasterInitExpClk
000046c5   I2CMasterSlaveAddrSet
000031c5   I2CReadMultiple
000030a1   I2CReadSingle
000032d9   I2CWriteMultiple
00003125   I2CWriteSingle
00000a81   IMUCalibrate
00000b25   IMUFilter
00000f19   IMUUpdate
00003ea1   ITG3200GetTemp
00003e35   ITG3200GetX
00003e59   ITG3200GetY
00003e7d   ITG3200GetZ
00003dfd   ITG3200Init
00004681   IntMasterEnable
00002411   LCDClearScreen
000004ad   LCDCommInit
0000253d   LCDDrawChar
00002847   LCDDrawFastHLine
000027f5   LCDDrawFastVLine
00002993   LCDDrawHSlider
0000268d   LCDDrawLine
0000245b   LCDDrawPixel
00002899   LCDDrawRectangle
00002905   LCDDrawRectangleFilled
0000248f   LCDDrawString
000024d1   LCDDrawStringCentered
0000213f   LCDInit
000020b3   LCDSetArea
000023a9   LCDSetColor
000023c7   LCDSetColorBg
000023e5   LCDSetColorSlider
00001051   LCDUpdate
00002061   LCDWrite
00000283   LaunchpadInit
000011e5   PacketSend
0000466b   ResetISR
UNDEFED    SHT$$INIT_ARRAY$$Base
UNDEFED    SHT$$INIT_ARRAY$$Limit
000046cd   SSIBusy
00004331   SSIConfigSetExpClk
0000468b   SSIDataPut
00004695   SSIEnable
00003661   SchedulerElapsedTicksCalc
00003651   SchedulerElapsedTicksGet
0000355b   SchedulerInit
00003577   SchedulerRun
00003551   SchedulerSysTickIntHandler
00003629   SchedulerTaskDisable
000035d1   SchedulerTaskEnable
0000364b   SchedulerTickCountGet
00003a21   SysCtlClockGet
00003c35   SysCtlClockSet
000046e1   SysCtlDelay
0000442d   SysCtlPeripheralEnable
00004461   SysCtlPeripheralPresent
00004559   SysTickEnable
0000456d   SysTickIntEnable
00004635   SysTickPeriodSet
0000125d   TimeUpdate
0000469f   UARTCharGet
000046a9   UARTCharPut
0000465f   UARTCharsAvail
000046e7   UARTClockSourceSet
000002fb   UARTCommInit
000043b5   UARTConfigSetExpClk
000044f5   UARTDisable
00004581   UARTEnable
000046b3   UARTFIFODisable
00002aed   UARTStdioConfig
000002bf   UARTStdioInit
00000341   UARTStringPut
00002c33   UARTgetc
00002b79   UARTgets
00002f53   UARTprintf
00002c59   UARTvprintf
00002b33   UARTwrite
0000054d   VibrationUpdate
00000521   VibratorInit
0000036b   XbeeInit
00003ec5   _FAtan
20000200   _FDenorm
00004495   _FDtest
20000210   _FEps
20000220   _FInf
20000230   _FNan
20000250   _FRteps
20000240   _FSnan
20000260   _FXbig
20000264   _FZero
20000200   __STACK_END
00000200   __STACK_SIZE
20000200   __STACK_TOP
00004b70   __TI_CINIT_Base
00004b80   __TI_CINIT_Limit
00004b5c   __TI_Handler_Table_Base
00004b68   __TI_Handler_Table_Limit
00000001   __TI_args_main
00004009   __TI_auto_init
200002ec   __TI_cleanup_ptr
00004645   __TI_decompress_none
000046ed   __TI_decompress_rle24
200002f0   __TI_dtors_ptr
00000000   __TI_static_base__
00004603   __TI_zero_init
00004187   __aeabi_d2f
000033a3   __aeabi_dadd
0000369d   __aeabi_ddiv
00003b39   __aeabi_dmul
00003399   __aeabi_dsub
000043f5   __aeabi_f2d
00003f6d   __aeabi_memcpy
00003f6d   __aeabi_memcpy4
00003f6d   __aeabi_memcpy8
00004373   __aeabi_uidivmod
ffffffff   __binit__
ffffffff   __c_args__
20000000   __stack
00004529   _args_main
00004261   _c_int00
200002e4   _lock
000045a3   _nop
0000459b   _register_lock
00004595   _register_unlock
200002e8   _unlock
000042f1   abort
00003d25   atan2f
ffffffff   binit
200002ce   color_high_
200002cc   color_low_
200002d6   colorbg_high_
200002d4   colorbg_low_
200002d2   colors_high_
200002d0   colors_low_
000042a9   copy_in
000042f9   exit
00004700   font_5x7
00000000   g_pfnVectors
20000268   g_psSchedulerTable
200002fc   g_ui32SchedulerNumTasks
200002e0   graph_curx_
200002e2   graph_cury_
200002dc   graph_sizex_
200002de   graph_sizey_
200002d8   graph_x_
200002da   graph_y_
2000035c   imu_filtered
2000037c   imu_offset
20000338   imu_raw
000012a5   main
20000300   main_func_sp
200003a0   main_state
00003f6d   memcpy
20000394   quad_control
000018c1   ulocaltime
00001abf   umktime
00002039   urand
00001891   usnprintf
0000185f   usprintf
00002029   usrand
00001fa1   ustrcasecmp
00002015   ustrcmp
00001ea5   ustrlen
00001efd   ustrncasecmp
00001fb5   ustrncmp
000013dd   ustrncpy
00001ec7   ustrstr
00001c6d   ustrtof
00001b35   ustrtoul
00001435   uvsnprintf


GLOBAL SYMBOLS: SORTED BY Symbol Address 

address    name
--------   ----
00000000   __TI_static_base__
00000000   g_pfnVectors
00000001   __TI_args_main
00000200   __STACK_SIZE
0000026d   ClockInit
00000277   FPUInit
00000283   LaunchpadInit
000002bf   UARTStdioInit
000002fb   UARTCommInit
00000341   UARTStringPut
0000036b   XbeeInit
000004ad   LCDCommInit
00000521   VibratorInit
0000054d   VibrationUpdate
000005fd   ControlStateUpdate
00000739   AltitudeUpdate
00000825   DirectionUpdate
00000a81   IMUCalibrate
00000b25   IMUFilter
00000f19   IMUUpdate
00001051   LCDUpdate
000011e5   PacketSend
00001221   ArmDisarm
0000125d   TimeUpdate
000012a5   main
000013dd   ustrncpy
00001435   uvsnprintf
0000185f   usprintf
00001891   usnprintf
000018c1   ulocaltime
00001abf   umktime
00001b35   ustrtoul
00001c6d   ustrtof
00001ea5   ustrlen
00001ec7   ustrstr
00001efd   ustrncasecmp
00001fa1   ustrcasecmp
00001fb5   ustrncmp
00002015   ustrcmp
00002029   usrand
00002039   urand
00002061   LCDWrite
000020b3   LCDSetArea
0000213f   LCDInit
000023a9   LCDSetColor
000023c7   LCDSetColorBg
000023e5   LCDSetColorSlider
00002411   LCDClearScreen
0000245b   LCDDrawPixel
0000248f   LCDDrawString
000024d1   LCDDrawStringCentered
0000253d   LCDDrawChar
0000268d   LCDDrawLine
000027f5   LCDDrawFastVLine
00002847   LCDDrawFastHLine
00002899   LCDDrawRectangle
00002905   LCDDrawRectangleFilled
00002993   LCDDrawHSlider
00002aed   UARTStdioConfig
00002b33   UARTwrite
00002b79   UARTgets
00002c33   UARTgetc
00002c59   UARTvprintf
00002f53   UARTprintf
00002f89   I2CInit
000030a1   I2CReadSingle
00003125   I2CWriteSingle
000031c5   I2CReadMultiple
000032d9   I2CWriteMultiple
00003399   __aeabi_dsub
000033a3   __aeabi_dadd
00003551   SchedulerSysTickIntHandler
0000355b   SchedulerInit
00003577   SchedulerRun
000035d1   SchedulerTaskEnable
00003629   SchedulerTaskDisable
0000364b   SchedulerTickCountGet
00003651   SchedulerElapsedTicksGet
00003661   SchedulerElapsedTicksCalc
0000369d   __aeabi_ddiv
000037d3   GPIOPadConfigSet
00003903   ADXL345GetDeviceID
00003915   ADXL345GetX
00003939   ADXL345GetY
0000395d   ADXL345GetZ
00003981   ADXL345Init
00003995   ADXL345SetRange
000039e1   ADXL345GetRange
000039f5   ADXL345SetDataRate
00003a0d   ADXL345GetDataRate
00003a21   SysCtlClockGet
00003b39   __aeabi_dmul
00003c35   SysCtlClockSet
00003d25   atan2f
00003dfd   ITG3200Init
00003e35   ITG3200GetX
00003e59   ITG3200GetY
00003e7d   ITG3200GetZ
00003ea1   ITG3200GetTemp
00003ec5   _FAtan
00003f6d   __aeabi_memcpy
00003f6d   __aeabi_memcpy4
00003f6d   __aeabi_memcpy8
00003f6d   memcpy
00004009   __TI_auto_init
0000409d   HMC5883LInit
000040bd   HMC5883LGetX
000040e1   HMC5883LGetY
00004105   HMC5883LGetZ
00004187   __aeabi_d2f
000041d1   GPIOPinConfigure
00004219   I2CMasterInitExpClk
00004261   _c_int00
000042a9   copy_in
000042ed   C$$EXIT
000042f1   abort
000042f9   exit
00004331   SSIConfigSetExpClk
00004373   __aeabi_uidivmod
000043b5   UARTConfigSetExpClk
000043f5   __aeabi_f2d
0000442d   SysCtlPeripheralEnable
00004461   SysCtlPeripheralPresent
00004495   _FDtest
000044c9   GPIODirModeSet
000044f5   UARTDisable
00004511   GPIOPinTypeGPIOOutput
00004529   _args_main
00004541   I2CMasterErr
00004559   SysTickEnable
0000456d   SysTickIntEnable
00004581   UARTEnable
00004595   _register_unlock
0000459b   _register_lock
000045a3   _nop
000045a9   GPIOPinTypeGPIOInput
000045bb   GPIOPinTypeI2C
000045cd   GPIOPinTypeI2CSCL
000045df   GPIOPinTypeSSI
000045f1   GPIOPinTypeUART
00004603   __TI_zero_init
00004615   FPUEnable
00004625   FPULazyStackingEnable
00004635   SysTickPeriodSet
00004645   __TI_decompress_none
00004653   CPUcpsie
0000465f   UARTCharsAvail
0000466b   ResetISR
00004677   I2CMasterEnable
00004681   IntMasterEnable
0000468b   SSIDataPut
00004695   SSIEnable
0000469f   UARTCharGet
000046a9   UARTCharPut
000046b3   UARTFIFODisable
000046bd   I2CMasterBusy
000046c5   I2CMasterSlaveAddrSet
000046cd   SSIBusy
000046d5   GPIOPinRead
000046db   GPIOPinWrite
000046e1   SysCtlDelay
000046e7   UARTClockSourceSet
000046ed   __TI_decompress_rle24
000046f3   I2CMasterControl
000046f7   I2CMasterDataGet
000046fb   I2CMasterDataPut
00004700   font_5x7
00004b5c   __TI_Handler_Table_Base
00004b68   __TI_Handler_Table_Limit
00004b70   __TI_CINIT_Base
00004b80   __TI_CINIT_Limit
20000000   __stack
20000200   _FDenorm
20000200   __STACK_END
20000200   __STACK_TOP
20000210   _FEps
20000220   _FInf
20000230   _FNan
20000240   _FSnan
20000250   _FRteps
20000260   _FXbig
20000264   _FZero
20000268   g_psSchedulerTable
200002cc   color_low_
200002ce   color_high_
200002d0   colors_low_
200002d2   colors_high_
200002d4   colorbg_low_
200002d6   colorbg_high_
200002d8   graph_x_
200002da   graph_y_
200002dc   graph_sizex_
200002de   graph_sizey_
200002e0   graph_curx_
200002e2   graph_cury_
200002e4   _lock
200002e8   _unlock
200002ec   __TI_cleanup_ptr
200002f0   __TI_dtors_ptr
200002fc   g_ui32SchedulerNumTasks
20000300   main_func_sp
20000338   imu_raw
2000035c   imu_filtered
2000037c   imu_offset
20000394   quad_control
200003a0   main_state
ffffffff   __binit__
ffffffff   __c_args__
ffffffff   binit
UNDEFED    SHT$$INIT_ARRAY$$Base
UNDEFED    SHT$$INIT_ARRAY$$Limit

[211 symbols]
